<html>
<body>
<pre>
<h1>µVision Build Log</h1>
<h2>Tool Versions:</h2>
IDE-Version: ¦ÌVision V5.37.0.0
Copyright (C) 2022 ARM Ltd and ARM Germany GmbH. All rights reserved.
License Information: C beloved, HP Inc., LIC=FYKYW-QLGQS-EVV1R-K965J-M63JI-IZQ57
 
Tool Versions:
Toolchain:       MDK-ARM Plus  Version: 5.37.0.0
Toolchain Path:  D:\Software\keil\core\ARM\ARMCLANG\Bin
C Compiler:      ArmClang.exe V6.18
Assembler:       Armasm.exe V6.18
Linker/Locator:  ArmLink.exe V6.18
Library Manager: ArmAr.exe V6.18
Hex Converter:   FromElf.exe V6.18
CPU DLL:         SARMCM3.DLL V5.37.0.0
Dialog DLL:      DCM.DLL V1.17.5.0
Target DLL:      Segger\JL2CM3.dll V2.99.18.0
Dialog DLL:      TCM.DLL V1.56.1.0
 
<h2>Project:</h2>
E:\pragma_data\keil\wheelfoot\PRO\template.uvprojx
Project File Date:  11/17/2023

<h2>Output:</h2>
*** Using Compiler 'V6.18', folder: 'D:\Software\keil\core\ARM\ARMCLANG\Bin'
Rebuild target 'PROJECT'
compiling task.c...
compiling vector.c...
compiling irqhandler.c...
compiling main.c...
compiling robotparam.c...
compiling datastruct.c...
compiling djmotor.c...
compiling vesc.c...
compiling queue.c...
compiling robot.c...
compiling tmotor.c...
compiling mymath.c...
compiling yesense.c...
compiling zdrive.c...
compiling pid.c...
compiling leg.c...
compiling delay.c...
compiling beep.c...
compiling led8.c...
compiling led.c...
compiling can.c...
compiling tim.c...
compiling usart.c...
compiling misc.c...
compiling stm32f4xx_exti.c...
compiling stm32f4xx_dma.c...
compiling stm32f4xx_adc.c...
compiling stm32f4xx_can.c...
compiling stm32f4xx_it.c...
compiling stm32f4xx_gpio.c...
compiling stm32f4xx_flash.c...
assembling startup_stm32f4xx.s...
compiling stm32f4xx_syscfg.c...
compiling stm32f4xx_rcc.c...
compiling system_stm32f4xx.c...
compiling stm32f4xx_usart.c...
compiling stm32f4xx_spi.c...
compiling os_flag.c...
compiling os_mem.c...
compiling stm32f4xx_rtc.c...
compiling os_mbox.c...
assembling os_cpu_a.asm...
compiling os_core.c...
compiling stm32f4xx_tim.c...
compiling os_mutex.c...
compiling os_sem.c...
compiling os_tmr.c...
compiling os_time.c...
compiling os_q.c...
compiling os_task.c...
compiling os_dbg.c...
compiling os_cpu_c.c...
linking...
Program Size: Code=3430 RO-data=682 RW-data=100 ZI-data=45516  
".\Objects\template.axf" - 0 Error(s), 0 Warning(s).

<h2>Software Packages used:</h2>

Package Vendor: Keil
                http://www.keil.com/pack/Keil.STM32F4xx_DFP.1.0.5.pack
                Keil.STM32F4xx_DFP.1.0.5
                STMicroelectronics STM32F4 Series Device Support, Drivers and Examples

<h2>Collection of Component include folders:</h2>
  D:/Software/keil/pack/Keil/STM32F4xx_DFP/1.0.5/Device/Include

<h2>Collection of Component Files used:</h2>
Build Time Elapsed:  00:00:01
</pre>
</body>
</html>
