Component: Arm Compiler for Embedded 6.18 Tool: armlink [5e4cc100]

==============================================================================

Section Cross References

    main.o(.ARM.exidx.text.main) refers to main.o(.text.main) for [Anonymous Symbol]
    delay.o(.ARM.exidx.text.delay_ms) refers to delay.o(.text.delay_ms) for [Anonymous Symbol]
    delay.o(.ARM.exidx.text.delay_us) refers to delay.o(.text.delay_us) for [Anonymous Symbol]
    delay.o(.ARM.exidx.text.delay) refers to delay.o(.text.delay) for [Anonymous Symbol]
    misc.o(.ARM.exidx.text.NVIC_PriorityGroupConfig) refers to misc.o(.text.NVIC_PriorityGroupConfig) for [Anonymous Symbol]
    misc.o(.ARM.exidx.text.NVIC_Init) refers to misc.o(.text.NVIC_Init) for [Anonymous Symbol]
    misc.o(.ARM.exidx.text.NVIC_SetVectorTable) refers to misc.o(.text.NVIC_SetVectorTable) for [Anonymous Symbol]
    misc.o(.ARM.exidx.text.NVIC_SystemLPConfig) refers to misc.o(.text.NVIC_SystemLPConfig) for [Anonymous Symbol]
    misc.o(.ARM.exidx.text.SysTick_CLKSourceConfig) refers to misc.o(.text.SysTick_CLKSourceConfig) for [Anonymous Symbol]
    stm32f4xx_adc.o(.text.ADC_DeInit) refers to stm32f4xx_rcc.o(.text.RCC_APB2PeriphResetCmd) for RCC_APB2PeriphResetCmd
    stm32f4xx_adc.o(.ARM.exidx.text.ADC_DeInit) refers to stm32f4xx_adc.o(.text.ADC_DeInit) for [Anonymous Symbol]
    stm32f4xx_adc.o(.ARM.exidx.text.ADC_Init) refers to stm32f4xx_adc.o(.text.ADC_Init) for [Anonymous Symbol]
    stm32f4xx_adc.o(.ARM.exidx.text.ADC_StructInit) refers to stm32f4xx_adc.o(.text.ADC_StructInit) for [Anonymous Symbol]
    stm32f4xx_adc.o(.ARM.exidx.text.ADC_CommonInit) refers to stm32f4xx_adc.o(.text.ADC_CommonInit) for [Anonymous Symbol]
    stm32f4xx_adc.o(.ARM.exidx.text.ADC_CommonStructInit) refers to stm32f4xx_adc.o(.text.ADC_CommonStructInit) for [Anonymous Symbol]
    stm32f4xx_adc.o(.ARM.exidx.text.ADC_Cmd) refers to stm32f4xx_adc.o(.text.ADC_Cmd) for [Anonymous Symbol]
    stm32f4xx_adc.o(.ARM.exidx.text.ADC_AnalogWatchdogCmd) refers to stm32f4xx_adc.o(.text.ADC_AnalogWatchdogCmd) for [Anonymous Symbol]
    stm32f4xx_adc.o(.ARM.exidx.text.ADC_AnalogWatchdogThresholdsConfig) refers to stm32f4xx_adc.o(.text.ADC_AnalogWatchdogThresholdsConfig) for [Anonymous Symbol]
    stm32f4xx_adc.o(.ARM.exidx.text.ADC_AnalogWatchdogSingleChannelConfig) refers to stm32f4xx_adc.o(.text.ADC_AnalogWatchdogSingleChannelConfig) for [Anonymous Symbol]
    stm32f4xx_adc.o(.ARM.exidx.text.ADC_TempSensorVrefintCmd) refers to stm32f4xx_adc.o(.text.ADC_TempSensorVrefintCmd) for [Anonymous Symbol]
    stm32f4xx_adc.o(.ARM.exidx.text.ADC_VBATCmd) refers to stm32f4xx_adc.o(.text.ADC_VBATCmd) for [Anonymous Symbol]
    stm32f4xx_adc.o(.text.ADC_RegularChannelConfig) refers to stm32f4xx_adc.o(.text.OUTLINED_FUNCTION_0) for OUTLINED_FUNCTION_0
    stm32f4xx_adc.o(.ARM.exidx.text.ADC_RegularChannelConfig) refers to stm32f4xx_adc.o(.text.ADC_RegularChannelConfig) for [Anonymous Symbol]
    stm32f4xx_adc.o(.ARM.exidx.text.ADC_SoftwareStartConv) refers to stm32f4xx_adc.o(.text.ADC_SoftwareStartConv) for [Anonymous Symbol]
    stm32f4xx_adc.o(.ARM.exidx.text.ADC_GetSoftwareStartConvStatus) refers to stm32f4xx_adc.o(.text.ADC_GetSoftwareStartConvStatus) for [Anonymous Symbol]
    stm32f4xx_adc.o(.ARM.exidx.text.ADC_EOCOnEachRegularChannelCmd) refers to stm32f4xx_adc.o(.text.ADC_EOCOnEachRegularChannelCmd) for [Anonymous Symbol]
    stm32f4xx_adc.o(.ARM.exidx.text.ADC_ContinuousModeCmd) refers to stm32f4xx_adc.o(.text.ADC_ContinuousModeCmd) for [Anonymous Symbol]
    stm32f4xx_adc.o(.ARM.exidx.text.ADC_DiscModeChannelCountConfig) refers to stm32f4xx_adc.o(.text.ADC_DiscModeChannelCountConfig) for [Anonymous Symbol]
    stm32f4xx_adc.o(.ARM.exidx.text.ADC_DiscModeCmd) refers to stm32f4xx_adc.o(.text.ADC_DiscModeCmd) for [Anonymous Symbol]
    stm32f4xx_adc.o(.ARM.exidx.text.ADC_GetConversionValue) refers to stm32f4xx_adc.o(.text.ADC_GetConversionValue) for [Anonymous Symbol]
    stm32f4xx_adc.o(.ARM.exidx.text.ADC_GetMultiModeConversionValue) refers to stm32f4xx_adc.o(.text.ADC_GetMultiModeConversionValue) for [Anonymous Symbol]
    stm32f4xx_adc.o(.ARM.exidx.text.ADC_DMACmd) refers to stm32f4xx_adc.o(.text.ADC_DMACmd) for [Anonymous Symbol]
    stm32f4xx_adc.o(.ARM.exidx.text.ADC_DMARequestAfterLastTransferCmd) refers to stm32f4xx_adc.o(.text.ADC_DMARequestAfterLastTransferCmd) for [Anonymous Symbol]
    stm32f4xx_adc.o(.ARM.exidx.text.ADC_MultiModeDMARequestAfterLastTransferCmd) refers to stm32f4xx_adc.o(.text.ADC_MultiModeDMARequestAfterLastTransferCmd) for [Anonymous Symbol]
    stm32f4xx_adc.o(.text.ADC_InjectedChannelConfig) refers to stm32f4xx_adc.o(.text.OUTLINED_FUNCTION_0) for OUTLINED_FUNCTION_0
    stm32f4xx_adc.o(.ARM.exidx.text.ADC_InjectedChannelConfig) refers to stm32f4xx_adc.o(.text.ADC_InjectedChannelConfig) for [Anonymous Symbol]
[...]
    Removing stm32f4xx_tim.o(.ARM.exidx.text.TIM_OC4Init), (8 bytes).
    Removing stm32f4xx_tim.o(.text.TIM_OCStructInit), (14 bytes).
    Removing stm32f4xx_tim.o(.ARM.exidx.text.TIM_OCStructInit), (8 bytes).
    Removing stm32f4xx_tim.o(.text.TIM_SelectOCxM), (70 bytes).
    Removing stm32f4xx_tim.o(.ARM.exidx.text.TIM_SelectOCxM), (8 bytes).
    Removing stm32f4xx_tim.o(.text.TIM_SetCompare1), (4 bytes).
    Removing stm32f4xx_tim.o(.ARM.exidx.text.TIM_SetCompare1), (8 bytes).
    Removing stm32f4xx_tim.o(.text.TIM_SetCompare2), (4 bytes).
    Removing stm32f4xx_tim.o(.ARM.exidx.text.TIM_SetCompare2), (8 bytes).
    Removing stm32f4xx_tim.o(.text.TIM_SetCompare3), (4 bytes).
    Removing stm32f4xx_tim.o(.ARM.exidx.text.TIM_SetCompare3), (8 bytes).
    Removing stm32f4xx_tim.o(.text.TIM_SetCompare4), (4 bytes).
    Removing stm32f4xx_tim.o(.ARM.exidx.text.TIM_SetCompare4), (8 bytes).
    Removing stm32f4xx_tim.o(.text.TIM_ForcedOC1Config), (10 bytes).
    Removing stm32f4xx_tim.o(.ARM.exidx.text.TIM_ForcedOC1Config), (8 bytes).
    Removing stm32f4xx_tim.o(.text.TIM_ForcedOC2Config), (10 bytes).
    Removing stm32f4xx_tim.o(.ARM.exidx.text.TIM_ForcedOC2Config), (8 bytes).
    Removing stm32f4xx_tim.o(.text.TIM_ForcedOC3Config), (10 bytes).
    Removing stm32f4xx_tim.o(.ARM.exidx.text.TIM_ForcedOC3Config), (8 bytes).
    Removing stm32f4xx_tim.o(.text.TIM_ForcedOC4Config), (10 bytes).
    Removing stm32f4xx_tim.o(.ARM.exidx.text.TIM_ForcedOC4Config), (8 bytes).
    Removing stm32f4xx_tim.o(.text.TIM_OC1PreloadConfig), (10 bytes).
    Removing stm32f4xx_tim.o(.ARM.exidx.text.TIM_OC1PreloadConfig), (8 bytes).
    Removing stm32f4xx_tim.o(.text.TIM_OC2PreloadConfig), (10 bytes).
    Removing stm32f4xx_tim.o(.ARM.exidx.text.TIM_OC2PreloadConfig), (8 bytes).
    Removing stm32f4xx_tim.o(.text.TIM_OC3PreloadConfig), (10 bytes).
    Removing stm32f4xx_tim.o(.ARM.exidx.text.TIM_OC3PreloadConfig), (8 bytes).
    Removing stm32f4xx_tim.o(.text.TIM_OC4PreloadConfig), (10 bytes).
    Removing stm32f4xx_tim.o(.ARM.exidx.text.TIM_OC4PreloadConfig), (8 bytes).
    Removing stm32f4xx_tim.o(.text.TIM_OC1FastConfig), (10 bytes).
    Removing stm32f4xx_tim.o(.ARM.exidx.text.TIM_OC1FastConfig), (8 bytes).
    Removing stm32f4xx_tim.o(.text.TIM_OC2FastConfig), (10 bytes).
    Removing stm32f4xx_tim.o(.ARM.exidx.text.TIM_OC2FastConfig), (8 bytes).
    Removing stm32f4xx_tim.o(.text.TIM_OC3FastConfig), (10 bytes).
    Removing stm32f4xx_tim.o(.ARM.exidx.text.TIM_OC3FastConfig), (8 bytes).
    Removing stm32f4xx_tim.o(.text.TIM_OC4FastConfig), (10 bytes).
    Removing stm32f4xx_tim.o(.ARM.exidx.text.TIM_OC4FastConfig), (8 bytes).
    Removing stm32f4xx_tim.o(.text.TIM_ClearOC1Ref), (10 bytes).
    Removing stm32f4xx_tim.o(.ARM.exidx.text.TIM_ClearOC1Ref), (8 bytes).
    Removing stm32f4xx_tim.o(.text.TIM_ClearOC2Ref), (10 bytes).
    Removing stm32f4xx_tim.o(.ARM.exidx.text.TIM_ClearOC2Ref), (8 bytes).
    Removing stm32f4xx_tim.o(.text.TIM_ClearOC3Ref), (10 bytes).
    Removing stm32f4xx_tim.o(.ARM.exidx.text.TIM_ClearOC3Ref), (8 bytes).
    Removing stm32f4xx_tim.o(.text.TIM_ClearOC4Ref), (10 bytes).
    Removing stm32f4xx_tim.o(.ARM.exidx.text.TIM_ClearOC4Ref), (8 bytes).
    Removing stm32f4xx_tim.o(.text.TIM_OC1PolarityConfig), (12 bytes).
    Removing stm32f4xx_tim.o(.ARM.exidx.text.TIM_OC1PolarityConfig), (8 bytes).
    Removing stm32f4xx_tim.o(.text.TIM_OC1NPolarityConfig), (12 bytes).
    Removing stm32f4xx_tim.o(.ARM.exidx.text.TIM_OC1NPolarityConfig), (8 bytes).
    Removing stm32f4xx_tim.o(.text.TIM_OC2PolarityConfig), (14 bytes).
    Removing stm32f4xx_tim.o(.ARM.exidx.text.TIM_OC2PolarityConfig), (8 bytes).
    Removing stm32f4xx_tim.o(.text.TIM_OC2NPolarityConfig), (14 bytes).
    Removing stm32f4xx_tim.o(.ARM.exidx.text.TIM_OC2NPolarityConfig), (8 bytes).
    Removing stm32f4xx_tim.o(.text.TIM_OC3PolarityConfig), (14 bytes).
    Removing stm32f4xx_tim.o(.ARM.exidx.text.TIM_OC3PolarityConfig), (8 bytes).
    Removing stm32f4xx_tim.o(.text.TIM_OC3NPolarityConfig), (14 bytes).
    Removing stm32f4xx_tim.o(.ARM.exidx.text.TIM_OC3NPolarityConfig), (8 bytes).
    Removing stm32f4xx_tim.o(.text.TIM_OC4PolarityConfig), (14 bytes).
    Removing stm32f4xx_tim.o(.ARM.exidx.text.TIM_OC4PolarityConfig), (8 bytes).
    Removing stm32f4xx_tim.o(.text.TIM_CCxCmd), (8 bytes).
    Removing stm32f4xx_tim.o(.ARM.exidx.text.TIM_CCxCmd), (8 bytes).
    Removing stm32f4xx_tim.o(.text.TIM_CCxNCmd), (8 bytes).
    Removing stm32f4xx_tim.o(.ARM.exidx.text.TIM_CCxNCmd), (8 bytes).
    Removing stm32f4xx_tim.o(.text.TIM_ICInit), (208 bytes).
    Removing stm32f4xx_tim.o(.ARM.exidx.text.TIM_ICInit), (8 bytes).
    Removing stm32f4xx_tim.o(.text.TI1_Config), (40 bytes).
    Removing stm32f4xx_tim.o(.ARM.exidx.text.TI1_Config), (8 bytes).
    Removing stm32f4xx_tim.o(.text.TIM_SetIC1Prescaler), (14 bytes).
    Removing stm32f4xx_tim.o(.ARM.exidx.text.TIM_SetIC1Prescaler), (8 bytes).
    Removing stm32f4xx_tim.o(.text.TI2_Config), (46 bytes).
    Removing stm32f4xx_tim.o(.ARM.exidx.text.TI2_Config), (8 bytes).
    Removing stm32f4xx_tim.o(.text.TIM_SetIC2Prescaler), (14 bytes).
    Removing stm32f4xx_tim.o(.ARM.exidx.text.TIM_SetIC2Prescaler), (8 bytes).
    Removing stm32f4xx_tim.o(.text.TIM_SetIC3Prescaler), (14 bytes).
    Removing stm32f4xx_tim.o(.ARM.exidx.text.TIM_SetIC3Prescaler), (8 bytes).
    Removing stm32f4xx_tim.o(.text.TIM_SetIC4Prescaler), (14 bytes).
    Removing stm32f4xx_tim.o(.ARM.exidx.text.TIM_SetIC4Prescaler), (8 bytes).
    Removing stm32f4xx_tim.o(.text.TIM_ICStructInit), (12 bytes).
    Removing stm32f4xx_tim.o(.ARM.exidx.text.TIM_ICStructInit), (8 bytes).
    Removing stm32f4xx_tim.o(.text.TIM_PWMIConfig), (148 bytes).
    Removing stm32f4xx_tim.o(.ARM.exidx.text.TIM_PWMIConfig), (8 bytes).
    Removing stm32f4xx_tim.o(.text.TIM_GetCapture1), (4 bytes).
    Removing stm32f4xx_tim.o(.ARM.exidx.text.TIM_GetCapture1), (8 bytes).
    Removing stm32f4xx_tim.o(.text.TIM_GetCapture2), (4 bytes).
    Removing stm32f4xx_tim.o(.ARM.exidx.text.TIM_GetCapture2), (8 bytes).
    Removing stm32f4xx_tim.o(.text.TIM_GetCapture3), (4 bytes).
    Removing stm32f4xx_tim.o(.ARM.exidx.text.TIM_GetCapture3), (8 bytes).
    Removing stm32f4xx_tim.o(.text.TIM_GetCapture4), (4 bytes).
    Removing stm32f4xx_tim.o(.ARM.exidx.text.TIM_GetCapture4), (8 bytes).
    Removing stm32f4xx_tim.o(.text.TIM_BDTRConfig), (32 bytes).
    Removing stm32f4xx_tim.o(.ARM.exidx.text.TIM_BDTRConfig), (8 bytes).
    Removing stm32f4xx_tim.o(.text.TIM_BDTRStructInit), (12 bytes).
    Removing stm32f4xx_tim.o(.ARM.exidx.text.TIM_BDTRStructInit), (8 bytes).
    Removing stm32f4xx_tim.o(.text.TIM_CtrlPWMOutputs), (24 bytes).
    Removing stm32f4xx_tim.o(.ARM.exidx.text.TIM_CtrlPWMOutputs), (8 bytes).
    Removing stm32f4xx_tim.o(.text.TIM_SelectCOM), (20 bytes).
    Removing stm32f4xx_tim.o(.ARM.exidx.text.TIM_SelectCOM), (8 bytes).
    Removing stm32f4xx_tim.o(.text.TIM_CCPreloadControl), (18 bytes).
    Removing stm32f4xx_tim.o(.ARM.exidx.text.TIM_CCPreloadControl), (8 bytes).
    Removing stm32f4xx_tim.o(.text.TIM_ITConfig), (16 bytes).
    Removing stm32f4xx_tim.o(.ARM.exidx.text.TIM_ITConfig), (8 bytes).
    Removing stm32f4xx_tim.o(.text.TIM_GenerateEvent), (4 bytes).
    Removing stm32f4xx_tim.o(.ARM.exidx.text.TIM_GenerateEvent), (8 bytes).
    Removing stm32f4xx_tim.o(.text.TIM_GetFlagStatus), (10 bytes).
    Removing stm32f4xx_tim.o(.ARM.exidx.text.TIM_GetFlagStatus), (8 bytes).
    Removing stm32f4xx_tim.o(.text.TIM_ClearFlag), (6 bytes).
    Removing stm32f4xx_tim.o(.ARM.exidx.text.TIM_ClearFlag), (8 bytes).
    Removing stm32f4xx_tim.o(.text.TIM_GetITStatus), (20 bytes).
    Removing stm32f4xx_tim.o(.ARM.exidx.text.TIM_GetITStatus), (8 bytes).
    Removing stm32f4xx_tim.o(.text.TIM_ClearITPendingBit), (6 bytes).
    Removing stm32f4xx_tim.o(.ARM.exidx.text.TIM_ClearITPendingBit), (8 bytes).
    Removing stm32f4xx_tim.o(.text.TIM_DMAConfig), (8 bytes).
    Removing stm32f4xx_tim.o(.ARM.exidx.text.TIM_DMAConfig), (8 bytes).
    Removing stm32f4xx_tim.o(.text.TIM_DMACmd), (16 bytes).
    Removing stm32f4xx_tim.o(.ARM.exidx.text.TIM_DMACmd), (8 bytes).
    Removing stm32f4xx_tim.o(.text.TIM_SelectCCDMA), (20 bytes).
    Removing stm32f4xx_tim.o(.ARM.exidx.text.TIM_SelectCCDMA), (8 bytes).
    Removing stm32f4xx_tim.o(.text.TIM_InternalClockConfig), (10 bytes).
    Removing stm32f4xx_tim.o(.ARM.exidx.text.TIM_InternalClockConfig), (8 bytes).
    Removing stm32f4xx_tim.o(.text.TIM_ITRxExternalClockConfig), (20 bytes).
    Removing stm32f4xx_tim.o(.ARM.exidx.text.TIM_ITRxExternalClockConfig), (8 bytes).
    Removing stm32f4xx_tim.o(.text.TIM_SelectInputTrigger), (10 bytes).
    Removing stm32f4xx_tim.o(.ARM.exidx.text.TIM_SelectInputTrigger), (8 bytes).
    Removing stm32f4xx_tim.o(.text.TIM_TIxExternalClockConfig), (48 bytes).
    Removing stm32f4xx_tim.o(.ARM.exidx.text.TIM_TIxExternalClockConfig), (8 bytes).
    Removing stm32f4xx_tim.o(.text.TIM_ETRClockMode1Config), (24 bytes).
    Removing stm32f4xx_tim.o(.ARM.exidx.text.TIM_ETRClockMode1Config), (8 bytes).
    Removing stm32f4xx_tim.o(.text.TIM_ETRConfig), (14 bytes).
    Removing stm32f4xx_tim.o(.ARM.exidx.text.TIM_ETRConfig), (8 bytes).
    Removing stm32f4xx_tim.o(.text.TIM_ETRClockMode2Config), (24 bytes).
    Removing stm32f4xx_tim.o(.ARM.exidx.text.TIM_ETRClockMode2Config), (8 bytes).
    Removing stm32f4xx_tim.o(.text.TIM_SelectOutputTrigger), (16 bytes).
    Removing stm32f4xx_tim.o(.ARM.exidx.text.TIM_SelectOutputTrigger), (8 bytes).
    Removing stm32f4xx_tim.o(.text.TIM_SelectSlaveMode), (14 bytes).
    Removing stm32f4xx_tim.o(.ARM.exidx.text.TIM_SelectSlaveMode), (8 bytes).
    Removing stm32f4xx_tim.o(.text.TIM_SelectMasterSlaveMode), (14 bytes).
    Removing stm32f4xx_tim.o(.ARM.exidx.text.TIM_SelectMasterSlaveMode), (8 bytes).
    Removing stm32f4xx_tim.o(.text.TIM_EncoderInterfaceConfig), (42 bytes).
    Removing stm32f4xx_tim.o(.ARM.exidx.text.TIM_EncoderInterfaceConfig), (8 bytes).
    Removing stm32f4xx_tim.o(.text.TIM_SelectHallSensor), (20 bytes).
    Removing stm32f4xx_tim.o(.ARM.exidx.text.TIM_SelectHallSensor), (8 bytes).
    Removing stm32f4xx_tim.o(.text.TIM_RemapConfig), (6 bytes).
    Removing stm32f4xx_tim.o(.ARM.exidx.text.TIM_RemapConfig), (8 bytes).
    Removing stm32f4xx_tim.o(.text.OUTLINED_FUNCTION_0), (22 bytes).
    Removing stm32f4xx_tim.o(.ARM.exidx.text.OUTLINED_FUNCTION_0), (8 bytes).
    Removing stm32f4xx_tim.o(.text.OUTLINED_FUNCTION_1), (8 bytes).
    Removing stm32f4xx_tim.o(.ARM.exidx.text.OUTLINED_FUNCTION_1), (8 bytes).
    Removing stm32f4xx_tim.o(.text.OUTLINED_FUNCTION_2), (8 bytes).
    Removing stm32f4xx_tim.o(.ARM.exidx.text.OUTLINED_FUNCTION_2), (8 bytes).
    Removing stm32f4xx_tim.o(.text.OUTLINED_FUNCTION_3), (6 bytes).
    Removing stm32f4xx_tim.o(.ARM.exidx.text.OUTLINED_FUNCTION_3), (8 bytes).
    Removing stm32f4xx_tim.o(.text.OUTLINED_FUNCTION_4), (6 bytes).
    Removing stm32f4xx_tim.o(.ARM.exidx.text.OUTLINED_FUNCTION_4), (8 bytes).
    Removing stm32f4xx_tim.o(.text.OUTLINED_FUNCTION_5), (6 bytes).
    Removing stm32f4xx_tim.o(.ARM.exidx.text.OUTLINED_FUNCTION_5), (8 bytes).
    Removing stm32f4xx_tim.o(.text.OUTLINED_FUNCTION_6), (6 bytes).
    Removing stm32f4xx_tim.o(.ARM.exidx.text.OUTLINED_FUNCTION_6), (8 bytes).
    Removing stm32f4xx_tim.o(.text.OUTLINED_FUNCTION_7), (6 bytes).
    Removing stm32f4xx_tim.o(.ARM.exidx.text.OUTLINED_FUNCTION_7), (8 bytes).
    Removing stm32f4xx_tim.o(.text.OUTLINED_FUNCTION_8), (10 bytes).
    Removing stm32f4xx_tim.o(.ARM.exidx.text.OUTLINED_FUNCTION_8), (8 bytes).
    Removing stm32f4xx_usart.o(.text), (0 bytes).
    Removing stm32f4xx_usart.o(.text.USART_DeInit), (160 bytes).
    Removing stm32f4xx_usart.o(.ARM.exidx.text.USART_DeInit), (8 bytes).
    Removing stm32f4xx_usart.o(.text.USART_Init), (168 bytes).
    Removing stm32f4xx_usart.o(.ARM.exidx.text.USART_Init), (8 bytes).
    Removing stm32f4xx_usart.o(.text.USART_StructInit), (20 bytes).
    Removing stm32f4xx_usart.o(.ARM.exidx.text.USART_StructInit), (8 bytes).
    Removing stm32f4xx_usart.o(.text.USART_ClockInit), (26 bytes).
    Removing stm32f4xx_usart.o(.ARM.exidx.text.USART_ClockInit), (8 bytes).
    Removing stm32f4xx_usart.o(.text.USART_ClockStructInit), (8 bytes).
    Removing stm32f4xx_usart.o(.ARM.exidx.text.USART_ClockStructInit), (8 bytes).
    Removing stm32f4xx_usart.o(.text.USART_Cmd), (20 bytes).
    Removing stm32f4xx_usart.o(.ARM.exidx.text.USART_Cmd), (8 bytes).
    Removing stm32f4xx_usart.o(.text.USART_SetPrescaler), (16 bytes).
    Removing stm32f4xx_usart.o(.ARM.exidx.text.USART_SetPrescaler), (8 bytes).
    Removing stm32f4xx_usart.o(.text.USART_OverSampling8Cmd), (20 bytes).
    Removing stm32f4xx_usart.o(.ARM.exidx.text.USART_OverSampling8Cmd), (8 bytes).
    Removing stm32f4xx_usart.o(.text.USART_OneBitMethodCmd), (20 bytes).
    Removing stm32f4xx_usart.o(.ARM.exidx.text.USART_OneBitMethodCmd), (8 bytes).
    Removing stm32f4xx_usart.o(.text.USART_SendData), (8 bytes).
    Removing stm32f4xx_usart.o(.ARM.exidx.text.USART_SendData), (8 bytes).
    Removing stm32f4xx_usart.o(.text.USART_ReceiveData), (8 bytes).
    Removing stm32f4xx_usart.o(.ARM.exidx.text.USART_ReceiveData), (8 bytes).
    Removing stm32f4xx_usart.o(.text.USART_SetAddress), (10 bytes).
    Removing stm32f4xx_usart.o(.ARM.exidx.text.USART_SetAddress), (8 bytes).
    Removing stm32f4xx_usart.o(.text.USART_ReceiverWakeUpCmd), (20 bytes).
    Removing stm32f4xx_usart.o(.ARM.exidx.text.USART_ReceiverWakeUpCmd), (8 bytes).
    Removing stm32f4xx_usart.o(.text.USART_WakeUpConfig), (16 bytes).
    Removing stm32f4xx_usart.o(.ARM.exidx.text.USART_WakeUpConfig), (8 bytes).
    Removing stm32f4xx_usart.o(.text.USART_LINBreakDetectLengthConfig), (10 bytes).
    Removing stm32f4xx_usart.o(.ARM.exidx.text.USART_LINBreakDetectLengthConfig), (8 bytes).
    Removing stm32f4xx_usart.o(.text.USART_LINCmd), (20 bytes).
    Removing stm32f4xx_usart.o(.ARM.exidx.text.USART_LINCmd), (8 bytes).
    Removing stm32f4xx_usart.o(.text.USART_SendBreak), (10 bytes).
    Removing stm32f4xx_usart.o(.ARM.exidx.text.USART_SendBreak), (8 bytes).
    Removing stm32f4xx_usart.o(.text.USART_HalfDuplexCmd), (20 bytes).
    Removing stm32f4xx_usart.o(.ARM.exidx.text.USART_HalfDuplexCmd), (8 bytes).
    Removing stm32f4xx_usart.o(.text.USART_SetGuardTime), (16 bytes).
    Removing stm32f4xx_usart.o(.ARM.exidx.text.USART_SetGuardTime), (8 bytes).
    Removing stm32f4xx_usart.o(.text.USART_SmartCardCmd), (20 bytes).
    Removing stm32f4xx_usart.o(.ARM.exidx.text.USART_SmartCardCmd), (8 bytes).
    Removing stm32f4xx_usart.o(.text.USART_SmartCardNACKCmd), (20 bytes).
    Removing stm32f4xx_usart.o(.ARM.exidx.text.USART_SmartCardNACKCmd), (8 bytes).
    Removing stm32f4xx_usart.o(.text.USART_IrDAConfig), (16 bytes).
    Removing stm32f4xx_usart.o(.ARM.exidx.text.USART_IrDAConfig), (8 bytes).
    Removing stm32f4xx_usart.o(.text.USART_IrDACmd), (20 bytes).
    Removing stm32f4xx_usart.o(.ARM.exidx.text.USART_IrDACmd), (8 bytes).
    Removing stm32f4xx_usart.o(.text.USART_DMACmd), (16 bytes).
    Removing stm32f4xx_usart.o(.ARM.exidx.text.USART_DMACmd), (8 bytes).
    Removing stm32f4xx_usart.o(.text.USART_ITConfig), (44 bytes).
    Removing stm32f4xx_usart.o(.ARM.exidx.text.USART_ITConfig), (8 bytes).
    Removing stm32f4xx_usart.o(.text.USART_GetFlagStatus), (10 bytes).
    Removing stm32f4xx_usart.o(.ARM.exidx.text.USART_GetFlagStatus), (8 bytes).
    Removing stm32f4xx_usart.o(.text.USART_ClearFlag), (6 bytes).
    Removing stm32f4xx_usart.o(.ARM.exidx.text.USART_ClearFlag), (8 bytes).
    Removing stm32f4xx_usart.o(.text.USART_GetITStatus), (48 bytes).
    Removing stm32f4xx_usart.o(.ARM.exidx.text.USART_GetITStatus), (8 bytes).
    Removing stm32f4xx_usart.o(.text.USART_ClearITPendingBit), (14 bytes).
    Removing stm32f4xx_usart.o(.ARM.exidx.text.USART_ClearITPendingBit), (8 bytes).
    Removing stm32f4xx_usart.o(.text.OUTLINED_FUNCTION_0), (10 bytes).
    Removing stm32f4xx_usart.o(.ARM.exidx.text.OUTLINED_FUNCTION_0), (8 bytes).
    Removing stm32f4xx_usart.o(.text.OUTLINED_FUNCTION_1), (6 bytes).
    Removing stm32f4xx_usart.o(.ARM.exidx.text.OUTLINED_FUNCTION_1), (8 bytes).
    Removing stm32f4xx_spi.o(.text), (0 bytes).
    Removing stm32f4xx_spi.o(.text.SPI_I2S_DeInit), (100 bytes).
    Removing stm32f4xx_spi.o(.ARM.exidx.text.SPI_I2S_DeInit), (8 bytes).
    Removing stm32f4xx_spi.o(.text.SPI_Init), (54 bytes).
    Removing stm32f4xx_spi.o(.ARM.exidx.text.SPI_Init), (8 bytes).
    Removing stm32f4xx_spi.o(.text.I2S_Init), (176 bytes).
    Removing stm32f4xx_spi.o(.ARM.exidx.text.I2S_Init), (8 bytes).
    Removing stm32f4xx_spi.o(.text.SPI_StructInit), (16 bytes).
    Removing stm32f4xx_spi.o(.ARM.exidx.text.SPI_StructInit), (8 bytes).
    Removing stm32f4xx_spi.o(.text.I2S_StructInit), (14 bytes).
    Removing stm32f4xx_spi.o(.ARM.exidx.text.I2S_StructInit), (8 bytes).
    Removing stm32f4xx_spi.o(.text.SPI_Cmd), (20 bytes).
    Removing stm32f4xx_spi.o(.ARM.exidx.text.SPI_Cmd), (8 bytes).
    Removing stm32f4xx_spi.o(.text.I2S_Cmd), (20 bytes).
    Removing stm32f4xx_spi.o(.ARM.exidx.text.I2S_Cmd), (8 bytes).
    Removing stm32f4xx_spi.o(.text.SPI_DataSizeConfig), (16 bytes).
    Removing stm32f4xx_spi.o(.ARM.exidx.text.SPI_DataSizeConfig), (8 bytes).
    Removing stm32f4xx_spi.o(.text.SPI_BiDirectionalLineConfig), (24 bytes).
    Removing stm32f4xx_spi.o(.ARM.exidx.text.SPI_BiDirectionalLineConfig), (8 bytes).
    Removing stm32f4xx_spi.o(.text.SPI_NSSInternalSoftwareConfig), (24 bytes).
    Removing stm32f4xx_spi.o(.ARM.exidx.text.SPI_NSSInternalSoftwareConfig), (8 bytes).
    Removing stm32f4xx_spi.o(.text.SPI_SSOutputCmd), (20 bytes).
    Removing stm32f4xx_spi.o(.ARM.exidx.text.SPI_SSOutputCmd), (8 bytes).
    Removing stm32f4xx_spi.o(.text.SPI_TIModeCmd), (20 bytes).
    Removing stm32f4xx_spi.o(.ARM.exidx.text.SPI_TIModeCmd), (8 bytes).
    Removing stm32f4xx_spi.o(.text.I2S_FullDuplexConfig), (48 bytes).
    Removing stm32f4xx_spi.o(.ARM.exidx.text.I2S_FullDuplexConfig), (8 bytes).
    Removing stm32f4xx_spi.o(.text.SPI_I2S_ReceiveData), (4 bytes).
    Removing stm32f4xx_spi.o(.ARM.exidx.text.SPI_I2S_ReceiveData), (8 bytes).
    Removing stm32f4xx_spi.o(.text.SPI_I2S_SendData), (4 bytes).
    Removing stm32f4xx_spi.o(.ARM.exidx.text.SPI_I2S_SendData), (8 bytes).
    Removing stm32f4xx_spi.o(.text.SPI_CalculateCRC), (20 bytes).
    Removing stm32f4xx_spi.o(.ARM.exidx.text.SPI_CalculateCRC), (8 bytes).
    Removing stm32f4xx_spi.o(.text.SPI_TransmitCRC), (10 bytes).
    Removing stm32f4xx_spi.o(.ARM.exidx.text.SPI_TransmitCRC), (8 bytes).
    Removing stm32f4xx_spi.o(.text.SPI_GetCRC), (12 bytes).
    Removing stm32f4xx_spi.o(.ARM.exidx.text.SPI_GetCRC), (8 bytes).
    Removing stm32f4xx_spi.o(.text.SPI_GetCRCPolynomial), (4 bytes).
    Removing stm32f4xx_spi.o(.ARM.exidx.text.SPI_GetCRCPolynomial), (8 bytes).
    Removing stm32f4xx_spi.o(.text.SPI_I2S_DMACmd), (16 bytes).
    Removing stm32f4xx_spi.o(.ARM.exidx.text.SPI_I2S_DMACmd), (8 bytes).
    Removing stm32f4xx_spi.o(.text.SPI_I2S_ITConfig), (24 bytes).
    Removing stm32f4xx_spi.o(.ARM.exidx.text.SPI_I2S_ITConfig), (8 bytes).
    Removing stm32f4xx_spi.o(.text.SPI_I2S_GetFlagStatus), (10 bytes).
    Removing stm32f4xx_spi.o(.ARM.exidx.text.SPI_I2S_GetFlagStatus), (8 bytes).
    Removing stm32f4xx_spi.o(.text.SPI_I2S_ClearFlag), (6 bytes).
    Removing stm32f4xx_spi.o(.ARM.exidx.text.SPI_I2S_ClearFlag), (8 bytes).
    Removing stm32f4xx_spi.o(.text.SPI_I2S_GetITStatus), (24 bytes).
    Removing stm32f4xx_spi.o(.ARM.exidx.text.SPI_I2S_GetITStatus), (8 bytes).
    Removing stm32f4xx_spi.o(.text.SPI_I2S_ClearITPendingBit), (16 bytes).
    Removing stm32f4xx_spi.o(.ARM.exidx.text.SPI_I2S_ClearITPendingBit), (8 bytes).
    Removing stm32f4xx_spi.o(.text.OUTLINED_FUNCTION_0), (18 bytes).
    Removing stm32f4xx_spi.o(.ARM.exidx.text.OUTLINED_FUNCTION_0), (8 bytes).
    Removing stm32f4xx_spi.o(.text.OUTLINED_FUNCTION_1), (16 bytes).
    Removing stm32f4xx_spi.o(.ARM.exidx.text.OUTLINED_FUNCTION_1), (8 bytes).
    Removing system_stm32f4xx.o(.text), (0 bytes).
    Removing system_stm32f4xx.o(.ARM.exidx.text.SystemInit), (8 bytes).
    Removing system_stm32f4xx.o(.text.SystemCoreClockUpdate), (108 bytes).
    Removing system_stm32f4xx.o(.ARM.exidx.text.SystemCoreClockUpdate), (8 bytes).
    Removing system_stm32f4xx.o(.data.SystemCoreClock), (4 bytes).
    Removing system_stm32f4xx.o(.rodata.AHBPrescTable), (16 bytes).
    Removing os_core.o(.text), (0 bytes).
    Removing os_core.o(.text.OSInit), (348 bytes).
    Removing os_core.o(.ARM.exidx.text.OSInit), (8 bytes).
    Removing os_core.o(.text.OSIntEnter), (24 bytes).
    Removing os_core.o(.ARM.exidx.text.OSIntEnter), (8 bytes).
    Removing os_core.o(.ARM.exidx.text.OSIntExit), (8 bytes).
    Removing os_core.o(.ARM.exidx.text.OS_SchedNew), (8 bytes).
    Removing os_core.o(.text.OSSchedLock), (44 bytes).
    Removing os_core.o(.ARM.exidx.text.OSSchedLock), (8 bytes).
    Removing os_core.o(.text.OSSchedUnlock), (60 bytes).
    Removing os_core.o(.ARM.exidx.text.OSSchedUnlock), (8 bytes).
    Removing os_core.o(.text.OS_Sched), (64 bytes).
    Removing os_core.o(.ARM.exidx.text.OS_Sched), (8 bytes).
    Removing os_core.o(.text.OSStart), (44 bytes).
    Removing os_core.o(.ARM.exidx.text.OSStart), (8 bytes).
    Removing os_core.o(.text.OSStatInit), (56 bytes).
    Removing os_core.o(.ARM.exidx.text.OSStatInit), (8 bytes).
    Removing os_core.o(.ARM.exidx.text.OSTimeTick), (8 bytes).
    Removing os_core.o(.text.OSVersion), (6 bytes).
    Removing os_core.o(.ARM.exidx.text.OSVersion), (8 bytes).
    Removing os_core.o(.text.OS_Dummy), (2 bytes).
    Removing os_core.o(.ARM.exidx.text.OS_Dummy), (8 bytes).
    Removing os_core.o(.text.OS_EventTaskRdy), (108 bytes).
    Removing os_core.o(.ARM.exidx.text.OS_EventTaskRdy), (8 bytes).
    Removing os_core.o(.text.OS_EventTaskRemove), (40 bytes).
    Removing os_core.o(.ARM.exidx.text.OS_EventTaskRemove), (8 bytes).
    Removing os_core.o(.text.OS_EventTaskWait), (84 bytes).
    Removing os_core.o(.ARM.exidx.text.OS_EventTaskWait), (8 bytes).
    Removing os_core.o(.text.OS_EventWaitListInit), (20 bytes).
    Removing os_core.o(.ARM.exidx.text.OS_EventWaitListInit), (8 bytes).
    Removing os_core.o(.text.OS_MemClr), (16 bytes).
    Removing os_core.o(.ARM.exidx.text.OS_MemClr), (8 bytes).
    Removing os_core.o(.text.OS_MemCopy), (18 bytes).
    Removing os_core.o(.ARM.exidx.text.OS_MemCopy), (8 bytes).
    Removing os_core.o(.text.OS_StrLen), (16 bytes).
    Removing os_core.o(.ARM.exidx.text.OS_StrLen), (8 bytes).
    Removing os_core.o(.text.OS_TaskIdle), (28 bytes).
    Removing os_core.o(.ARM.exidx.text.OS_TaskIdle), (8 bytes).
    Removing os_core.o(.text.OS_TaskStat), (108 bytes).
    Removing os_core.o(.ARM.exidx.text.OS_TaskStat), (8 bytes).
    Removing os_core.o(.text.OS_TaskStatStkChk), (56 bytes).
    Removing os_core.o(.ARM.exidx.text.OS_TaskStatStkChk), (8 bytes).
    Removing os_core.o(.text.OS_TCBInit), (248 bytes).
    Removing os_core.o(.ARM.exidx.text.OS_TCBInit), (8 bytes).
    Removing os_core.o(.ARM.exidx.text.OUTLINED_FUNCTION_0), (8 bytes).
    Removing os_core.o(.rodata.str1.1), (2 bytes).
    Removing os_core.o(.bss.OSEventTbl), (300 bytes).
    Removing os_core.o(.bss.OSFlagTbl), (80 bytes).
    Removing os_core.o(.bss.OSFlagFreeList), (4 bytes).
    Removing os_core.o(.bss.OSTaskStatStk), (512 bytes).
    Removing os_core.o(.bss.OSTaskIdleStk), (512 bytes).
    Removing os_core.o(.bss.OSTCBTbl), (5208 bytes).
    Removing os_core.o(.bss.OSMemFreeList), (4 bytes).
    Removing os_core.o(.bss.OSMemTbl), (120 bytes).
    Removing os_core.o(.bss.OSQFreeList), (4 bytes).
    Removing os_core.o(.bss.OSQTbl), (96 bytes).
    Removing os_flag.o(.text), (0 bytes).
    Removing os_flag.o(.text.OSFlagAccept), (160 bytes).
    Removing os_flag.o(.ARM.exidx.text.OSFlagAccept), (8 bytes).
    Removing os_flag.o(.text.OSFlagCreate), (76 bytes).
    Removing os_flag.o(.ARM.exidx.text.OSFlagCreate), (8 bytes).
    Removing os_flag.o(.text.OSFlagDel), (144 bytes).
    Removing os_flag.o(.ARM.exidx.text.OSFlagDel), (8 bytes).
    Removing os_flag.o(.text.OS_FlagTaskRdy), (76 bytes).
    Removing os_flag.o(.ARM.exidx.text.OS_FlagTaskRdy), (8 bytes).
    Removing os_flag.o(.text.OSFlagNameGet), (68 bytes).
    Removing os_flag.o(.ARM.exidx.text.OSFlagNameGet), (8 bytes).
    Removing os_flag.o(.text.OSFlagNameSet), (48 bytes).
    Removing os_flag.o(.ARM.exidx.text.OSFlagNameSet), (8 bytes).
    Removing os_flag.o(.text.OSFlagPend), (348 bytes).
    Removing os_flag.o(.ARM.exidx.text.OSFlagPend), (8 bytes).
    Removing os_flag.o(.text.OS_FlagBlock), (104 bytes).
    Removing os_flag.o(.ARM.exidx.text.OS_FlagBlock), (8 bytes).
    Removing os_flag.o(.text.OS_FlagUnlink), (30 bytes).
    Removing os_flag.o(.ARM.exidx.text.OS_FlagUnlink), (8 bytes).
    Removing os_flag.o(.text.OSFlagPendGetFlagsRdy), (24 bytes).
    Removing os_flag.o(.ARM.exidx.text.OSFlagPendGetFlagsRdy), (8 bytes).
    Removing os_flag.o(.text.OSFlagPost), (178 bytes).
    Removing os_flag.o(.ARM.exidx.text.OSFlagPost), (8 bytes).
    Removing os_flag.o(.text.OSFlagQuery), (36 bytes).
    Removing os_flag.o(.ARM.exidx.text.OSFlagQuery), (8 bytes).
    Removing os_flag.o(.text.OS_FlagInit), (68 bytes).
    Removing os_flag.o(.ARM.exidx.text.OS_FlagInit), (8 bytes).
    Removing os_flag.o(.text.OUTLINED_FUNCTION_0), (6 bytes).
    Removing os_flag.o(.ARM.exidx.text.OUTLINED_FUNCTION_0), (8 bytes).
    Removing os_flag.o(.text.OUTLINED_FUNCTION_1), (12 bytes).
    Removing os_flag.o(.ARM.exidx.text.OUTLINED_FUNCTION_1), (8 bytes).
    Removing os_flag.o(.rodata.str1.1), (2 bytes).
    Removing os_mbox.o(.text), (0 bytes).
    Removing os_mbox.o(.text.OSMboxAccept), (30 bytes).
    Removing os_mbox.o(.ARM.exidx.text.OSMboxAccept), (8 bytes).
    Removing os_mbox.o(.text.OSMboxCreate), (68 bytes).
    Removing os_mbox.o(.ARM.exidx.text.OSMboxCreate), (8 bytes).
    Removing os_mbox.o(.text.OSMboxDel), (124 bytes).
    Removing os_mbox.o(.ARM.exidx.text.OSMboxDel), (8 bytes).
    Removing os_mbox.o(.text.OSMboxPend), (196 bytes).
    Removing os_mbox.o(.ARM.exidx.text.OSMboxPend), (8 bytes).
    Removing os_mbox.o(.text.OSMboxPendAbort), (82 bytes).
    Removing os_mbox.o(.ARM.exidx.text.OSMboxPendAbort), (8 bytes).
    Removing os_mbox.o(.text.OSMboxPost), (76 bytes).
    Removing os_mbox.o(.ARM.exidx.text.OSMboxPost), (8 bytes).
    Removing os_mbox.o(.text.OSMboxPostOpt), (96 bytes).
    Removing os_mbox.o(.ARM.exidx.text.OSMboxPostOpt), (8 bytes).
    Removing os_mbox.o(.text.OSMboxQuery), (60 bytes).
    Removing os_mbox.o(.ARM.exidx.text.OSMboxQuery), (8 bytes).
    Removing os_mbox.o(.text.OUTLINED_FUNCTION_0), (18 bytes).
    Removing os_mbox.o(.ARM.exidx.text.OUTLINED_FUNCTION_0), (8 bytes).
    Removing os_mbox.o(.text.OUTLINED_FUNCTION_1), (6 bytes).
    Removing os_mbox.o(.ARM.exidx.text.OUTLINED_FUNCTION_1), (8 bytes).
    Removing os_mbox.o(.text.OUTLINED_FUNCTION_2), (8 bytes).
    Removing os_mbox.o(.ARM.exidx.text.OUTLINED_FUNCTION_2), (8 bytes).
    Removing os_mbox.o(.text.OUTLINED_FUNCTION_3), (12 bytes).
    Removing os_mbox.o(.ARM.exidx.text.OUTLINED_FUNCTION_3), (8 bytes).
    Removing os_mem.o(.text), (0 bytes).
    Removing os_mem.o(.text.OSMemCreate), (84 bytes).
    Removing os_mem.o(.ARM.exidx.text.OSMemCreate), (8 bytes).
    Removing os_mem.o(.text.OSMemGet), (42 bytes).
    Removing os_mem.o(.ARM.exidx.text.OSMemGet), (8 bytes).
    Removing os_mem.o(.text.OSMemNameGet), (56 bytes).
    Removing os_mem.o(.ARM.exidx.text.OSMemNameGet), (8 bytes).
    Removing os_mem.o(.text.OSMemNameSet), (40 bytes).
    Removing os_mem.o(.ARM.exidx.text.OSMemNameSet), (8 bytes).
    Removing os_mem.o(.text.OSMemPut), (42 bytes).
    Removing os_mem.o(.ARM.exidx.text.OSMemPut), (8 bytes).
    Removing os_mem.o(.text.OSMemQuery), (38 bytes).
    Removing os_mem.o(.ARM.exidx.text.OSMemQuery), (8 bytes).
    Removing os_mem.o(.text.OS_MemInit), (60 bytes).
    Removing os_mem.o(.ARM.exidx.text.OS_MemInit), (8 bytes).
    Removing os_mem.o(.rodata.str1.1), (2 bytes).
    Removing os_mutex.o(.text), (0 bytes).
    Removing os_mutex.o(.text.OSMutexAccept), (104 bytes).
    Removing os_mutex.o(.ARM.exidx.text.OSMutexAccept), (8 bytes).
    Removing os_mutex.o(.text.OSMutexCreate), (128 bytes).
    Removing os_mutex.o(.ARM.exidx.text.OSMutexCreate), (8 bytes).
    Removing os_mutex.o(.text.OSMutexDel), (180 bytes).
    Removing os_mutex.o(.ARM.exidx.text.OSMutexDel), (8 bytes).
    Removing os_mutex.o(.text.OSMutex_RdyAtPrio), (124 bytes).
    Removing os_mutex.o(.ARM.exidx.text.OSMutex_RdyAtPrio), (8 bytes).
    Removing os_mutex.o(.text.OSMutexPend), (468 bytes).
    Removing os_mutex.o(.ARM.exidx.text.OSMutexPend), (8 bytes).
    Removing os_mutex.o(.text.OSMutexPost), (160 bytes).
    Removing os_mutex.o(.ARM.exidx.text.OSMutexPost), (8 bytes).
    Removing os_mutex.o(.text.OSMutexQuery), (92 bytes).
    Removing os_mutex.o(.ARM.exidx.text.OSMutexQuery), (8 bytes).
    Removing os_mutex.o(.text.OUTLINED_FUNCTION_0), (18 bytes).
    Removing os_mutex.o(.ARM.exidx.text.OUTLINED_FUNCTION_0), (8 bytes).
    Removing os_mutex.o(.text.OUTLINED_FUNCTION_1), (12 bytes).
    Removing os_mutex.o(.ARM.exidx.text.OUTLINED_FUNCTION_1), (8 bytes).
    Removing os_mutex.o(.text.OUTLINED_FUNCTION_2), (6 bytes).
    Removing os_mutex.o(.ARM.exidx.text.OUTLINED_FUNCTION_2), (8 bytes).
    Removing os_q.o(.text), (0 bytes).
    Removing os_q.o(.text.OSQAccept), (70 bytes).
    Removing os_q.o(.ARM.exidx.text.OSQAccept), (8 bytes).
    Removing os_q.o(.text.OSQCreate), (124 bytes).
    Removing os_q.o(.ARM.exidx.text.OSQCreate), (8 bytes).
    Removing os_q.o(.text.OSQDel), (140 bytes).
    Removing os_q.o(.ARM.exidx.text.OSQDel), (8 bytes).
    Removing os_q.o(.text.OSQFlush), (28 bytes).
    Removing os_q.o(.ARM.exidx.text.OSQFlush), (8 bytes).
    Removing os_q.o(.text.OSQPend), (216 bytes).
    Removing os_q.o(.ARM.exidx.text.OSQPend), (8 bytes).
    Removing os_q.o(.text.OSQPendAbort), (86 bytes).
    Removing os_q.o(.ARM.exidx.text.OSQPendAbort), (8 bytes).
    Removing os_q.o(.text.OSQPost), (88 bytes).
    Removing os_q.o(.ARM.exidx.text.OSQPost), (8 bytes).
    Removing os_q.o(.text.OSQPostFront), (90 bytes).
    Removing os_q.o(.ARM.exidx.text.OSQPostFront), (8 bytes).
    Removing os_q.o(.text.OSQPostOpt), (144 bytes).
    Removing os_q.o(.ARM.exidx.text.OSQPostOpt), (8 bytes).
    Removing os_q.o(.text.OSQQuery), (80 bytes).
    Removing os_q.o(.ARM.exidx.text.OSQQuery), (8 bytes).
    Removing os_q.o(.text.OS_QInit), (48 bytes).
    Removing os_q.o(.ARM.exidx.text.OS_QInit), (8 bytes).
    Removing os_q.o(.text.OUTLINED_FUNCTION_0), (6 bytes).
    Removing os_q.o(.ARM.exidx.text.OUTLINED_FUNCTION_0), (8 bytes).
    Removing os_q.o(.text.OUTLINED_FUNCTION_1), (14 bytes).
    Removing os_q.o(.ARM.exidx.text.OUTLINED_FUNCTION_1), (8 bytes).
    Removing os_q.o(.text.OUTLINED_FUNCTION_2), (8 bytes).
    Removing os_q.o(.ARM.exidx.text.OUTLINED_FUNCTION_2), (8 bytes).
    Removing os_q.o(.text.OUTLINED_FUNCTION_3), (12 bytes).
    Removing os_q.o(.ARM.exidx.text.OUTLINED_FUNCTION_3), (8 bytes).
    Removing os_q.o(.text.OUTLINED_FUNCTION_4), (12 bytes).
    Removing os_q.o(.ARM.exidx.text.OUTLINED_FUNCTION_4), (8 bytes).
    Removing os_q.o(.text.OUTLINED_FUNCTION_5), (16 bytes).
    Removing os_q.o(.ARM.exidx.text.OUTLINED_FUNCTION_5), (8 bytes).
    Removing os_q.o(.text.OUTLINED_FUNCTION_6), (10 bytes).
    Removing os_q.o(.ARM.exidx.text.OUTLINED_FUNCTION_6), (8 bytes).
    Removing os_sem.o(.text), (0 bytes).
    Removing os_sem.o(.text.OSSemAccept), (34 bytes).
    Removing os_sem.o(.ARM.exidx.text.OSSemAccept), (8 bytes).
    Removing os_sem.o(.text.OSSemCreate), (68 bytes).
    Removing os_sem.o(.ARM.exidx.text.OSSemCreate), (8 bytes).
    Removing os_sem.o(.text.OSSemDel), (128 bytes).
    Removing os_sem.o(.ARM.exidx.text.OSSemDel), (8 bytes).
    Removing os_sem.o(.text.OSSemPend), (184 bytes).
    Removing os_sem.o(.ARM.exidx.text.OSSemPend), (8 bytes).
    Removing os_sem.o(.text.OSSemPendAbort), (98 bytes).
    Removing os_sem.o(.ARM.exidx.text.OSSemPendAbort), (8 bytes).
    Removing os_sem.o(.text.OSSemPost), (80 bytes).
    Removing os_sem.o(.ARM.exidx.text.OSSemPost), (8 bytes).
    Removing os_sem.o(.text.OSSemQuery), (60 bytes).
    Removing os_sem.o(.ARM.exidx.text.OSSemQuery), (8 bytes).
    Removing os_sem.o(.text.OSSemSet), (54 bytes).
    Removing os_sem.o(.ARM.exidx.text.OSSemSet), (8 bytes).
    Removing os_sem.o(.text.OUTLINED_FUNCTION_0), (18 bytes).
    Removing os_sem.o(.ARM.exidx.text.OUTLINED_FUNCTION_0), (8 bytes).
    Removing os_sem.o(.text.OUTLINED_FUNCTION_1), (6 bytes).
    Removing os_sem.o(.ARM.exidx.text.OUTLINED_FUNCTION_1), (8 bytes).
    Removing os_task.o(.text), (0 bytes).
    Removing os_task.o(.text.OSTaskChangePrio), (264 bytes).
    Removing os_task.o(.ARM.exidx.text.OSTaskChangePrio), (8 bytes).
    Removing os_task.o(.text.OSTaskCreate), (132 bytes).
    Removing os_task.o(.ARM.exidx.text.OSTaskCreate), (8 bytes).
    Removing os_task.o(.text.OSTaskCreateExt), (148 bytes).
    Removing os_task.o(.ARM.exidx.text.OSTaskCreateExt), (8 bytes).
    Removing os_task.o(.text.OS_TaskStkClr), (30 bytes).
    Removing os_task.o(.ARM.exidx.text.OS_TaskStkClr), (8 bytes).
    Removing os_task.o(.text.OSTaskDel), (304 bytes).
    Removing os_task.o(.ARM.exidx.text.OSTaskDel), (8 bytes).
    Removing os_task.o(.text.OSTaskDelReq), (76 bytes).
    Removing os_task.o(.ARM.exidx.text.OSTaskDelReq), (8 bytes).
    Removing os_task.o(.text.OSTaskNameGet), (92 bytes).
    Removing os_task.o(.ARM.exidx.text.OSTaskNameGet), (8 bytes).
    Removing os_task.o(.text.OSTaskNameSet), (72 bytes).
    Removing os_task.o(.ARM.exidx.text.OSTaskNameSet), (8 bytes).
    Removing os_task.o(.text.OSTaskResume), (136 bytes).
    Removing os_task.o(.ARM.exidx.text.OSTaskResume), (8 bytes).
    Removing os_task.o(.text.OSTaskStkChk), (100 bytes).
    Removing os_task.o(.ARM.exidx.text.OSTaskStkChk), (8 bytes).
    Removing os_task.o(.text.OSTaskSuspend), (152 bytes).
    Removing os_task.o(.ARM.exidx.text.OSTaskSuspend), (8 bytes).
    Removing os_task.o(.text.OSTaskQuery), (72 bytes).
    Removing os_task.o(.ARM.exidx.text.OSTaskQuery), (8 bytes).
    Removing os_task.o(.text.OSTaskRegGet), (52 bytes).
    Removing os_task.o(.ARM.exidx.text.OSTaskRegGet), (8 bytes).
    Removing os_task.o(.text.OSTaskRegSet), (52 bytes).
    Removing os_task.o(.ARM.exidx.text.OSTaskRegSet), (8 bytes).
    Removing os_task.o(.text.OS_TaskReturn), (24 bytes).
    Removing os_task.o(.ARM.exidx.text.OS_TaskReturn), (8 bytes).
    Removing os_task.o(.text.OUTLINED_FUNCTION_0), (12 bytes).
    Removing os_task.o(.ARM.exidx.text.OUTLINED_FUNCTION_0), (8 bytes).
    Removing os_task.o(.text.OUTLINED_FUNCTION_1), (8 bytes).
    Removing os_task.o(.ARM.exidx.text.OUTLINED_FUNCTION_1), (8 bytes).
    Removing os_time.o(.text), (0 bytes).
    Removing os_time.o(.text.OSTimeDly), (100 bytes).
    Removing os_time.o(.ARM.exidx.text.OSTimeDly), (8 bytes).
    Removing os_time.o(.text.OSTimeDlyHMSM), (68 bytes).
    Removing os_time.o(.ARM.exidx.text.OSTimeDlyHMSM), (8 bytes).
    Removing os_time.o(.text.OSTimeDlyResume), (140 bytes).
    Removing os_time.o(.ARM.exidx.text.OSTimeDlyResume), (8 bytes).
    Removing os_time.o(.text.OSTimeGet), (24 bytes).
    Removing os_time.o(.ARM.exidx.text.OSTimeGet), (8 bytes).
    Removing os_time.o(.text.OSTimeSet), (24 bytes).
    Removing os_time.o(.ARM.exidx.text.OSTimeSet), (8 bytes).
    Removing os_tmr.o(.text), (0 bytes).
    Removing os_cpu_c.o(.text), (0 bytes).
    Removing os_cpu_c.o(.text.OSInitHookBegin), (2 bytes).
    Removing os_cpu_c.o(.ARM.exidx.text.OSInitHookBegin), (8 bytes).
    Removing os_cpu_c.o(.text.OSTaskReturnHook), (2 bytes).
    Removing os_cpu_c.o(.ARM.exidx.text.OSTaskReturnHook), (8 bytes).
    Removing os_cpu_c.o(.text.OSInitHookEnd), (2 bytes).
    Removing os_cpu_c.o(.ARM.exidx.text.OSInitHookEnd), (8 bytes).
    Removing os_cpu_c.o(.text.OSTaskCreateHook), (2 bytes).
    Removing os_cpu_c.o(.ARM.exidx.text.OSTaskCreateHook), (8 bytes).
    Removing os_cpu_c.o(.text.OSTaskDelHook), (2 bytes).
    Removing os_cpu_c.o(.ARM.exidx.text.OSTaskDelHook), (8 bytes).
    Removing os_cpu_c.o(.text.OSTaskIdleHook), (2 bytes).
    Removing os_cpu_c.o(.ARM.exidx.text.OSTaskIdleHook), (8 bytes).
    Removing os_cpu_c.o(.text.OSTaskStatHook), (2 bytes).
    Removing os_cpu_c.o(.ARM.exidx.text.OSTaskStatHook), (8 bytes).
    Removing os_cpu_c.o(.text.OSTaskStkInit), (274 bytes).
    Removing os_cpu_c.o(.ARM.exidx.text.OSTaskStkInit), (8 bytes).
    Removing os_cpu_c.o(.ARM.exidx.text.OSTaskSwHook), (8 bytes).
    Removing os_cpu_c.o(.text.OSTCBInitHook), (2 bytes).
    Removing os_cpu_c.o(.ARM.exidx.text.OSTCBInitHook), (8 bytes).
    Removing os_cpu_c.o(.ARM.exidx.text.OSTimeTickHook), (8 bytes).
    Removing os_cpu_c.o(.ARM.exidx.text.SysTick_Handler), (8 bytes).
    Removing os_cpu_c.o(.text.OS_CPU_SysTickInit), (56 bytes).
    Removing os_cpu_c.o(.ARM.exidx.text.OS_CPU_SysTickInit), (8 bytes).
    Removing os_dbg.o(.text), (0 bytes).
    Removing os_dbg.o(.rodata.OSDebugEn), (2 bytes).

1148 unused section(s) (total 33958 bytes) removed from the image.

==============================================================================

Image Symbol Table

    Local Symbols

    Symbol Name                              Value     Ov Type        Size  Object(Section)

    ../clib/angel/boardlib.s                 0x00000000   Number         0  boardinit1.o ABSOLUTE
    ../clib/angel/boardlib.s                 0x00000000   Number         0  boardinit2.o ABSOLUTE
    ../clib/angel/boardlib.s                 0x00000000   Number         0  boardinit3.o ABSOLUTE
    ../clib/angel/boardlib.s                 0x00000000   Number         0  boardshut.o ABSOLUTE
    ../clib/angel/handlers.s                 0x00000000   Number         0  __scatter_zi.o ABSOLUTE
    ../clib/angel/kernel.s                   0x00000000   Number         0  __rtentry.o ABSOLUTE
    ../clib/angel/kernel.s                   0x00000000   Number         0  __rtentry2.o ABSOLUTE
    ../clib/angel/kernel.s                   0x00000000   Number         0  __rtentry4.o ABSOLUTE
    ../clib/angel/kernel.s                   0x00000000   Number         0  rtexit.o ABSOLUTE
    ../clib/angel/kernel.s                   0x00000000   Number         0  rtexit2.o ABSOLUTE
    ../clib/angel/rt.s                       0x00000000   Number         0  rt_raise.o ABSOLUTE
    ../clib/angel/scatter.s                  0x00000000   Number         0  __scatter.o ABSOLUTE
    ../clib/angel/startup.s                  0x00000000   Number         0  __main.o ABSOLUTE
    ../clib/angel/sys.s                      0x00000000   Number         0  sys_stackheap_outer.o ABSOLUTE
    ../clib/angel/sys.s                      0x00000000   Number         0  libspace.o ABSOLUTE
    ../clib/angel/sys.s                      0x00000000   Number         0  use_no_semi.o ABSOLUTE
    ../clib/angel/sys.s                      0x00000000   Number         0  indicate_semi.o ABSOLUTE
    ../clib/angel/sysapp.c                   0x00000000   Number         0  sys_exit.o ABSOLUTE
    ../clib/angel/sysapp.c                   0x00000000   Number         0  sys_exit_hlt.o ABSOLUTE
    ../clib/angel/sysapp.c                   0x00000000   Number         0  sys_command.o ABSOLUTE
    ../clib/angel/sysapp.c                   0x00000000   Number         0  sys_command_hlt.o ABSOLUTE
    ../clib/angel/sysapp.c                   0x00000000   Number         0  sys_wrch.o ABSOLUTE
    ../clib/angel/sysapp.c                   0x00000000   Number         0  sys_wrch_hlt.o ABSOLUTE
    ../clib/armsys.c                         0x00000000   Number         0  argv_veneer.o ABSOLUTE
    ../clib/armsys.c                         0x00000000   Number         0  argv_veneer.o ABSOLUTE
    ../clib/armsys.c                         0x00000000   Number         0  _get_argv_nomalloc.o ABSOLUTE
    ../clib/armsys.c                         0x00000000   Number         0  no_argv.o ABSOLUTE
    ../clib/heapalloc.c                      0x00000000   Number         0  hrguard.o ABSOLUTE
    ../clib/heapaux.c                        0x00000000   Number         0  heapauxi.o ABSOLUTE
    ../clib/libinit.s                        0x00000000   Number         0  libinit.o ABSOLUTE
    ../clib/libinit.s                        0x00000000   Number         0  libinit2.o ABSOLUTE
    ../clib/libinit.s                        0x00000000   Number         0  libshutdown.o ABSOLUTE
    ../clib/libinit.s                        0x00000000   Number         0  libshutdown2.o ABSOLUTE
    ../clib/memcpset.s                       0x00000000   Number         0  rt_memclr_w.o ABSOLUTE
    ../clib/signal.c                         0x00000000   Number         0  defsig_rtmem_outer.o ABSOLUTE
    ../clib/signal.c                         0x00000000   Number         0  defsig_rtmem_formal.o ABSOLUTE
    ../clib/signal.c                         0x00000000   Number         0  defsig_exit.o ABSOLUTE
    ../clib/signal.c                         0x00000000   Number         0  defsig_rtmem_inner.o ABSOLUTE
    ../clib/signal.c                         0x00000000   Number         0  __raise.o ABSOLUTE
    ../clib/signal.c                         0x00000000   Number         0  defsig_general.o ABSOLUTE
    ../clib/signal.c                         0x00000000   Number         0  defsig_abrt_inner.o ABSOLUTE
    ../clib/signal.c                         0x00000000   Number         0  defsig_fpe_inner.o ABSOLUTE
    ../clib/signal.c                         0x00000000   Number         0  defsig_rtred_inner.o ABSOLUTE
    ../clib/signal.c                         0x00000000   Number         0  defsig_stak_inner.o ABSOLUTE
    ../clib/signal.c                         0x00000000   Number         0  defsig_pvfn_inner.o ABSOLUTE
    ../clib/signal.c                         0x00000000   Number         0  defsig_cppl_inner.o ABSOLUTE
    ../clib/signal.c                         0x00000000   Number         0  defsig_segv_inner.o ABSOLUTE
    ../clib/signal.c                         0x00000000   Number         0  defsig_other.o ABSOLUTE
    ../clib/signal.s                         0x00000000   Number         0  defsig.o ABSOLUTE
    ../clib/stdlib.c                         0x00000000   Number         0  exit.o ABSOLUTE
    ../fplib/fpinit.s                        0x00000000   Number         0  fpinit.o ABSOLUTE
    ..\Library\Startup\startup_stm32f4xx.s   0x00000000   Number         0  startup_stm32f4xx.o ABSOLUTE
    ..\uCOSII\PORT\os_cpu_a.asm              0x00000000   Number         0  os_cpu_a.o ABSOLUTE
    dc.s                                     0x00000000   Number         0  dc.o ABSOLUTE
    delay.c                                  0x00000000   Number         0  delay.o ABSOLUTE
    main.c                                   0x00000000   Number         0  main.o ABSOLUTE
    misc.c                                   0x00000000   Number         0  misc.o ABSOLUTE
    os_core.c                                0x00000000   Number         0  os_core.o ABSOLUTE
    os_cpu_c.c                               0x00000000   Number         0  os_cpu_c.o ABSOLUTE
    os_dbg.c                                 0x00000000   Number         0  os_dbg.o ABSOLUTE
    os_flag.c                                0x00000000   Number         0  os_flag.o ABSOLUTE
    os_mbox.c                                0x00000000   Number         0  os_mbox.o ABSOLUTE
    os_mem.c                                 0x00000000   Number         0  os_mem.o ABSOLUTE
    os_mutex.c                               0x00000000   Number         0  os_mutex.o ABSOLUTE
    os_q.c                                   0x00000000   Number         0  os_q.o ABSOLUTE
    os_sem.c                                 0x00000000   Number         0  os_sem.o ABSOLUTE
    os_task.c                                0x00000000   Number         0  os_task.o ABSOLUTE
    os_time.c                                0x00000000   Number         0  os_time.o ABSOLUTE
    os_tmr.c                                 0x00000000   Number         0  os_tmr.o ABSOLUTE
    stm32f4xx_adc.c                          0x00000000   Number         0  stm32f4xx_adc.o ABSOLUTE
    stm32f4xx_can.c                          0x00000000   Number         0  stm32f4xx_can.o ABSOLUTE
    stm32f4xx_dma.c                          0x00000000   Number         0  stm32f4xx_dma.o ABSOLUTE
    stm32f4xx_exti.c                         0x00000000   Number         0  stm32f4xx_exti.o ABSOLUTE
    stm32f4xx_flash.c                        0x00000000   Number         0  stm32f4xx_flash.o ABSOLUTE
    stm32f4xx_gpio.c                         0x00000000   Number         0  stm32f4xx_gpio.o ABSOLUTE
    stm32f4xx_it.c                           0x00000000   Number         0  stm32f4xx_it.o ABSOLUTE
    stm32f4xx_rcc.c                          0x00000000   Number         0  stm32f4xx_rcc.o ABSOLUTE
    stm32f4xx_rtc.c                          0x00000000   Number         0  stm32f4xx_rtc.o ABSOLUTE
    stm32f4xx_spi.c                          0x00000000   Number         0  stm32f4xx_spi.o ABSOLUTE
    stm32f4xx_syscfg.c                       0x00000000   Number         0  stm32f4xx_syscfg.o ABSOLUTE
    stm32f4xx_tim.c                          0x00000000   Number         0  stm32f4xx_tim.o ABSOLUTE
    stm32f4xx_usart.c                        0x00000000   Number         0  stm32f4xx_usart.o ABSOLUTE
    system_stm32f4xx.c                       0x00000000   Number         0  system_stm32f4xx.o ABSOLUTE
    RESET                                    0x08000000   Section      392  startup_stm32f4xx.o(RESET)
    !!!main                                  0x08000188   Section        8  __main.o(!!!main)
    !!!scatter                               0x08000190   Section       52  __scatter.o(!!!scatter)
    !!handler_zi                             0x080001c4   Section       28  __scatter_zi.o(!!handler_zi)
    .ARM.Collect$$libinit$$00000000          0x080001e0   Section        2  libinit.o(.ARM.Collect$$libinit$$00000000)
    .ARM.Collect$$libinit$$00000001          0x080001e2   Section        4  libinit2.o(.ARM.Collect$$libinit$$00000001)
    .ARM.Collect$$libinit$$00000004          0x080001e6   Section        0  libinit2.o(.ARM.Collect$$libinit$$00000004)
    .ARM.Collect$$libinit$$00000006          0x080001e6   Section        0  libinit2.o(.ARM.Collect$$libinit$$00000006)
    .ARM.Collect$$libinit$$0000000C          0x080001e6   Section        0  libinit2.o(.ARM.Collect$$libinit$$0000000C)
    .ARM.Collect$$libinit$$0000000E          0x080001e6   Section        0  libinit2.o(.ARM.Collect$$libinit$$0000000E)
    .ARM.Collect$$libinit$$00000010          0x080001e6   Section        0  libinit2.o(.ARM.Collect$$libinit$$00000010)
    .ARM.Collect$$libinit$$00000013          0x080001e6   Section        0  libinit2.o(.ARM.Collect$$libinit$$00000013)
    .ARM.Collect$$libinit$$00000015          0x080001e6   Section        0  libinit2.o(.ARM.Collect$$libinit$$00000015)
    .ARM.Collect$$libinit$$00000017          0x080001e6   Section        0  libinit2.o(.ARM.Collect$$libinit$$00000017)
    .ARM.Collect$$libinit$$00000019          0x080001e6   Section        0  libinit2.o(.ARM.Collect$$libinit$$00000019)
    .ARM.Collect$$libinit$$0000001B          0x080001e6   Section        0  libinit2.o(.ARM.Collect$$libinit$$0000001B)
    .ARM.Collect$$libinit$$0000001D          0x080001e6   Section        0  libinit2.o(.ARM.Collect$$libinit$$0000001D)
    .ARM.Collect$$libinit$$0000001F          0x080001e6   Section        0  libinit2.o(.ARM.Collect$$libinit$$0000001F)
    .ARM.Collect$$libinit$$00000021          0x080001e6   Section        0  libinit2.o(.ARM.Collect$$libinit$$00000021)
    .ARM.Collect$$libinit$$00000023          0x080001e6   Section        0  libinit2.o(.ARM.Collect$$libinit$$00000023)
    .ARM.Collect$$libinit$$00000025          0x080001e6   Section        0  libinit2.o(.ARM.Collect$$libinit$$00000025)
    .ARM.Collect$$libinit$$00000027          0x080001e6   Section        0  libinit2.o(.ARM.Collect$$libinit$$00000027)
    .ARM.Collect$$libinit$$0000002E          0x080001e6   Section        0  libinit2.o(.ARM.Collect$$libinit$$0000002E)
    .ARM.Collect$$libinit$$00000030          0x080001e6   Section        0  libinit2.o(.ARM.Collect$$libinit$$00000030)
    .ARM.Collect$$libinit$$00000032          0x080001e6   Section        0  libinit2.o(.ARM.Collect$$libinit$$00000032)
    .ARM.Collect$$libinit$$00000034          0x080001e6   Section        0  libinit2.o(.ARM.Collect$$libinit$$00000034)
    .ARM.Collect$$libinit$$00000035          0x080001e6   Section        2  libinit2.o(.ARM.Collect$$libinit$$00000035)
    .ARM.Collect$$libshutdown$$00000000      0x080001e8   Section        2  libshutdown.o(.ARM.Collect$$libshutdown$$00000000)
    .ARM.Collect$$libshutdown$$00000002      0x080001ea   Section        0  libshutdown2.o(.ARM.Collect$$libshutdown$$00000002)
    .ARM.Collect$$libshutdown$$00000004      0x080001ea   Section        0  libshutdown2.o(.ARM.Collect$$libshutdown$$00000004)
    .ARM.Collect$$libshutdown$$00000007      0x080001ea   Section        0  libshutdown2.o(.ARM.Collect$$libshutdown$$00000007)
    .ARM.Collect$$libshutdown$$0000000A      0x080001ea   Section        0  libshutdown2.o(.ARM.Collect$$libshutdown$$0000000A)
    .ARM.Collect$$libshutdown$$0000000C      0x080001ea   Section        0  libshutdown2.o(.ARM.Collect$$libshutdown$$0000000C)
    .ARM.Collect$$libshutdown$$0000000F      0x080001ea   Section        0  libshutdown2.o(.ARM.Collect$$libshutdown$$0000000F)
    .ARM.Collect$$libshutdown$$00000010      0x080001ea   Section        2  libshutdown2.o(.ARM.Collect$$libshutdown$$00000010)
    .ARM.Collect$$rtentry$$00000000          0x080001ec   Section        0  __rtentry.o(.ARM.Collect$$rtentry$$00000000)
    .ARM.Collect$$rtentry$$00000002          0x080001ec   Section        0  __rtentry2.o(.ARM.Collect$$rtentry$$00000002)
    .ARM.Collect$$rtentry$$00000004          0x080001ec   Section        6  __rtentry4.o(.ARM.Collect$$rtentry$$00000004)
    .ARM.Collect$$rtentry$$00000009          0x080001f2   Section        0  __rtentry2.o(.ARM.Collect$$rtentry$$00000009)
    .ARM.Collect$$rtentry$$0000000A          0x080001f2   Section        4  __rtentry2.o(.ARM.Collect$$rtentry$$0000000A)
    .ARM.Collect$$rtentry$$0000000C          0x080001f6   Section        0  __rtentry2.o(.ARM.Collect$$rtentry$$0000000C)
    .ARM.Collect$$rtentry$$0000000D          0x080001f6   Section        8  __rtentry2.o(.ARM.Collect$$rtentry$$0000000D)
    .ARM.Collect$$rtexit$$00000000           0x080001fe   Section        2  rtexit.o(.ARM.Collect$$rtexit$$00000000)
    .ARM.Collect$$rtexit$$00000002           0x08000200   Section        0  rtexit2.o(.ARM.Collect$$rtexit$$00000002)
    .ARM.Collect$$rtexit$$00000003           0x08000200   Section        4  rtexit2.o(.ARM.Collect$$rtexit$$00000003)
    .ARM.Collect$$rtexit$$00000004           0x08000204   Section        6  rtexit2.o(.ARM.Collect$$rtexit$$00000004)
    $v0                                      0x0800020c   Number         0  startup_stm32f4xx.o(.text)
    .text                                    0x0800020c   Section       64  startup_stm32f4xx.o(.text)
    $v0                                      0x0800024c   Number         0  os_cpu_a.o(.text)
    .text                                    0x0800024c   Section      176  os_cpu_a.o(.text)
    .text                                    0x080002fc   Section        0  heapauxi.o(.text)
    .text                                    0x08000302   Section       74  sys_stackheap_outer.o(.text)
    .text                                    0x0800034c   Section        0  exit.o(.text)
    .text                                    0x08000360   Section        8  libspace.o(.text)
    .text                                    0x08000368   Section        0  sys_exit.o(.text)
    .text                                    0x08000374   Section        2  use_no_semi.o(.text)
    [Anonymous Symbol]                       0x08000376   Section        0  stm32f4xx_it.o(.text.BusFault_Handler)
    .text                                    0x08000376   Section        0  indicate_semi.o(.text)
    [Anonymous Symbol]                       0x08000378   Section        0  stm32f4xx_it.o(.text.DebugMon_Handler)
    [Anonymous Symbol]                       0x0800037a   Section        0  stm32f4xx_it.o(.text.HardFault_Handler)
    [Anonymous Symbol]                       0x08000384   Section        0  stm32f4xx_it.o(.text.MemManage_Handler)
    [Anonymous Symbol]                       0x08000386   Section        0  stm32f4xx_it.o(.text.NMI_Handler)
    [Anonymous Symbol]                       0x08000388   Section        0  os_core.o(.text.OSIntExit)
    __arm_cp.2_1                             0x080003dc   Number         4  os_core.o(.text.OSIntExit)
    [Anonymous Symbol]                       0x080003e0   Section        0  os_cpu_c.o(.text.OSTaskSwHook)
    [Anonymous Symbol]                       0x080003e4   Section        0  os_core.o(.text.OSTimeTick)
    [Anonymous Symbol]                       0x08000470   Section        0  os_cpu_c.o(.text.OSTimeTickHook)
    OS_SchedNew                              0x08000475   Thumb Code    24  os_core.o(.text.OS_SchedNew)
    [Anonymous Symbol]                       0x08000474   Section        0  os_core.o(.text.OS_SchedNew)
    __arm_cp.3_0                             0x0800048c   Number         4  os_core.o(.text.OS_SchedNew)
    __arm_cp.3_1                             0x08000490   Number         4  os_core.o(.text.OS_SchedNew)
    OUTLINED_FUNCTION_0                      0x08000495   Thumb Code    14  os_core.o(.text.OUTLINED_FUNCTION_0)
    [Anonymous Symbol]                       0x08000494   Section        0  os_core.o(.text.OUTLINED_FUNCTION_0)
    [Anonymous Symbol]                       0x080004a2   Section        0  stm32f4xx_it.o(.text.SVC_Handler)
    [Anonymous Symbol]                       0x080004a4   Section        0  os_cpu_c.o(.text.SysTick_Handler)
    __arm_cp.11_0                            0x080004cc   Number         4  os_cpu_c.o(.text.SysTick_Handler)
    __arm_cp.11_1                            0x080004d0   Number         4  os_cpu_c.o(.text.SysTick_Handler)
    [Anonymous Symbol]                       0x080004d4   Section        0  system_stm32f4xx.o(.text.SystemInit)
    __arm_cp.0_0                             0x080005a4   Number         4  system_stm32f4xx.o(.text.SystemInit)
    __arm_cp.0_1                             0x080005a8   Number         4  system_stm32f4xx.o(.text.SystemInit)
    __arm_cp.0_2                             0x080005ac   Number         4  system_stm32f4xx.o(.text.SystemInit)
    __arm_cp.0_3                             0x080005b0   Number         4  system_stm32f4xx.o(.text.SystemInit)
    __arm_cp.0_4                             0x080005b4   Number         4  system_stm32f4xx.o(.text.SystemInit)
    __arm_cp.0_5                             0x080005b8   Number         4  system_stm32f4xx.o(.text.SystemInit)
    [Anonymous Symbol]                       0x080005bc   Section        0  stm32f4xx_it.o(.text.UsageFault_Handler)
    [Anonymous Symbol]                       0x080005be   Section        0  delay.o(.text.delay_ms)
    [Anonymous Symbol]                       0x080005c0   Section        0  main.o(.text.main)
    $v0                                      0x080005c4   Number         0  fpinit.o(x$fpl$fpinit)
    x$fpl$fpinit                             0x080005c4   Section       26  fpinit.o(x$fpl$fpinit)
    .bss                                     0x20000000   Section       96  libspace.o(.bss)
    [Anonymous Symbol]                       0x20000060   Section        0  os_core.o(.bss..L_MergedGlobals)
    Heap_Mem                                 0x200001a0   Data       24576  startup_stm32f4xx.o(HEAP)
    HEAP                                     0x200001a0   Section    24576  startup_stm32f4xx.o(HEAP)
    Stack_Mem                                0x200061a0   Data       20480  startup_stm32f4xx.o(STACK)
    STACK                                    0x200061a0   Section    20480  startup_stm32f4xx.o(STACK)
    __initial_sp                             0x2000b1a0   Data           0  startup_stm32f4xx.o(STACK)

    Global Symbols

    Symbol Name                              Value     Ov Type        Size  Object(Section)

    BuildAttributes$$THM_ISAv4$E$P$D$K$B$S$7EM$VFPi3$EXTD16$VFPS$VFMA$PE$A:L22UL41UL21$X:L11$S22US41US21$IEEE1$IW$~IW$USESV6$~STKCKD$USESV7$~SHL$OSPACE$ROPI$EBA8$UX$STANDARDLIB$REQ8$PRES8$EABIv2 0x00000000   Number         0  anon$$obj.o ABSOLUTE
    __ARM_exceptions_init                     - Undefined Weak Reference
    __alloca_initialize                       - Undefined Weak Reference
    __arm_preinit_                            - Undefined Weak Reference
    __arm_relocate_pie_                       - Undefined Weak Reference
    __cpp_initialize__aeabi_                  - Undefined Weak Reference
    __cxa_finalize                            - Undefined Weak Reference
    __rt_locale                               - Undefined Weak Reference
    __sigvec_lookup                           - Undefined Weak Reference
    _atexit_init                              - Undefined Weak Reference
    _call_atexit_fns                          - Undefined Weak Reference
    _clock_init                               - Undefined Weak Reference
    _fp_trap_init                             - Undefined Weak Reference
    _fp_trap_shutdown                         - Undefined Weak Reference
    _get_lc_collate                           - Undefined Weak Reference
    _get_lc_ctype                             - Undefined Weak Reference
    _get_lc_monetary                          - Undefined Weak Reference
    _get_lc_numeric                           - Undefined Weak Reference
    _get_lc_time                              - Undefined Weak Reference
    _getenv_init                              - Undefined Weak Reference
    _handle_redirection                       - Undefined Weak Reference
    _init_alloc                               - Undefined Weak Reference
    _init_user_alloc                          - Undefined Weak Reference
    _initio                                   - Undefined Weak Reference
    _rand_init                                - Undefined Weak Reference
    _signal_finish                            - Undefined Weak Reference
    _signal_init                              - Undefined Weak Reference
    _terminate_alloc                          - Undefined Weak Reference
    _terminate_user_alloc                     - Undefined Weak Reference
    _terminateio                              - Undefined Weak Reference
    __Vectors_Size                           0x00000188   Number         0  startup_stm32f4xx.o ABSOLUTE
    __Vectors                                0x08000000   Data           4  startup_stm32f4xx.o(RESET)
    __Vectors_End                            0x08000188   Data           0  startup_stm32f4xx.o(RESET)
    __main                                   0x08000189   Thumb Code     8  __main.o(!!!main)
    __scatterload                            0x08000191   Thumb Code     0  __scatter.o(!!!scatter)
    __scatterload_rt2                        0x08000191   Thumb Code    44  __scatter.o(!!!scatter)
    __scatterload_rt2_thumb_only             0x08000191   Thumb Code     0  __scatter.o(!!!scatter)
    __scatterload_null                       0x0800019f   Thumb Code     0  __scatter.o(!!!scatter)
    __scatterload_zeroinit                   0x080001c5   Thumb Code    28  __scatter_zi.o(!!handler_zi)
    __rt_lib_init                            0x080001e1   Thumb Code     0  libinit.o(.ARM.Collect$$libinit$$00000000)
    __rt_lib_init_fp_1                       0x080001e3   Thumb Code     0  libinit2.o(.ARM.Collect$$libinit$$00000001)
    __rt_lib_init_alloca_1                   0x080001e7   Thumb Code     0  libinit2.o(.ARM.Collect$$libinit$$00000030)
    __rt_lib_init_argv_1                     0x080001e7   Thumb Code     0  libinit2.o(.ARM.Collect$$libinit$$0000002E)
    __rt_lib_init_atexit_1                   0x080001e7   Thumb Code     0  libinit2.o(.ARM.Collect$$libinit$$0000001D)
    __rt_lib_init_clock_1                    0x080001e7   Thumb Code     0  libinit2.o(.ARM.Collect$$libinit$$00000023)
    __rt_lib_init_cpp_1                      0x080001e7   Thumb Code     0  libinit2.o(.ARM.Collect$$libinit$$00000034)
    __rt_lib_init_exceptions_1               0x080001e7   Thumb Code     0  libinit2.o(.ARM.Collect$$libinit$$00000032)
    __rt_lib_init_fp_trap_1                  0x080001e7   Thumb Code     0  libinit2.o(.ARM.Collect$$libinit$$00000021)
    __rt_lib_init_getenv_1                   0x080001e7   Thumb Code     0  libinit2.o(.ARM.Collect$$libinit$$00000025)
    __rt_lib_init_heap_1                     0x080001e7   Thumb Code     0  libinit2.o(.ARM.Collect$$libinit$$0000000C)
    __rt_lib_init_lc_collate_1               0x080001e7   Thumb Code     0  libinit2.o(.ARM.Collect$$libinit$$00000013)
    __rt_lib_init_lc_ctype_1                 0x080001e7   Thumb Code     0  libinit2.o(.ARM.Collect$$libinit$$00000015)
    __rt_lib_init_lc_monetary_1              0x080001e7   Thumb Code     0  libinit2.o(.ARM.Collect$$libinit$$00000017)
    __rt_lib_init_lc_numeric_1               0x080001e7   Thumb Code     0  libinit2.o(.ARM.Collect$$libinit$$00000019)
    __rt_lib_init_lc_time_1                  0x080001e7   Thumb Code     0  libinit2.o(.ARM.Collect$$libinit$$0000001B)
    __rt_lib_init_preinit_1                  0x080001e7   Thumb Code     0  libinit2.o(.ARM.Collect$$libinit$$00000006)
    __rt_lib_init_rand_1                     0x080001e7   Thumb Code     0  libinit2.o(.ARM.Collect$$libinit$$00000010)
    __rt_lib_init_relocate_pie_1             0x080001e7   Thumb Code     0  libinit2.o(.ARM.Collect$$libinit$$00000004)
    __rt_lib_init_return                     0x080001e7   Thumb Code     0  libinit2.o(.ARM.Collect$$libinit$$00000035)
    __rt_lib_init_signal_1                   0x080001e7   Thumb Code     0  libinit2.o(.ARM.Collect$$libinit$$0000001F)
    __rt_lib_init_stdio_1                    0x080001e7   Thumb Code     0  libinit2.o(.ARM.Collect$$libinit$$00000027)
    __rt_lib_init_user_alloc_1               0x080001e7   Thumb Code     0  libinit2.o(.ARM.Collect$$libinit$$0000000E)
    __rt_lib_shutdown                        0x080001e9   Thumb Code     0  libshutdown.o(.ARM.Collect$$libshutdown$$00000000)
    __rt_lib_shutdown_cpp_1                  0x080001eb   Thumb Code     0  libshutdown2.o(.ARM.Collect$$libshutdown$$00000002)
    __rt_lib_shutdown_fp_trap_1              0x080001eb   Thumb Code     0  libshutdown2.o(.ARM.Collect$$libshutdown$$00000007)
    __rt_lib_shutdown_heap_1                 0x080001eb   Thumb Code     0  libshutdown2.o(.ARM.Collect$$libshutdown$$0000000F)
    __rt_lib_shutdown_return                 0x080001eb   Thumb Code     0  libshutdown2.o(.ARM.Collect$$libshutdown$$00000010)
    __rt_lib_shutdown_signal_1               0x080001eb   Thumb Code     0  libshutdown2.o(.ARM.Collect$$libshutdown$$0000000A)
    __rt_lib_shutdown_stdio_1                0x080001eb   Thumb Code     0  libshutdown2.o(.ARM.Collect$$libshutdown$$00000004)
    __rt_lib_shutdown_user_alloc_1           0x080001eb   Thumb Code     0  libshutdown2.o(.ARM.Collect$$libshutdown$$0000000C)
    __rt_entry                               0x080001ed   Thumb Code     0  __rtentry.o(.ARM.Collect$$rtentry$$00000000)
    __rt_entry_presh_1                       0x080001ed   Thumb Code     0  __rtentry2.o(.ARM.Collect$$rtentry$$00000002)
    __rt_entry_sh                            0x080001ed   Thumb Code     0  __rtentry4.o(.ARM.Collect$$rtentry$$00000004)
    __rt_entry_li                            0x080001f3   Thumb Code     0  __rtentry2.o(.ARM.Collect$$rtentry$$0000000A)
    __rt_entry_postsh_1                      0x080001f3   Thumb Code     0  __rtentry2.o(.ARM.Collect$$rtentry$$00000009)
    __rt_entry_main                          0x080001f7   Thumb Code     0  __rtentry2.o(.ARM.Collect$$rtentry$$0000000D)
    __rt_entry_postli_1                      0x080001f7   Thumb Code     0  __rtentry2.o(.ARM.Collect$$rtentry$$0000000C)
    __rt_exit                                0x080001ff   Thumb Code     0  rtexit.o(.ARM.Collect$$rtexit$$00000000)
    __rt_exit_ls                             0x08000201   Thumb Code     0  rtexit2.o(.ARM.Collect$$rtexit$$00000003)
    __rt_exit_prels_1                        0x08000201   Thumb Code     0  rtexit2.o(.ARM.Collect$$rtexit$$00000002)
    __rt_exit_exit                           0x08000205   Thumb Code     0  rtexit2.o(.ARM.Collect$$rtexit$$00000004)
    Reset_Handler                            0x0800020d   Thumb Code     8  startup_stm32f4xx.o(.text)
    ADC_IRQHandler                           0x08000227   Thumb Code     0  startup_stm32f4xx.o(.text)
    CAN1_RX0_IRQHandler                      0x08000227   Thumb Code     0  startup_stm32f4xx.o(.text)
    CAN1_RX1_IRQHandler                      0x08000227   Thumb Code     0  startup_stm32f4xx.o(.text)
    CAN1_SCE_IRQHandler                      0x08000227   Thumb Code     0  startup_stm32f4xx.o(.text)
    CAN1_TX_IRQHandler                       0x08000227   Thumb Code     0  startup_stm32f4xx.o(.text)
    CAN2_RX0_IRQHandler                      0x08000227   Thumb Code     0  startup_stm32f4xx.o(.text)
    CAN2_RX1_IRQHandler                      0x08000227   Thumb Code     0  startup_stm32f4xx.o(.text)
    CAN2_SCE_IRQHandler                      0x08000227   Thumb Code     0  startup_stm32f4xx.o(.text)
    CAN2_TX_IRQHandler                       0x08000227   Thumb Code     0  startup_stm32f4xx.o(.text)
    CRYP_IRQHandler                          0x08000227   Thumb Code     0  startup_stm32f4xx.o(.text)
    DCMI_IRQHandler                          0x08000227   Thumb Code     0  startup_stm32f4xx.o(.text)
    DMA1_Stream0_IRQHandler                  0x08000227   Thumb Code     0  startup_stm32f4xx.o(.text)
    DMA1_Stream1_IRQHandler                  0x08000227   Thumb Code     0  startup_stm32f4xx.o(.text)
    DMA1_Stream2_IRQHandler                  0x08000227   Thumb Code     0  startup_stm32f4xx.o(.text)
    DMA1_Stream3_IRQHandler                  0x08000227   Thumb Code     0  startup_stm32f4xx.o(.text)
    DMA1_Stream4_IRQHandler                  0x08000227   Thumb Code     0  startup_stm32f4xx.o(.text)
    DMA1_Stream5_IRQHandler                  0x08000227   Thumb Code     0  startup_stm32f4xx.o(.text)
    DMA1_Stream6_IRQHandler                  0x08000227   Thumb Code     0  startup_stm32f4xx.o(.text)
    DMA1_Stream7_IRQHandler                  0x08000227   Thumb Code     0  startup_stm32f4xx.o(.text)
    DMA2_Stream0_IRQHandler                  0x08000227   Thumb Code     0  startup_stm32f4xx.o(.text)
    DMA2_Stream1_IRQHandler                  0x08000227   Thumb Code     0  startup_stm32f4xx.o(.text)
    DMA2_Stream2_IRQHandler                  0x08000227   Thumb Code     0  startup_stm32f4xx.o(.text)
    DMA2_Stream3_IRQHandler                  0x08000227   Thumb Code     0  startup_stm32f4xx.o(.text)
    DMA2_Stream4_IRQHandler                  0x08000227   Thumb Code     0  startup_stm32f4xx.o(.text)
    DMA2_Stream5_IRQHandler                  0x08000227   Thumb Code     0  startup_stm32f4xx.o(.text)
    DMA2_Stream6_IRQHandler                  0x08000227   Thumb Code     0  startup_stm32f4xx.o(.text)
    DMA2_Stream7_IRQHandler                  0x08000227   Thumb Code     0  startup_stm32f4xx.o(.text)
    ETH_IRQHandler                           0x08000227   Thumb Code     0  startup_stm32f4xx.o(.text)
    ETH_WKUP_IRQHandler                      0x08000227   Thumb Code     0  startup_stm32f4xx.o(.text)
    EXTI0_IRQHandler                         0x08000227   Thumb Code     0  startup_stm32f4xx.o(.text)
    EXTI15_10_IRQHandler                     0x08000227   Thumb Code     0  startup_stm32f4xx.o(.text)
    EXTI1_IRQHandler                         0x08000227   Thumb Code     0  startup_stm32f4xx.o(.text)
    EXTI2_IRQHandler                         0x08000227   Thumb Code     0  startup_stm32f4xx.o(.text)
    EXTI3_IRQHandler                         0x08000227   Thumb Code     0  startup_stm32f4xx.o(.text)
    EXTI4_IRQHandler                         0x08000227   Thumb Code     0  startup_stm32f4xx.o(.text)
    EXTI9_5_IRQHandler                       0x08000227   Thumb Code     0  startup_stm32f4xx.o(.text)
    FLASH_IRQHandler                         0x08000227   Thumb Code     0  startup_stm32f4xx.o(.text)
    FPU_IRQHandler                           0x08000227   Thumb Code     0  startup_stm32f4xx.o(.text)
    FSMC_IRQHandler                          0x08000227   Thumb Code     0  startup_stm32f4xx.o(.text)
    HASH_RNG_IRQHandler                      0x08000227   Thumb Code     0  startup_stm32f4xx.o(.text)
    I2C1_ER_IRQHandler                       0x08000227   Thumb Code     0  startup_stm32f4xx.o(.text)
    I2C1_EV_IRQHandler                       0x08000227   Thumb Code     0  startup_stm32f4xx.o(.text)
    I2C2_ER_IRQHandler                       0x08000227   Thumb Code     0  startup_stm32f4xx.o(.text)
    I2C2_EV_IRQHandler                       0x08000227   Thumb Code     0  startup_stm32f4xx.o(.text)
    I2C3_ER_IRQHandler                       0x08000227   Thumb Code     0  startup_stm32f4xx.o(.text)
    I2C3_EV_IRQHandler                       0x08000227   Thumb Code     0  startup_stm32f4xx.o(.text)
    OTG_FS_IRQHandler                        0x08000227   Thumb Code     0  startup_stm32f4xx.o(.text)
    OTG_FS_WKUP_IRQHandler                   0x08000227   Thumb Code     0  startup_stm32f4xx.o(.text)
    OTG_HS_EP1_IN_IRQHandler                 0x08000227   Thumb Code     0  startup_stm32f4xx.o(.text)
    OTG_HS_EP1_OUT_IRQHandler                0x08000227   Thumb Code     0  startup_stm32f4xx.o(.text)
    OTG_HS_IRQHandler                        0x08000227   Thumb Code     0  startup_stm32f4xx.o(.text)
    OTG_HS_WKUP_IRQHandler                   0x08000227   Thumb Code     0  startup_stm32f4xx.o(.text)
    PVD_IRQHandler                           0x08000227   Thumb Code     0  startup_stm32f4xx.o(.text)
    RCC_IRQHandler                           0x08000227   Thumb Code     0  startup_stm32f4xx.o(.text)
    RTC_Alarm_IRQHandler                     0x08000227   Thumb Code     0  startup_stm32f4xx.o(.text)
    RTC_WKUP_IRQHandler                      0x08000227   Thumb Code     0  startup_stm32f4xx.o(.text)
    SDIO_IRQHandler                          0x08000227   Thumb Code     0  startup_stm32f4xx.o(.text)
    SPI1_IRQHandler                          0x08000227   Thumb Code     0  startup_stm32f4xx.o(.text)
    SPI2_IRQHandler                          0x08000227   Thumb Code     0  startup_stm32f4xx.o(.text)
    SPI3_IRQHandler                          0x08000227   Thumb Code     0  startup_stm32f4xx.o(.text)
    TAMP_STAMP_IRQHandler                    0x08000227   Thumb Code     0  startup_stm32f4xx.o(.text)
    TIM1_BRK_TIM9_IRQHandler                 0x08000227   Thumb Code     0  startup_stm32f4xx.o(.text)
    TIM1_CC_IRQHandler                       0x08000227   Thumb Code     0  startup_stm32f4xx.o(.text)
    TIM1_TRG_COM_TIM11_IRQHandler            0x08000227   Thumb Code     0  startup_stm32f4xx.o(.text)
    TIM1_UP_TIM10_IRQHandler                 0x08000227   Thumb Code     0  startup_stm32f4xx.o(.text)
    TIM2_IRQHandler                          0x08000227   Thumb Code     0  startup_stm32f4xx.o(.text)
    TIM3_IRQHandler                          0x08000227   Thumb Code     0  startup_stm32f4xx.o(.text)
    TIM4_IRQHandler                          0x08000227   Thumb Code     0  startup_stm32f4xx.o(.text)
    TIM5_IRQHandler                          0x08000227   Thumb Code     0  startup_stm32f4xx.o(.text)
    TIM6_DAC_IRQHandler                      0x08000227   Thumb Code     0  startup_stm32f4xx.o(.text)
    TIM7_IRQHandler                          0x08000227   Thumb Code     0  startup_stm32f4xx.o(.text)
    TIM8_BRK_TIM12_IRQHandler                0x08000227   Thumb Code     0  startup_stm32f4xx.o(.text)
    TIM8_CC_IRQHandler                       0x08000227   Thumb Code     0  startup_stm32f4xx.o(.text)
    TIM8_TRG_COM_TIM14_IRQHandler            0x08000227   Thumb Code     0  startup_stm32f4xx.o(.text)
    TIM8_UP_TIM13_IRQHandler                 0x08000227   Thumb Code     0  startup_stm32f4xx.o(.text)
    UART4_IRQHandler                         0x08000227   Thumb Code     0  startup_stm32f4xx.o(.text)
    UART5_IRQHandler                         0x08000227   Thumb Code     0  startup_stm32f4xx.o(.text)
    USART1_IRQHandler                        0x08000227   Thumb Code     0  startup_stm32f4xx.o(.text)
    USART2_IRQHandler                        0x08000227   Thumb Code     0  startup_stm32f4xx.o(.text)
    USART3_IRQHandler                        0x08000227   Thumb Code     0  startup_stm32f4xx.o(.text)
    USART6_IRQHandler                        0x08000227   Thumb Code     0  startup_stm32f4xx.o(.text)
    WWDG_IRQHandler                          0x08000227   Thumb Code     0  startup_stm32f4xx.o(.text)
    __user_initial_stackheap                 0x08000229   Thumb Code     0  startup_stm32f4xx.o(.text)
    OS_CPU_SR_Save                           0x0800024d   Thumb Code     0  os_cpu_a.o(.text)
    OS_CPU_SR_Restore                        0x08000255   Thumb Code     0  os_cpu_a.o(.text)
    OSStartHighRdy                           0x0800025b   Thumb Code     0  os_cpu_a.o(.text)
    OSCtxSw                                  0x0800027b   Thumb Code     0  os_cpu_a.o(.text)
    OSIntCtxSw                               0x08000285   Thumb Code     0  os_cpu_a.o(.text)
    PendSV_Handler                           0x0800028f   Thumb Code     0  os_cpu_a.o(.text)
    __use_two_region_memory                  0x080002fd   Thumb Code     2  heapauxi.o(.text)
    __rt_heap_escrow$2region                 0x080002ff   Thumb Code     2  heapauxi.o(.text)
    __rt_heap_expand$2region                 0x08000301   Thumb Code     2  heapauxi.o(.text)
    __user_setup_stackheap                   0x08000303   Thumb Code    74  sys_stackheap_outer.o(.text)
    exit                                     0x0800034d   Thumb Code    18  exit.o(.text)
    __user_libspace                          0x08000361   Thumb Code     8  libspace.o(.text)
    __user_perproc_libspace                  0x08000361   Thumb Code     0  libspace.o(.text)
    __user_perthread_libspace                0x08000361   Thumb Code     0  libspace.o(.text)
    _sys_exit                                0x08000369   Thumb Code     8  sys_exit.o(.text)
    __I$use$semihosting                      0x08000375   Thumb Code     0  use_no_semi.o(.text)
    __use_no_semihosting_swi                 0x08000375   Thumb Code     2  use_no_semi.o(.text)
    BusFault_Handler                         0x08000377   Thumb Code     2  stm32f4xx_it.o(.text.BusFault_Handler)
    __semihosting_library_function           0x08000377   Thumb Code     0  indicate_semi.o(.text)
    DebugMon_Handler                         0x08000379   Thumb Code     2  stm32f4xx_it.o(.text.DebugMon_Handler)
    HardFault_Handler                        0x0800037b   Thumb Code    10  stm32f4xx_it.o(.text.HardFault_Handler)
    MemManage_Handler                        0x08000385   Thumb Code     2  stm32f4xx_it.o(.text.MemManage_Handler)
    NMI_Handler                              0x08000387   Thumb Code     2  stm32f4xx_it.o(.text.NMI_Handler)
    OSIntExit                                0x08000389   Thumb Code    84  os_core.o(.text.OSIntExit)
    OSTaskSwHook                             0x080003e1   Thumb Code     2  os_cpu_c.o(.text.OSTaskSwHook)
    OSTimeTick                               0x080003e5   Thumb Code   140  os_core.o(.text.OSTimeTick)
    OSTimeTickHook                           0x08000471   Thumb Code     2  os_cpu_c.o(.text.OSTimeTickHook)
    SVC_Handler                              0x080004a3   Thumb Code     2  stm32f4xx_it.o(.text.SVC_Handler)
    SysTick_Handler                          0x080004a5   Thumb Code    40  os_cpu_c.o(.text.SysTick_Handler)
    SystemInit                               0x080004d5   Thumb Code   208  system_stm32f4xx.o(.text.SystemInit)
    UsageFault_Handler                       0x080005bd   Thumb Code     2  stm32f4xx_it.o(.text.UsageFault_Handler)
    delay_ms                                 0x080005bf   Thumb Code     2  delay.o(.text.delay_ms)
    main                                     0x080005c1   Thumb Code     4  main.o(.text.main)
    _fp_init                                 0x080005c5   Thumb Code    26  fpinit.o(x$fpl$fpinit)
    __fplib_config_fpu_vfp                   0x080005dd   Thumb Code     0  fpinit.o(x$fpl$fpinit)
    __fplib_config_pureend_doubles           0x080005dd   Thumb Code     0  fpinit.o(x$fpl$fpinit)
    OSUnMapTbl                               0x080005de   Data         256  os_core.o(.rodata.OSUnMapTbl)
    Region$$Table$$Base                      0x080006e0   Number         0  anon$$obj.o(Region$$Table)
    Region$$Table$$Limit                     0x080006f0   Number         0  anon$$obj.o(Region$$Table)
    __libspace_start                         0x20000000   Data          96  libspace.o(.bss)
    OSRunning                                0x20000060   Data           1  os_core.o(.bss..L_MergedGlobals)
    __temporary_stack_top$libspace           0x20000060   Data           0  libspace.o(.bss)
    OSIntNesting                             0x20000061   Data           1  os_core.o(.bss..L_MergedGlobals)
    OSLockNesting                            0x20000062   Data           1  os_core.o(.bss..L_MergedGlobals)
    OSPrioHighRdy                            0x20000063   Data           1  os_core.o(.bss..L_MergedGlobals)
    OSPrioCur                                0x20000064   Data           1  os_core.o(.bss..L_MergedGlobals)
    OSStatRdy                                0x20000065   Data           1  os_core.o(.bss..L_MergedGlobals)
    OSTickStepState                          0x20000066   Data           1  os_core.o(.bss..L_MergedGlobals)
    OSRdyGrp                                 0x20000067   Data           1  os_core.o(.bss..L_MergedGlobals)
    OSCPUUsage                               0x20000068   Data           1  os_core.o(.bss..L_MergedGlobals)
    OSTaskCtr                                0x20000069   Data           1  os_core.o(.bss..L_MergedGlobals)
    OSTCBHighRdy                             0x2000006c   Data           4  os_core.o(.bss..L_MergedGlobals)
    OSCtxSwCtr                               0x20000070   Data           4  os_core.o(.bss..L_MergedGlobals)
    OSTCBCur                                 0x20000074   Data           4  os_core.o(.bss..L_MergedGlobals)
    OSIdleCtr                                0x20000078   Data           4  os_core.o(.bss..L_MergedGlobals)
    OSIdleCtrMax                             0x2000007c   Data           4  os_core.o(.bss..L_MergedGlobals)
    OSTime                                   0x20000080   Data           4  os_core.o(.bss..L_MergedGlobals)
    OSTCBList                                0x20000084   Data           4  os_core.o(.bss..L_MergedGlobals)
    OSIdleCtrRun                             0x20000088   Data           4  os_core.o(.bss..L_MergedGlobals)
    OSTCBFreeList                            0x2000008c   Data           4  os_core.o(.bss..L_MergedGlobals)
    OSEventFreeList                          0x20000090   Data           4  os_core.o(.bss..L_MergedGlobals)
    OSRdyTbl                                 0x20000094   Data           8  os_core.o(.bss..L_MergedGlobals)
    OSTCBPrioTbl                             0x2000009c   Data         256  os_core.o(.bss.OSTCBPrioTbl)
    tick_ms                                  0x2000019c   Data           4  os_cpu_c.o(.bss.tick_ms)



==============================================================================

Memory Map of the image

  Image Entry point : 0x08000189

  Load Region LR_IROM1 (Base: 0x08000000, Size: 0x000006f0, Max: 0x00100000, ABSOLUTE)

    Execution Region ER_IROM1 (Exec base: 0x08000000, Load base: 0x08000000, Size: 0x000006f0, Max: 0x00100000, ABSOLUTE)

    Exec Addr    Load Addr    Size         Type   Attr      Idx    E Section Name        Object

    0x08000000   0x08000000   0x00000188   Data   RO          995    RESET               startup_stm32f4xx.o
    0x08000188   0x08000188   0x00000008   Code   RO         1377  * !!!main             c_w.l(__main.o)
    0x08000190   0x08000190   0x00000034   Code   RO         1542    !!!scatter          c_w.l(__scatter.o)
    0x080001c4   0x080001c4   0x0000001c   Code   RO         1544    !!handler_zi        c_w.l(__scatter_zi.o)
    0x080001e0   0x080001e0   0x00000002   Code   RO         1404    .ARM.Collect$$libinit$$00000000  c_w.l(libinit.o)
    0x080001e2   0x080001e2   0x00000004   Code   RO         1410    .ARM.Collect$$libinit$$00000001  c_w.l(libinit2.o)
    0x080001e6   0x080001e6   0x00000000   Code   RO         1413    .ARM.Collect$$libinit$$00000004  c_w.l(libinit2.o)
    0x080001e6   0x080001e6   0x00000000   Code   RO         1415    .ARM.Collect$$libinit$$00000006  c_w.l(libinit2.o)
    0x080001e6   0x080001e6   0x00000000   Code   RO         1418    .ARM.Collect$$libinit$$0000000C  c_w.l(libinit2.o)
    0x080001e6   0x080001e6   0x00000000   Code   RO         1420    .ARM.Collect$$libinit$$0000000E  c_w.l(libinit2.o)
    0x080001e6   0x080001e6   0x00000000   Code   RO         1422    .ARM.Collect$$libinit$$00000010  c_w.l(libinit2.o)
    0x080001e6   0x080001e6   0x00000000   Code   RO         1425    .ARM.Collect$$libinit$$00000013  c_w.l(libinit2.o)
    0x080001e6   0x080001e6   0x00000000   Code   RO         1427    .ARM.Collect$$libinit$$00000015  c_w.l(libinit2.o)
    0x080001e6   0x080001e6   0x00000000   Code   RO         1429    .ARM.Collect$$libinit$$00000017  c_w.l(libinit2.o)
    0x080001e6   0x080001e6   0x00000000   Code   RO         1431    .ARM.Collect$$libinit$$00000019  c_w.l(libinit2.o)
    0x080001e6   0x080001e6   0x00000000   Code   RO         1433    .ARM.Collect$$libinit$$0000001B  c_w.l(libinit2.o)
    0x080001e6   0x080001e6   0x00000000   Code   RO         1435    .ARM.Collect$$libinit$$0000001D  c_w.l(libinit2.o)
    0x080001e6   0x080001e6   0x00000000   Code   RO         1437    .ARM.Collect$$libinit$$0000001F  c_w.l(libinit2.o)
    0x080001e6   0x080001e6   0x00000000   Code   RO         1439    .ARM.Collect$$libinit$$00000021  c_w.l(libinit2.o)
    0x080001e6   0x080001e6   0x00000000   Code   RO         1441    .ARM.Collect$$libinit$$00000023  c_w.l(libinit2.o)
    0x080001e6   0x080001e6   0x00000000   Code   RO         1443    .ARM.Collect$$libinit$$00000025  c_w.l(libinit2.o)
    0x080001e6   0x080001e6   0x00000000   Code   RO         1445    .ARM.Collect$$libinit$$00000027  c_w.l(libinit2.o)
    0x080001e6   0x080001e6   0x00000000   Code   RO         1449    .ARM.Collect$$libinit$$0000002E  c_w.l(libinit2.o)
    0x080001e6   0x080001e6   0x00000000   Code   RO         1451    .ARM.Collect$$libinit$$00000030  c_w.l(libinit2.o)
    0x080001e6   0x080001e6   0x00000000   Code   RO         1453    .ARM.Collect$$libinit$$00000032  c_w.l(libinit2.o)
    0x080001e6   0x080001e6   0x00000000   Code   RO         1455    .ARM.Collect$$libinit$$00000034  c_w.l(libinit2.o)
    0x080001e6   0x080001e6   0x00000002   Code   RO         1456    .ARM.Collect$$libinit$$00000035  c_w.l(libinit2.o)
    0x080001e8   0x080001e8   0x00000002   Code   RO         1478    .ARM.Collect$$libshutdown$$00000000  c_w.l(libshutdown.o)
    0x080001ea   0x080001ea   0x00000000   Code   RO         1493    .ARM.Collect$$libshutdown$$00000002  c_w.l(libshutdown2.o)
    0x080001ea   0x080001ea   0x00000000   Code   RO         1495    .ARM.Collect$$libshutdown$$00000004  c_w.l(libshutdown2.o)
    0x080001ea   0x080001ea   0x00000000   Code   RO         1498    .ARM.Collect$$libshutdown$$00000007  c_w.l(libshutdown2.o)
    0x080001ea   0x080001ea   0x00000000   Code   RO         1501    .ARM.Collect$$libshutdown$$0000000A  c_w.l(libshutdown2.o)
    0x080001ea   0x080001ea   0x00000000   Code   RO         1503    .ARM.Collect$$libshutdown$$0000000C  c_w.l(libshutdown2.o)
    0x080001ea   0x080001ea   0x00000000   Code   RO         1506    .ARM.Collect$$libshutdown$$0000000F  c_w.l(libshutdown2.o)
    0x080001ea   0x080001ea   0x00000002   Code   RO         1507    .ARM.Collect$$libshutdown$$00000010  c_w.l(libshutdown2.o)
    0x080001ec   0x080001ec   0x00000000   Code   RO         1379    .ARM.Collect$$rtentry$$00000000  c_w.l(__rtentry.o)
    0x080001ec   0x080001ec   0x00000000   Code   RO         1381    .ARM.Collect$$rtentry$$00000002  c_w.l(__rtentry2.o)
    0x080001ec   0x080001ec   0x00000006   Code   RO         1393    .ARM.Collect$$rtentry$$00000004  c_w.l(__rtentry4.o)
    0x080001f2   0x080001f2   0x00000000   Code   RO         1383    .ARM.Collect$$rtentry$$00000009  c_w.l(__rtentry2.o)
    0x080001f2   0x080001f2   0x00000004   Code   RO         1384    .ARM.Collect$$rtentry$$0000000A  c_w.l(__rtentry2.o)
    0x080001f6   0x080001f6   0x00000000   Code   RO         1386    .ARM.Collect$$rtentry$$0000000C  c_w.l(__rtentry2.o)
    0x080001f6   0x080001f6   0x00000008   Code   RO         1387    .ARM.Collect$$rtentry$$0000000D  c_w.l(__rtentry2.o)
    0x080001fe   0x080001fe   0x00000002   Code   RO         1408    .ARM.Collect$$rtexit$$00000000  c_w.l(rtexit.o)
    0x08000200   0x08000200   0x00000000   Code   RO         1458    .ARM.Collect$$rtexit$$00000002  c_w.l(rtexit2.o)
    0x08000200   0x08000200   0x00000004   Code   RO         1459    .ARM.Collect$$rtexit$$00000003  c_w.l(rtexit2.o)
    0x08000204   0x08000204   0x00000006   Code   RO         1460    .ARM.Collect$$rtexit$$00000004  c_w.l(rtexit2.o)
    0x0800020a   0x0800020a   0x00000002   PAD
    0x0800020c   0x0800020c   0x00000040   Code   RO          996    .text               startup_stm32f4xx.o
    0x0800024c   0x0800024c   0x000000b0   Code   RO         1327    .text               os_cpu_a.o
    0x080002fc   0x080002fc   0x00000006   Code   RO         1375    .text               c_w.l(heapauxi.o)
    0x08000302   0x08000302   0x0000004a   Code   RO         1395    .text               c_w.l(sys_stackheap_outer.o)
    0x0800034c   0x0800034c   0x00000012   Code   RO         1397    .text               c_w.l(exit.o)
    0x0800035e   0x0800035e   0x00000002   PAD
    0x08000360   0x08000360   0x00000008   Code   RO         1405    .text               c_w.l(libspace.o)
    0x08000368   0x08000368   0x0000000c   Code   RO         1468    .text               c_w.l(sys_exit.o)
    0x08000374   0x08000374   0x00000002   Code   RO         1483    .text               c_w.l(use_no_semi.o)
    0x08000376   0x08000376   0x00000000   Code   RO         1485    .text               c_w.l(indicate_semi.o)
    0x08000376   0x08000376   0x00000002   Code   RO          374    .text.BusFault_Handler  stm32f4xx_it.o
    0x08000378   0x08000378   0x00000002   Code   RO          380    .text.DebugMon_Handler  stm32f4xx_it.o
    0x0800037a   0x0800037a   0x0000000a   Code   RO          370    .text.HardFault_Handler  stm32f4xx_it.o
    0x08000384   0x08000384   0x00000002   Code   RO          372    .text.MemManage_Handler  stm32f4xx_it.o
    0x08000386   0x08000386   0x00000002   Code   RO          368    .text.NMI_Handler   stm32f4xx_it.o
    0x08000388   0x08000388   0x00000058   Code   RO         1007    .text.OSIntExit     os_core.o
    0x080003e0   0x080003e0   0x00000002   Code   RO         1347    .text.OSTaskSwHook  os_cpu_c.o
    0x080003e2   0x080003e2   0x00000002   PAD
    0x080003e4   0x080003e4   0x0000008c   Code   RO         1021    .text.OSTimeTick    os_core.o
    0x08000470   0x08000470   0x00000002   Code   RO         1351    .text.OSTimeTickHook  os_cpu_c.o
    0x08000472   0x08000472   0x00000002   PAD
    0x08000474   0x08000474   0x00000020   Code   RO         1009    .text.OS_SchedNew   os_core.o
    0x08000494   0x08000494   0x0000000e   Code   RO         1049    .text.OUTLINED_FUNCTION_0  os_core.o
    0x080004a2   0x080004a2   0x00000002   Code   RO          378    .text.SVC_Handler   stm32f4xx_it.o
    0x080004a4   0x080004a4   0x00000030   Code   RO         1353    .text.SysTick_Handler  os_cpu_c.o
    0x080004d4   0x080004d4   0x000000e8   Code   RO          980    .text.SystemInit    system_stm32f4xx.o
    0x080005bc   0x080005bc   0x00000002   Code   RO          376    .text.UsageFault_Handler  stm32f4xx_it.o
    0x080005be   0x080005be   0x00000002   Code   RO           11    .text.delay_ms      delay.o
    0x080005c0   0x080005c0   0x00000004   Code   RO            2    .text.main          main.o
    0x080005c4   0x080005c4   0x0000001a   Code   RO         1466    x$fpl$fpinit        fz_wm.l(fpinit.o)
    0x080005de   0x080005de   0x00000100   Data   RO         1051    .rodata.OSUnMapTbl  os_core.o
    0x080006de   0x080006de   0x00000002   PAD
    0x080006e0   0x080006e0   0x00000010   Data   RO         1541    Region$$Table       anon$$obj.o


    Execution Region RW_IRAM1 (Exec base: 0x20000000, Load base: 0x080006f0, Size: 0x0000b1a0, Max: 0x00020000, ABSOLUTE)

    Exec Addr    Load Addr    Size         Type   Attr      Idx    E Section Name        Object

    0x20000000        -       0x00000060   Zero   RW         1406    .bss                c_w.l(libspace.o)
    0x20000060        -       0x0000003c   Zero   RW         1064    .bss..L_MergedGlobals  os_core.o
    0x2000009c        -       0x00000100   Zero   RW         1052    .bss.OSTCBPrioTbl   os_core.o
    0x2000019c        -       0x00000004   Zero   RW         1357    .bss.tick_ms        os_cpu_c.o
    0x200001a0        -       0x00006000   Zero   RW          994    HEAP                startup_stm32f4xx.o
    0x200061a0        -       0x00005000   Zero   RW          993    STACK               startup_stm32f4xx.o


==============================================================================

Image component sizes


      Code (inc. data)   RO Data    RW Data    ZI Data      Debug   Object Name

         2          0          0          0          0        813   delay.o
         4          0          0          0          0        357   main.o
       274         12        256          0        316      10329   os_core.o
       176         32          0          0          0        300   os_cpu_a.o
        52          8          0          0          4       8169   os_cpu_c.o
        64         26        392          0      45056        864   startup_stm32f4xx.o
        22          0          0          0          0        899   stm32f4xx_it.o
       232         24          0          0          0       3156   system_stm32f4xx.o

    ----------------------------------------------------------------------
       830        102        666          0      45376      24887   Object Totals
         0          0         16          0          0          0   (incl. Generated)
         4          0          2          0          0          0   (incl. Padding)

    ----------------------------------------------------------------------

      Code (inc. data)   RO Data    RW Data    ZI Data      Debug   Library Member Name

         8          0          0          0          0         68   __main.o
         0          0          0          0          0          0   __rtentry.o
        12          0          0          0          0          0   __rtentry2.o
         6          0          0          0          0          0   __rtentry4.o
        52          8          0          0          0          0   __scatter.o
        28          0          0          0          0          0   __scatter_zi.o
        18          0          0          0          0         80   exit.o
         6          0          0          0          0        152   heapauxi.o
         0          0          0          0          0          0   indicate_semi.o
         2          0          0          0          0          0   libinit.o
         6          0          0          0          0          0   libinit2.o
         2          0          0          0          0          0   libshutdown.o
         2          0          0          0          0          0   libshutdown2.o
         8          4          0          0         96         68   libspace.o
         2          0          0          0          0          0   rtexit.o
        10          0          0          0          0          0   rtexit2.o
        12          4          0          0          0         68   sys_exit.o
        74          0          0          0          0         80   sys_stackheap_outer.o
         2          0          0          0          0         68   use_no_semi.o
        26          0          0          0          0        116   fpinit.o

    ----------------------------------------------------------------------
       280         16          0          0         96        700   Library Totals
         4          0          0          0          0          0   (incl. Padding)

    ----------------------------------------------------------------------

      Code (inc. data)   RO Data    RW Data    ZI Data      Debug   Library Name

       250         16          0          0         96        584   c_w.l
        26          0          0          0          0        116   fz_wm.l

    ----------------------------------------------------------------------
       280         16          0          0         96        700   Library Totals

    ----------------------------------------------------------------------

==============================================================================


      Code (inc. data)   RO Data    RW Data    ZI Data      Debug   

      1110        118        666          0      45472      25263   Grand Totals
      1110        118        666          0      45472      25263   ELF Image Totals
      1110        118        666          0          0          0   ROM Totals

==============================================================================

    Total RO  Size (Code + RO Data)                 1776 (   1.73kB)
    Total RW  Size (RW Data + ZI Data)             45472 (  44.41kB)
    Total ROM Size (Code + RO Data + RW Data)       1776 (   1.73kB)

==============================================================================

