Component: Arm Compiler for Embedded 6.18 Tool: armlink [5e4cc100]

==============================================================================

Section Cross References

    main.o(.ARM.exidx.text.main) refers to main.o(.text.main) for [Anonymous Symbol]
    irqhandler.o(.text.G_output_infoSet) refers to irqhandler.o(.bss..L_MergedGlobals.1) for [Anonymous Symbol]
    irqhandler.o(.ARM.exidx.text.G_output_infoSet) refers to irqhandler.o(.text.G_output_infoSet) for [Anonymous Symbol]
    irqhandler.o(.text.DMA2_Stream7_IRQHandler) refers to stm32f4xx_dma.o(.text.DMA_GetITStatus) for DMA_GetITStatus
    irqhandler.o(.text.DMA2_Stream7_IRQHandler) refers to stm32f4xx_dma.o(.text.DMA_ClearFlag) for DMA_ClearFlag
    irqhandler.o(.text.DMA2_Stream7_IRQHandler) refers to stm32f4xx_dma.o(.text.DMA_ClearITPendingBit) for DMA_ClearITPendingBit
    irqhandler.o(.ARM.exidx.text.DMA2_Stream7_IRQHandler) refers to irqhandler.o(.text.DMA2_Stream7_IRQHandler) for [Anonymous Symbol]
    irqhandler.o(.text.DMA1_Stream6_IRQHandler) refers to stm32f4xx_dma.o(.text.DMA_GetITStatus) for DMA_GetITStatus
    irqhandler.o(.text.DMA1_Stream6_IRQHandler) refers to stm32f4xx_dma.o(.text.DMA_ClearFlag) for DMA_ClearFlag
    irqhandler.o(.text.DMA1_Stream6_IRQHandler) refers to stm32f4xx_dma.o(.text.DMA_ClearITPendingBit) for DMA_ClearITPendingBit
    irqhandler.o(.ARM.exidx.text.DMA1_Stream6_IRQHandler) refers to irqhandler.o(.text.DMA1_Stream6_IRQHandler) for [Anonymous Symbol]
    irqhandler.o(.text.USART1_IRQHandler) refers to stm32f4xx_usart.o(.text.USART_GetITStatus) for USART_GetITStatus
    irqhandler.o(.text.USART1_IRQHandler) refers to stm32f4xx_usart.o(.text.USART_ClearFlag) for USART_ClearFlag
    irqhandler.o(.text.USART1_IRQHandler) refers to irqhandler.o(.text.OUTLINED_FUNCTION_0) for OUTLINED_FUNCTION_0
    irqhandler.o(.text.USART1_IRQHandler) refers to stm32f4xx_usart.o(.text.USART_ReceiveData) for USART_ReceiveData
    irqhandler.o(.ARM.exidx.text.USART1_IRQHandler) refers to irqhandler.o(.text.USART1_IRQHandler) for [Anonymous Symbol]
    irqhandler.o(.text.USART2_IRQHandler) refers to stm32f4xx_usart.o(.text.USART_GetITStatus) for USART_GetITStatus
    irqhandler.o(.text.USART2_IRQHandler) refers to stm32f4xx_usart.o(.text.USART_ReceiveData) for USART_ReceiveData
    irqhandler.o(.text.USART2_IRQHandler) refers to stm32f4xx_usart.o(.text.USART_ClearFlag) for USART_ClearFlag
    irqhandler.o(.text.USART2_IRQHandler) refers to irqhandler.o(.text.OUTLINED_FUNCTION_0) for OUTLINED_FUNCTION_0
    irqhandler.o(.text.USART2_IRQHandler) refers to yesense.o(.text.yesenseAnalyze) for yesenseAnalyze
    irqhandler.o(.text.USART2_IRQHandler) refers to irqhandler.o(.text.G_output_infoSet) for G_output_infoSet
    irqhandler.o(.text.USART2_IRQHandler) refers to irqhandler.o(.bss..L_MergedGlobals.1) for [Anonymous Symbol]
    irqhandler.o(.text.USART2_IRQHandler) refers to irqhandler.o(.data..L_MergedGlobals) for [Anonymous Symbol]
    irqhandler.o(.text.USART2_IRQHandler) refers to robot.o(.bss.robot) for robot
    irqhandler.o(.ARM.exidx.text.USART2_IRQHandler) refers to irqhandler.o(.text.USART2_IRQHandler) for [Anonymous Symbol]
    irqhandler.o(.text.TIM2_IRQHandler) refers to stm32f4xx_tim.o(.text.TIM_GetITStatus) for TIM_GetITStatus
    irqhandler.o(.text.TIM2_IRQHandler) refers to stm32f4xx_tim.o(.text.TIM_ClearITPendingBit) for TIM_ClearITPendingBit
    irqhandler.o(.text.TIM2_IRQHandler) refers to tim.o(.bss.GolbalTimer) for GolbalTimer
    irqhandler.o(.ARM.exidx.text.TIM2_IRQHandler) refers to irqhandler.o(.text.TIM2_IRQHandler) for [Anonymous Symbol]
    irqhandler.o(.text.TIM3_IRQHandler) refers to stm32f4xx_tim.o(.text.TIM_GetITStatus) for TIM_GetITStatus
    irqhandler.o(.text.TIM3_IRQHandler) refers to stm32f4xx_tim.o(.text.TIM_ClearITPendingBit) for TIM_ClearITPendingBit
    irqhandler.o(.ARM.exidx.text.TIM3_IRQHandler) refers to irqhandler.o(.text.TIM3_IRQHandler) for [Anonymous Symbol]
    irqhandler.o(.text.CAN1_RX0_IRQHandler) refers to stm32f4xx_can.o(.text.CAN_ClearITPendingBit) for CAN_ClearITPendingBit
    irqhandler.o(.text.CAN1_RX0_IRQHandler) refers to stm32f4xx_can.o(.text.CAN_ClearFlag) for CAN_ClearFlag
    irqhandler.o(.text.CAN1_RX0_IRQHandler) refers to stm32f4xx_can.o(.text.CAN_GetITStatus) for CAN_GetITStatus
    irqhandler.o(.text.CAN1_RX0_IRQHandler) refers to stm32f4xx_can.o(.text.CAN_Receive) for CAN_Receive
    irqhandler.o(.ARM.exidx.text.CAN1_RX0_IRQHandler) refers to irqhandler.o(.text.CAN1_RX0_IRQHandler) for [Anonymous Symbol]
    irqhandler.o(.text.CAN2_RX0_IRQHandler) refers to stm32f4xx_can.o(.text.CAN_ClearITPendingBit) for CAN_ClearITPendingBit
    irqhandler.o(.text.CAN2_RX0_IRQHandler) refers to stm32f4xx_can.o(.text.CAN_ClearFlag) for CAN_ClearFlag
    irqhandler.o(.text.CAN2_RX0_IRQHandler) refers to stm32f4xx_can.o(.text.CAN_GetITStatus) for CAN_GetITStatus
    irqhandler.o(.text.CAN2_RX0_IRQHandler) refers to stm32f4xx_can.o(.text.CAN_Receive) for CAN_Receive
[...]
    Removing os_mutex.o(.ARM.exidx.text.OSMutexQuery), (8 bytes).
    Removing os_mutex.o(.text.OUTLINED_FUNCTION_0), (18 bytes).
    Removing os_mutex.o(.ARM.exidx.text.OUTLINED_FUNCTION_0), (8 bytes).
    Removing os_mutex.o(.text.OUTLINED_FUNCTION_1), (12 bytes).
    Removing os_mutex.o(.ARM.exidx.text.OUTLINED_FUNCTION_1), (8 bytes).
    Removing os_mutex.o(.text.OUTLINED_FUNCTION_2), (6 bytes).
    Removing os_mutex.o(.ARM.exidx.text.OUTLINED_FUNCTION_2), (8 bytes).
    Removing os_q.o(.text), (0 bytes).
    Removing os_q.o(.text.OSQAccept), (70 bytes).
    Removing os_q.o(.ARM.exidx.text.OSQAccept), (8 bytes).
    Removing os_q.o(.text.OSQCreate), (124 bytes).
    Removing os_q.o(.ARM.exidx.text.OSQCreate), (8 bytes).
    Removing os_q.o(.text.OSQDel), (140 bytes).
    Removing os_q.o(.ARM.exidx.text.OSQDel), (8 bytes).
    Removing os_q.o(.text.OSQFlush), (28 bytes).
    Removing os_q.o(.ARM.exidx.text.OSQFlush), (8 bytes).
    Removing os_q.o(.text.OSQPend), (216 bytes).
    Removing os_q.o(.ARM.exidx.text.OSQPend), (8 bytes).
    Removing os_q.o(.text.OSQPendAbort), (86 bytes).
    Removing os_q.o(.ARM.exidx.text.OSQPendAbort), (8 bytes).
    Removing os_q.o(.text.OSQPost), (88 bytes).
    Removing os_q.o(.ARM.exidx.text.OSQPost), (8 bytes).
    Removing os_q.o(.text.OSQPostFront), (90 bytes).
    Removing os_q.o(.ARM.exidx.text.OSQPostFront), (8 bytes).
    Removing os_q.o(.text.OSQPostOpt), (144 bytes).
    Removing os_q.o(.ARM.exidx.text.OSQPostOpt), (8 bytes).
    Removing os_q.o(.text.OSQQuery), (80 bytes).
    Removing os_q.o(.ARM.exidx.text.OSQQuery), (8 bytes).
    Removing os_q.o(.text.OS_QInit), (48 bytes).
    Removing os_q.o(.ARM.exidx.text.OS_QInit), (8 bytes).
    Removing os_q.o(.text.OUTLINED_FUNCTION_0), (6 bytes).
    Removing os_q.o(.ARM.exidx.text.OUTLINED_FUNCTION_0), (8 bytes).
    Removing os_q.o(.text.OUTLINED_FUNCTION_1), (14 bytes).
    Removing os_q.o(.ARM.exidx.text.OUTLINED_FUNCTION_1), (8 bytes).
    Removing os_q.o(.text.OUTLINED_FUNCTION_2), (8 bytes).
    Removing os_q.o(.ARM.exidx.text.OUTLINED_FUNCTION_2), (8 bytes).
    Removing os_q.o(.text.OUTLINED_FUNCTION_3), (12 bytes).
    Removing os_q.o(.ARM.exidx.text.OUTLINED_FUNCTION_3), (8 bytes).
    Removing os_q.o(.text.OUTLINED_FUNCTION_4), (12 bytes).
    Removing os_q.o(.ARM.exidx.text.OUTLINED_FUNCTION_4), (8 bytes).
    Removing os_q.o(.text.OUTLINED_FUNCTION_5), (16 bytes).
    Removing os_q.o(.ARM.exidx.text.OUTLINED_FUNCTION_5), (8 bytes).
    Removing os_q.o(.text.OUTLINED_FUNCTION_6), (10 bytes).
    Removing os_q.o(.ARM.exidx.text.OUTLINED_FUNCTION_6), (8 bytes).
    Removing os_sem.o(.text), (0 bytes).
    Removing os_sem.o(.text.OSSemAccept), (34 bytes).
    Removing os_sem.o(.ARM.exidx.text.OSSemAccept), (8 bytes).
    Removing os_sem.o(.text.OSSemCreate), (68 bytes).
    Removing os_sem.o(.ARM.exidx.text.OSSemCreate), (8 bytes).
    Removing os_sem.o(.text.OSSemDel), (128 bytes).
    Removing os_sem.o(.ARM.exidx.text.OSSemDel), (8 bytes).
    Removing os_sem.o(.text.OSSemPend), (184 bytes).
    Removing os_sem.o(.ARM.exidx.text.OSSemPend), (8 bytes).
    Removing os_sem.o(.text.OSSemPendAbort), (98 bytes).
    Removing os_sem.o(.ARM.exidx.text.OSSemPendAbort), (8 bytes).
    Removing os_sem.o(.text.OSSemPost), (80 bytes).
    Removing os_sem.o(.ARM.exidx.text.OSSemPost), (8 bytes).
    Removing os_sem.o(.text.OSSemQuery), (60 bytes).
    Removing os_sem.o(.ARM.exidx.text.OSSemQuery), (8 bytes).
    Removing os_sem.o(.text.OSSemSet), (54 bytes).
    Removing os_sem.o(.ARM.exidx.text.OSSemSet), (8 bytes).
    Removing os_sem.o(.text.OUTLINED_FUNCTION_0), (18 bytes).
    Removing os_sem.o(.ARM.exidx.text.OUTLINED_FUNCTION_0), (8 bytes).
    Removing os_sem.o(.text.OUTLINED_FUNCTION_1), (6 bytes).
    Removing os_sem.o(.ARM.exidx.text.OUTLINED_FUNCTION_1), (8 bytes).
    Removing os_task.o(.text), (0 bytes).
    Removing os_task.o(.text.OSTaskChangePrio), (264 bytes).
    Removing os_task.o(.ARM.exidx.text.OSTaskChangePrio), (8 bytes).
    Removing os_task.o(.text.OSTaskCreate), (132 bytes).
    Removing os_task.o(.ARM.exidx.text.OSTaskCreate), (8 bytes).
    Removing os_task.o(.text.OSTaskCreateExt), (148 bytes).
    Removing os_task.o(.ARM.exidx.text.OSTaskCreateExt), (8 bytes).
    Removing os_task.o(.text.OS_TaskStkClr), (30 bytes).
    Removing os_task.o(.ARM.exidx.text.OS_TaskStkClr), (8 bytes).
    Removing os_task.o(.text.OSTaskDel), (304 bytes).
    Removing os_task.o(.ARM.exidx.text.OSTaskDel), (8 bytes).
    Removing os_task.o(.text.OSTaskDelReq), (76 bytes).
    Removing os_task.o(.ARM.exidx.text.OSTaskDelReq), (8 bytes).
    Removing os_task.o(.text.OSTaskNameGet), (92 bytes).
    Removing os_task.o(.ARM.exidx.text.OSTaskNameGet), (8 bytes).
    Removing os_task.o(.text.OSTaskNameSet), (72 bytes).
    Removing os_task.o(.ARM.exidx.text.OSTaskNameSet), (8 bytes).
    Removing os_task.o(.text.OSTaskResume), (136 bytes).
    Removing os_task.o(.ARM.exidx.text.OSTaskResume), (8 bytes).
    Removing os_task.o(.text.OSTaskStkChk), (100 bytes).
    Removing os_task.o(.ARM.exidx.text.OSTaskStkChk), (8 bytes).
    Removing os_task.o(.text.OSTaskSuspend), (152 bytes).
    Removing os_task.o(.ARM.exidx.text.OSTaskSuspend), (8 bytes).
    Removing os_task.o(.text.OSTaskQuery), (72 bytes).
    Removing os_task.o(.ARM.exidx.text.OSTaskQuery), (8 bytes).
    Removing os_task.o(.text.OSTaskRegGet), (52 bytes).
    Removing os_task.o(.ARM.exidx.text.OSTaskRegGet), (8 bytes).
    Removing os_task.o(.text.OSTaskRegSet), (52 bytes).
    Removing os_task.o(.ARM.exidx.text.OSTaskRegSet), (8 bytes).
    Removing os_task.o(.text.OS_TaskReturn), (24 bytes).
    Removing os_task.o(.ARM.exidx.text.OS_TaskReturn), (8 bytes).
    Removing os_task.o(.text.OUTLINED_FUNCTION_0), (12 bytes).
    Removing os_task.o(.ARM.exidx.text.OUTLINED_FUNCTION_0), (8 bytes).
    Removing os_task.o(.text.OUTLINED_FUNCTION_1), (8 bytes).
    Removing os_task.o(.ARM.exidx.text.OUTLINED_FUNCTION_1), (8 bytes).
    Removing os_time.o(.text), (0 bytes).
    Removing os_time.o(.text.OSTimeDly), (100 bytes).
    Removing os_time.o(.ARM.exidx.text.OSTimeDly), (8 bytes).
    Removing os_time.o(.text.OSTimeDlyHMSM), (68 bytes).
    Removing os_time.o(.ARM.exidx.text.OSTimeDlyHMSM), (8 bytes).
    Removing os_time.o(.text.OSTimeDlyResume), (140 bytes).
    Removing os_time.o(.ARM.exidx.text.OSTimeDlyResume), (8 bytes).
    Removing os_time.o(.text.OSTimeGet), (24 bytes).
    Removing os_time.o(.ARM.exidx.text.OSTimeGet), (8 bytes).
    Removing os_time.o(.text.OSTimeSet), (24 bytes).
    Removing os_time.o(.ARM.exidx.text.OSTimeSet), (8 bytes).
    Removing os_tmr.o(.text), (0 bytes).
    Removing os_cpu_c.o(.text), (0 bytes).
    Removing os_cpu_c.o(.text.OSInitHookBegin), (2 bytes).
    Removing os_cpu_c.o(.ARM.exidx.text.OSInitHookBegin), (8 bytes).
    Removing os_cpu_c.o(.text.OSTaskReturnHook), (2 bytes).
    Removing os_cpu_c.o(.ARM.exidx.text.OSTaskReturnHook), (8 bytes).
    Removing os_cpu_c.o(.text.OSInitHookEnd), (2 bytes).
    Removing os_cpu_c.o(.ARM.exidx.text.OSInitHookEnd), (8 bytes).
    Removing os_cpu_c.o(.text.OSTaskCreateHook), (2 bytes).
    Removing os_cpu_c.o(.ARM.exidx.text.OSTaskCreateHook), (8 bytes).
    Removing os_cpu_c.o(.text.OSTaskDelHook), (2 bytes).
    Removing os_cpu_c.o(.ARM.exidx.text.OSTaskDelHook), (8 bytes).
    Removing os_cpu_c.o(.text.OSTaskIdleHook), (2 bytes).
    Removing os_cpu_c.o(.ARM.exidx.text.OSTaskIdleHook), (8 bytes).
    Removing os_cpu_c.o(.text.OSTaskStatHook), (2 bytes).
    Removing os_cpu_c.o(.ARM.exidx.text.OSTaskStatHook), (8 bytes).
    Removing os_cpu_c.o(.text.OSTaskStkInit), (274 bytes).
    Removing os_cpu_c.o(.ARM.exidx.text.OSTaskStkInit), (8 bytes).
    Removing os_cpu_c.o(.ARM.exidx.text.OSTaskSwHook), (8 bytes).
    Removing os_cpu_c.o(.text.OSTCBInitHook), (2 bytes).
    Removing os_cpu_c.o(.ARM.exidx.text.OSTCBInitHook), (8 bytes).
    Removing os_cpu_c.o(.ARM.exidx.text.OSTimeTickHook), (8 bytes).
    Removing os_cpu_c.o(.ARM.exidx.text.SysTick_Handler), (8 bytes).
    Removing os_cpu_c.o(.text.OS_CPU_SysTickInit), (56 bytes).
    Removing os_cpu_c.o(.ARM.exidx.text.OS_CPU_SysTickInit), (8 bytes).
    Removing os_dbg.o(.text), (0 bytes).
    Removing os_dbg.o(.rodata.OSDebugEn), (2 bytes).
    Removing arm_cos_f32.o(.rev16_text), (4 bytes).
    Removing arm_cos_f32.o(.revsh_text), (4 bytes).
    Removing arm_cos_f32.o(.rrx_text), (6 bytes).
    Removing arm_cos_f32.o(.text), (120 bytes).
    Removing arm_sin_f32.o(.rev16_text), (4 bytes).
    Removing arm_sin_f32.o(.revsh_text), (4 bytes).
    Removing arm_sin_f32.o(.rrx_text), (6 bytes).
    Removing arm_sin_f32.o(.text), (148 bytes).
    Removing arm_common_tables.o(.rev16_text), (4 bytes).
    Removing arm_common_tables.o(.revsh_text), (4 bytes).
    Removing arm_common_tables.o(.rrx_text), (6 bytes).
    Removing arm_common_tables.o(.constdata), (2048 bytes).
    Removing arm_common_tables.o(.constdata), (128 bytes).
    Removing arm_common_tables.o(.constdata), (256 bytes).
    Removing arm_common_tables.o(.constdata), (512 bytes).
    Removing arm_common_tables.o(.constdata), (1024 bytes).
    Removing arm_common_tables.o(.constdata), (2048 bytes).
    Removing arm_common_tables.o(.constdata), (4096 bytes).
    Removing arm_common_tables.o(.constdata), (8192 bytes).
    Removing arm_common_tables.o(.constdata), (16384 bytes).
    Removing arm_common_tables.o(.constdata), (32768 bytes).
    Removing arm_common_tables.o(.constdata), (96 bytes).
    Removing arm_common_tables.o(.constdata), (192 bytes).
    Removing arm_common_tables.o(.constdata), (384 bytes).
    Removing arm_common_tables.o(.constdata), (768 bytes).
    Removing arm_common_tables.o(.constdata), (1536 bytes).
    Removing arm_common_tables.o(.constdata), (3072 bytes).
    Removing arm_common_tables.o(.constdata), (6144 bytes).
    Removing arm_common_tables.o(.constdata), (12288 bytes).
    Removing arm_common_tables.o(.constdata), (24576 bytes).
    Removing arm_common_tables.o(.constdata), (48 bytes).
    Removing arm_common_tables.o(.constdata), (96 bytes).
    Removing arm_common_tables.o(.constdata), (192 bytes).
    Removing arm_common_tables.o(.constdata), (384 bytes).
    Removing arm_common_tables.o(.constdata), (768 bytes).
    Removing arm_common_tables.o(.constdata), (1536 bytes).
    Removing arm_common_tables.o(.constdata), (3072 bytes).
    Removing arm_common_tables.o(.constdata), (6144 bytes).
    Removing arm_common_tables.o(.constdata), (12288 bytes).
    Removing arm_common_tables.o(.constdata), (128 bytes).
    Removing arm_common_tables.o(.constdata), (256 bytes).
    Removing arm_common_tables.o(.constdata), (40 bytes).
    Removing arm_common_tables.o(.constdata), (96 bytes).
    Removing arm_common_tables.o(.constdata), (112 bytes).
    Removing arm_common_tables.o(.constdata), (416 bytes).
    Removing arm_common_tables.o(.constdata), (880 bytes).
    Removing arm_common_tables.o(.constdata), (896 bytes).
    Removing arm_common_tables.o(.constdata), (3600 bytes).
    Removing arm_common_tables.o(.constdata), (7616 bytes).
    Removing arm_common_tables.o(.constdata), (8064 bytes).
    Removing arm_common_tables.o(.constdata), (24 bytes).
    Removing arm_common_tables.o(.constdata), (48 bytes).
    Removing arm_common_tables.o(.constdata), (112 bytes).
    Removing arm_common_tables.o(.constdata), (224 bytes).
    Removing arm_common_tables.o(.constdata), (480 bytes).
    Removing arm_common_tables.o(.constdata), (960 bytes).
    Removing arm_common_tables.o(.constdata), (1984 bytes).
    Removing arm_common_tables.o(.constdata), (3968 bytes).
    Removing arm_common_tables.o(.constdata), (8064 bytes).
    Removing arm_common_tables.o(.constdata), (128 bytes).
    Removing arm_common_tables.o(.constdata), (256 bytes).
    Removing arm_common_tables.o(.constdata), (512 bytes).
    Removing arm_common_tables.o(.constdata), (1024 bytes).
    Removing arm_common_tables.o(.constdata), (2048 bytes).
    Removing arm_common_tables.o(.constdata), (4096 bytes).
    Removing arm_common_tables.o(.constdata), (8192 bytes).
    Removing arm_common_tables.o(.constdata), (16384 bytes).
    Removing arm_common_tables.o(.constdata), (2052 bytes).
    Removing arm_common_tables.o(.constdata), (2052 bytes).
    Removing arm_common_tables.o(.constdata), (1026 bytes).

1521 unused section(s) (total 259605 bytes) removed from the image.

==============================================================================

Image Symbol Table

    Local Symbols

    Symbol Name                              Value     Ov Type        Size  Object(Section)

    ../clib/angel/boardlib.s                 0x00000000   Number         0  boardinit1.o ABSOLUTE
    ../clib/angel/boardlib.s                 0x00000000   Number         0  boardinit2.o ABSOLUTE
    ../clib/angel/boardlib.s                 0x00000000   Number         0  boardinit3.o ABSOLUTE
    ../clib/angel/boardlib.s                 0x00000000   Number         0  boardshut.o ABSOLUTE
    ../clib/angel/handlers.s                 0x00000000   Number         0  __scatter_copy.o ABSOLUTE
    ../clib/angel/handlers.s                 0x00000000   Number         0  __scatter_zi.o ABSOLUTE
    ../clib/angel/kernel.s                   0x00000000   Number         0  __rtentry.o ABSOLUTE
    ../clib/angel/kernel.s                   0x00000000   Number         0  __rtentry2.o ABSOLUTE
    ../clib/angel/kernel.s                   0x00000000   Number         0  __rtentry4.o ABSOLUTE
    ../clib/angel/kernel.s                   0x00000000   Number         0  rtexit.o ABSOLUTE
    ../clib/angel/kernel.s                   0x00000000   Number         0  rtexit2.o ABSOLUTE
    ../clib/angel/rt.s                       0x00000000   Number         0  rt_heap_descriptor.o ABSOLUTE
    ../clib/angel/rt.s                       0x00000000   Number         0  rt_heap_descriptor_intlibspace.o ABSOLUTE
    ../clib/angel/rt.s                       0x00000000   Number         0  rt_errno_addr.o ABSOLUTE
    ../clib/angel/rt.s                       0x00000000   Number         0  rt_errno_addr_intlibspace.o ABSOLUTE
    ../clib/angel/rt.s                       0x00000000   Number         0  rt_raise.o ABSOLUTE
    ../clib/angel/scatter.s                  0x00000000   Number         0  __scatter.o ABSOLUTE
    ../clib/angel/startup.s                  0x00000000   Number         0  __main.o ABSOLUTE
    ../clib/angel/sys.s                      0x00000000   Number         0  mutex_dummy.o ABSOLUTE
    ../clib/angel/sys.s                      0x00000000   Number         0  libspace.o ABSOLUTE
    ../clib/angel/sys.s                      0x00000000   Number         0  use_no_semi.o ABSOLUTE
    ../clib/angel/sys.s                      0x00000000   Number         0  indicate_semi.o ABSOLUTE
    ../clib/angel/sys.s                      0x00000000   Number         0  sys_stackheap_outer.o ABSOLUTE
    ../clib/angel/sysapp.c                   0x00000000   Number         0  sys_command.o ABSOLUTE
    ../clib/angel/sysapp.c                   0x00000000   Number         0  sys_command_hlt.o ABSOLUTE
    ../clib/angel/sysapp.c                   0x00000000   Number         0  sys_exit.o ABSOLUTE
    ../clib/angel/sysapp.c                   0x00000000   Number         0  sys_exit_hlt.o ABSOLUTE
    ../clib/angel/sysapp.c                   0x00000000   Number         0  sys_wrch.o ABSOLUTE
    ../clib/angel/sysapp.c                   0x00000000   Number         0  sys_wrch_hlt.o ABSOLUTE
    ../clib/armsys.c                         0x00000000   Number         0  _get_argv.o ABSOLUTE
    ../clib/armsys.c                         0x00000000   Number         0  argv_veneer.o ABSOLUTE
    ../clib/armsys.c                         0x00000000   Number         0  argv_veneer.o ABSOLUTE
    ../clib/armsys.c                         0x00000000   Number         0  _get_argv_nomalloc.o ABSOLUTE
    ../clib/armsys.c                         0x00000000   Number         0  no_argv.o ABSOLUTE
    ../clib/fenv.c                           0x00000000   Number         0  _rserrno.o ABSOLUTE
    ../clib/fenv.c                           0x00000000   Number         0  _fptrap.o ABSOLUTE
    ../clib/heap1.c                          0x00000000   Number         0  h1_alloc.o ABSOLUTE
    ../clib/heap1.c                          0x00000000   Number         0  h1_alloc_threads.o ABSOLUTE
    ../clib/heap1.c                          0x00000000   Number         0  h1_init.o ABSOLUTE
    ../clib/heap1.c                          0x00000000   Number         0  h1_free.o ABSOLUTE
    ../clib/heap1.c                          0x00000000   Number         0  h1_init_threads.o ABSOLUTE
    ../clib/heap1.c                          0x00000000   Number         0  h1_free_threads.o ABSOLUTE
    ../clib/heap1.c                          0x00000000   Number         0  h1_extend.o ABSOLUTE
    ../clib/heap1.c                          0x00000000   Number         0  h1_extend_threads.o ABSOLUTE
    ../clib/heap1.c                          0x00000000   Number         0  h1_final.o ABSOLUTE
    ../clib/heap1.c                          0x00000000   Number         0  h1_final_threads.o ABSOLUTE
    ../clib/heap2.c                          0x00000000   Number         0  heap2.o ABSOLUTE
    ../clib/heap2.c                          0x00000000   Number         0  heap2_threads.o ABSOLUTE
    ../clib/heap2.c                          0x00000000   Number         0  fdtree.o ABSOLUTE
    ../clib/heapalloc.c                      0x00000000   Number         0  malloc.o ABSOLUTE
    ../clib/heapalloc.c                      0x00000000   Number         0  hguard.o ABSOLUTE
    ../clib/heapalloc.c                      0x00000000   Number         0  init_alloc.o ABSOLUTE
    ../clib/heapalloc.c                      0x00000000   Number         0  free.o ABSOLUTE
    ../clib/heapalloc.c                      0x00000000   Number         0  heapstubs.o ABSOLUTE
    ../clib/heapalloc.c                      0x00000000   Number         0  hrguard.o ABSOLUTE
    ../clib/heapalloc.c                      0x00000000   Number         0  term_alloc.o ABSOLUTE
    ../clib/heapaux.c                        0x00000000   Number         0  heapauxi.o ABSOLUTE
    ../clib/heapaux.c                        0x00000000   Number         0  heapauxa.o ABSOLUTE
    ../clib/libinit.s                        0x00000000   Number         0  libinit2.o ABSOLUTE
    ../clib/libinit.s                        0x00000000   Number         0  libinit.o ABSOLUTE
    ../clib/libinit.s                        0x00000000   Number         0  libshutdown2.o ABSOLUTE
    ../clib/libinit.s                        0x00000000   Number         0  libshutdown.o ABSOLUTE
    ../clib/maybe.s                          0x00000000   Number         0  maybetermalloc1.o ABSOLUTE
    ../clib/maybe.s                          0x00000000   Number         0  maybetermalloc2.o ABSOLUTE
    ../clib/memcpset.s                       0x00000000   Number         0  rt_memcpy_v6.o ABSOLUTE
    ../clib/memcpset.s                       0x00000000   Number         0  rt_memclr_w.o ABSOLUTE
    ../clib/memcpset.s                       0x00000000   Number         0  rt_memcpy_w.o ABSOLUTE
    ../clib/signal.c                         0x00000000   Number         0  defsig_rtmem_outer.o ABSOLUTE
    ../clib/signal.c                         0x00000000   Number         0  defsig_rtmem_formal.o ABSOLUTE
    ../clib/signal.c                         0x00000000   Number         0  defsig_exit.o ABSOLUTE
    ../clib/signal.c                         0x00000000   Number         0  defsig_fpe_outer.o ABSOLUTE
    ../clib/signal.c                         0x00000000   Number         0  defsig_fpe_formal.o ABSOLUTE
    ../clib/signal.c                         0x00000000   Number         0  defsig_rtmem_inner.o ABSOLUTE
    ../clib/signal.c                         0x00000000   Number         0  __raise.o ABSOLUTE
    ../clib/signal.c                         0x00000000   Number         0  defsig_general.o ABSOLUTE
    ../clib/signal.c                         0x00000000   Number         0  defsig_fpe_inner.o ABSOLUTE
    ../clib/signal.c                         0x00000000   Number         0  defsig_abrt_inner.o ABSOLUTE
    ../clib/signal.c                         0x00000000   Number         0  defsig_rtred_inner.o ABSOLUTE
    ../clib/signal.c                         0x00000000   Number         0  defsig_stak_inner.o ABSOLUTE
    ../clib/signal.c                         0x00000000   Number         0  defsig_pvfn_inner.o ABSOLUTE
    ../clib/signal.c                         0x00000000   Number         0  defsig_cppl_inner.o ABSOLUTE
    ../clib/signal.c                         0x00000000   Number         0  defsig_segv_inner.o ABSOLUTE
    ../clib/signal.c                         0x00000000   Number         0  defsig_other.o ABSOLUTE
    ../clib/signal.s                         0x00000000   Number         0  defsig.o ABSOLUTE
    ../clib/stdlib.c                         0x00000000   Number         0  exit.o ABSOLUTE
    ../fplib/basic.s                         0x00000000   Number         0  basic.o ABSOLUTE
    ../fplib/d2f.s                           0x00000000   Number         0  d2f_clz.o ABSOLUTE
    ../fplib/daddsub.s                       0x00000000   Number         0  daddsub_clz.o ABSOLUTE
    ../fplib/dcheck1.s                       0x00000000   Number         0  dcheck1.o ABSOLUTE
    ../fplib/dcmpi.s                         0x00000000   Number         0  dcmpi.o ABSOLUTE
    ../fplib/ddiv.s                          0x00000000   Number         0  ddiv_clz.o ABSOLUTE
    ../fplib/dflt.s                          0x00000000   Number         0  dflt_clz.o ABSOLUTE
    ../fplib/dleqf.s                         0x00000000   Number         0  dleqf.o ABSOLUTE
    ../fplib/dmul.s                          0x00000000   Number         0  dmul_clz.o ABSOLUTE
    ../fplib/dnaninf.s                       0x00000000   Number         0  dnaninf.o ABSOLUTE
    ../fplib/drenorm.s                       0x00000000   Number         0  drenorm_clz.o ABSOLUTE
    ../fplib/dretinf.s                       0x00000000   Number         0  dretinf.o ABSOLUTE
    ../fplib/drleqf.s                        0x00000000   Number         0  drleqf.o ABSOLUTE
    ../fplib/dsqrt.s                         0x00000000   Number         0  dsqrt_umaalclz.o ABSOLUTE
    ../fplib/dunder.s                        0x00000000   Number         0  dunder_clz.o ABSOLUTE
    ../fplib/except.s                        0x00000000   Number         0  except.o ABSOLUTE
    ../fplib/f2d.s                           0x00000000   Number         0  f2d.o ABSOLUTE
    ../fplib/fnaninf.s                       0x00000000   Number         0  fnaninf.o ABSOLUTE
    ../fplib/fpinit.s                        0x00000000   Number         0  fpinit.o ABSOLUTE
    ../fplib/fretinf.s                       0x00000000   Number         0  fretinf.o ABSOLUTE
    ../fplib/funder.s                        0x00000000   Number         0  funder_clz.o ABSOLUTE
    ../fplib/retnan.s                        0x00000000   Number         0  retnan.o ABSOLUTE
    ../fplib/scalbn.s                        0x00000000   Number         0  scalbn_clz.o ABSOLUTE
    ../fplib/trapv.s                         0x00000000   Number         0  trapv.o ABSOLUTE
    ../fplib/usenofp.s                       0x00000000   Number         0  usenofp.o ABSOLUTE
    ../mathlib/atan.c                        0x00000000   Number         0  atan.o ABSOLUTE
    ../mathlib/dunder.c                      0x00000000   Number         0  dunder.o ABSOLUTE
    ../mathlib/fabs.c                        0x00000000   Number         0  fabs.o ABSOLUTE
    ../mathlib/fpclassify.c                  0x00000000   Number         0  fpclassify.o ABSOLUTE
    ../mathlib/poly.c                        0x00000000   Number         0  poly.o ABSOLUTE
    ../mathlib/pow.c                         0x00000000   Number         0  pow.o ABSOLUTE
    ../mathlib/qnan.c                        0x00000000   Number         0  qnan.o ABSOLUTE
    ../mathlib/sqrt.c                        0x00000000   Number         0  sqrt.o ABSOLUTE
    ..\..\Source\CommonTables\arm_common_tables.c 0x00000000   Number         0  arm_common_tables.o ABSOLUTE
    ..\..\Source\FastMathFunctions\arm_cos_f32.c 0x00000000   Number         0  arm_cos_f32.o ABSOLUTE
    ..\..\Source\FastMathFunctions\arm_sin_f32.c 0x00000000   Number         0  arm_sin_f32.o ABSOLUTE
    ..\Library\Startup\startup_stm32f4xx.s   0x00000000   Number         0  startup_stm32f4xx.o ABSOLUTE
    ..\\..\\Source\\CommonTables\\arm_common_tables.c 0x00000000   Number         0  arm_common_tables.o ABSOLUTE
    ..\\..\\Source\\FastMathFunctions\\arm_cos_f32.c 0x00000000   Number         0  arm_cos_f32.o ABSOLUTE
    ..\\..\\Source\\FastMathFunctions\\arm_sin_f32.c 0x00000000   Number         0  arm_sin_f32.o ABSOLUTE
    ..\uCOSII\PORT\os_cpu_a.asm              0x00000000   Number         0  os_cpu_a.o ABSOLUTE
    beep.c                                   0x00000000   Number         0  beep.o ABSOLUTE
    can.c                                    0x00000000   Number         0  can.o ABSOLUTE
    datastruct.c                             0x00000000   Number         0  datastruct.o ABSOLUTE
    dc.s                                     0x00000000   Number         0  dc.o ABSOLUTE
    delay.c                                  0x00000000   Number         0  delay.o ABSOLUTE
    djmotor.c                                0x00000000   Number         0  djmotor.o ABSOLUTE
    irqhandler.c                             0x00000000   Number         0  irqhandler.o ABSOLUTE
    led.c                                    0x00000000   Number         0  led.o ABSOLUTE
    led8.c                                   0x00000000   Number         0  led8.o ABSOLUTE
    leg.c                                    0x00000000   Number         0  leg.o ABSOLUTE
    main.c                                   0x00000000   Number         0  main.o ABSOLUTE
    misc.c                                   0x00000000   Number         0  misc.o ABSOLUTE
    mymath.c                                 0x00000000   Number         0  mymath.o ABSOLUTE
    os_core.c                                0x00000000   Number         0  os_core.o ABSOLUTE
    os_cpu_c.c                               0x00000000   Number         0  os_cpu_c.o ABSOLUTE
    os_dbg.c                                 0x00000000   Number         0  os_dbg.o ABSOLUTE
    os_flag.c                                0x00000000   Number         0  os_flag.o ABSOLUTE
    os_mbox.c                                0x00000000   Number         0  os_mbox.o ABSOLUTE
    os_mem.c                                 0x00000000   Number         0  os_mem.o ABSOLUTE
    os_mutex.c                               0x00000000   Number         0  os_mutex.o ABSOLUTE
    os_q.c                                   0x00000000   Number         0  os_q.o ABSOLUTE
    os_sem.c                                 0x00000000   Number         0  os_sem.o ABSOLUTE
    os_task.c                                0x00000000   Number         0  os_task.o ABSOLUTE
    os_time.c                                0x00000000   Number         0  os_time.o ABSOLUTE
    os_tmr.c                                 0x00000000   Number         0  os_tmr.o ABSOLUTE
    pid.c                                    0x00000000   Number         0  pid.o ABSOLUTE
    queue.c                                  0x00000000   Number         0  queue.o ABSOLUTE
    robot.c                                  0x00000000   Number         0  robot.o ABSOLUTE
    robotparam.c                             0x00000000   Number         0  robotparam.o ABSOLUTE
    stm32f4xx_adc.c                          0x00000000   Number         0  stm32f4xx_adc.o ABSOLUTE
    stm32f4xx_can.c                          0x00000000   Number         0  stm32f4xx_can.o ABSOLUTE
    stm32f4xx_dma.c                          0x00000000   Number         0  stm32f4xx_dma.o ABSOLUTE
    stm32f4xx_exti.c                         0x00000000   Number         0  stm32f4xx_exti.o ABSOLUTE
    stm32f4xx_flash.c                        0x00000000   Number         0  stm32f4xx_flash.o ABSOLUTE
    stm32f4xx_gpio.c                         0x00000000   Number         0  stm32f4xx_gpio.o ABSOLUTE
    stm32f4xx_it.c                           0x00000000   Number         0  stm32f4xx_it.o ABSOLUTE
    stm32f4xx_rcc.c                          0x00000000   Number         0  stm32f4xx_rcc.o ABSOLUTE
    stm32f4xx_rtc.c                          0x00000000   Number         0  stm32f4xx_rtc.o ABSOLUTE
    stm32f4xx_spi.c                          0x00000000   Number         0  stm32f4xx_spi.o ABSOLUTE
    stm32f4xx_syscfg.c                       0x00000000   Number         0  stm32f4xx_syscfg.o ABSOLUTE
    stm32f4xx_tim.c                          0x00000000   Number         0  stm32f4xx_tim.o ABSOLUTE
    stm32f4xx_usart.c                        0x00000000   Number         0  stm32f4xx_usart.o ABSOLUTE
    system_stm32f4xx.c                       0x00000000   Number         0  system_stm32f4xx.o ABSOLUTE
    task.c                                   0x00000000   Number         0  task.o ABSOLUTE
    tim.c                                    0x00000000   Number         0  tim.o ABSOLUTE
    tmotor.c                                 0x00000000   Number         0  tmotor.o ABSOLUTE
    usart.c                                  0x00000000   Number         0  usart.o ABSOLUTE
    vector.c                                 0x00000000   Number         0  vector.o ABSOLUTE
    vesc.c                                   0x00000000   Number         0  vesc.o ABSOLUTE
    yesense.c                                0x00000000   Number         0  yesense.o ABSOLUTE
    zdrive.c                                 0x00000000   Number         0  zdrive.o ABSOLUTE
    RESET                                    0x08000000   Section      392  startup_stm32f4xx.o(RESET)
    !!!main                                  0x08000188   Section        8  __main.o(!!!main)
    !!!scatter                               0x08000190   Section       52  __scatter.o(!!!scatter)
    !!handler_copy                           0x080001c4   Section       26  __scatter_copy.o(!!handler_copy)
    !!handler_zi                             0x080001e0   Section       28  __scatter_zi.o(!!handler_zi)
    .ARM.Collect$$libinit$$00000000          0x080001fc   Section        2  libinit.o(.ARM.Collect$$libinit$$00000000)
    .ARM.Collect$$libinit$$00000001          0x080001fe   Section        4  libinit2.o(.ARM.Collect$$libinit$$00000001)
    .ARM.Collect$$libinit$$00000004          0x08000202   Section        0  libinit2.o(.ARM.Collect$$libinit$$00000004)
    .ARM.Collect$$libinit$$00000006          0x08000202   Section        0  libinit2.o(.ARM.Collect$$libinit$$00000006)
    .ARM.Collect$$libinit$$0000000C          0x08000202   Section        0  libinit2.o(.ARM.Collect$$libinit$$0000000C)
    .ARM.Collect$$libinit$$0000000E          0x08000202   Section        0  libinit2.o(.ARM.Collect$$libinit$$0000000E)
    .ARM.Collect$$libinit$$00000010          0x08000202   Section        0  libinit2.o(.ARM.Collect$$libinit$$00000010)
    .ARM.Collect$$libinit$$00000013          0x08000202   Section        0  libinit2.o(.ARM.Collect$$libinit$$00000013)
    .ARM.Collect$$libinit$$00000015          0x08000202   Section        0  libinit2.o(.ARM.Collect$$libinit$$00000015)
    .ARM.Collect$$libinit$$00000017          0x08000202   Section        0  libinit2.o(.ARM.Collect$$libinit$$00000017)
    .ARM.Collect$$libinit$$00000019          0x08000202   Section        0  libinit2.o(.ARM.Collect$$libinit$$00000019)
    .ARM.Collect$$libinit$$0000001B          0x08000202   Section        0  libinit2.o(.ARM.Collect$$libinit$$0000001B)
    .ARM.Collect$$libinit$$0000001D          0x08000202   Section        0  libinit2.o(.ARM.Collect$$libinit$$0000001D)
    .ARM.Collect$$libinit$$0000001F          0x08000202   Section        0  libinit2.o(.ARM.Collect$$libinit$$0000001F)
    .ARM.Collect$$libinit$$00000021          0x08000202   Section        0  libinit2.o(.ARM.Collect$$libinit$$00000021)
    .ARM.Collect$$libinit$$00000023          0x08000202   Section        0  libinit2.o(.ARM.Collect$$libinit$$00000023)
    .ARM.Collect$$libinit$$00000025          0x08000202   Section        0  libinit2.o(.ARM.Collect$$libinit$$00000025)
    .ARM.Collect$$libinit$$00000027          0x08000202   Section        0  libinit2.o(.ARM.Collect$$libinit$$00000027)
    .ARM.Collect$$libinit$$0000002E          0x08000202   Section        0  libinit2.o(.ARM.Collect$$libinit$$0000002E)
    .ARM.Collect$$libinit$$00000030          0x08000202   Section        0  libinit2.o(.ARM.Collect$$libinit$$00000030)
    .ARM.Collect$$libinit$$00000032          0x08000202   Section        0  libinit2.o(.ARM.Collect$$libinit$$00000032)
    .ARM.Collect$$libinit$$00000034          0x08000202   Section        0  libinit2.o(.ARM.Collect$$libinit$$00000034)
    .ARM.Collect$$libinit$$00000035          0x08000202   Section        2  libinit2.o(.ARM.Collect$$libinit$$00000035)
    .ARM.Collect$$libshutdown$$00000000      0x08000204   Section        2  libshutdown.o(.ARM.Collect$$libshutdown$$00000000)
    .ARM.Collect$$libshutdown$$00000002      0x08000206   Section        0  libshutdown2.o(.ARM.Collect$$libshutdown$$00000002)
    .ARM.Collect$$libshutdown$$00000004      0x08000206   Section        0  libshutdown2.o(.ARM.Collect$$libshutdown$$00000004)
    .ARM.Collect$$libshutdown$$00000007      0x08000206   Section        0  libshutdown2.o(.ARM.Collect$$libshutdown$$00000007)
    .ARM.Collect$$libshutdown$$0000000A      0x08000206   Section        0  libshutdown2.o(.ARM.Collect$$libshutdown$$0000000A)
    .ARM.Collect$$libshutdown$$0000000C      0x08000206   Section        0  libshutdown2.o(.ARM.Collect$$libshutdown$$0000000C)
    .ARM.Collect$$libshutdown$$0000000F      0x08000206   Section        0  libshutdown2.o(.ARM.Collect$$libshutdown$$0000000F)
    .ARM.Collect$$libshutdown$$00000010      0x08000206   Section        2  libshutdown2.o(.ARM.Collect$$libshutdown$$00000010)
    .ARM.Collect$$rtentry$$00000000          0x08000208   Section        0  __rtentry.o(.ARM.Collect$$rtentry$$00000000)
    .ARM.Collect$$rtentry$$00000002          0x08000208   Section        0  __rtentry2.o(.ARM.Collect$$rtentry$$00000002)
    .ARM.Collect$$rtentry$$00000004          0x08000208   Section        6  __rtentry4.o(.ARM.Collect$$rtentry$$00000004)
    .ARM.Collect$$rtentry$$00000009          0x0800020e   Section        0  __rtentry2.o(.ARM.Collect$$rtentry$$00000009)
    .ARM.Collect$$rtentry$$0000000A          0x0800020e   Section        4  __rtentry2.o(.ARM.Collect$$rtentry$$0000000A)
    .ARM.Collect$$rtentry$$0000000C          0x08000212   Section        0  __rtentry2.o(.ARM.Collect$$rtentry$$0000000C)
    .ARM.Collect$$rtentry$$0000000D          0x08000212   Section        8  __rtentry2.o(.ARM.Collect$$rtentry$$0000000D)
    .ARM.Collect$$rtexit$$00000000           0x0800021a   Section        2  rtexit.o(.ARM.Collect$$rtexit$$00000000)
    .ARM.Collect$$rtexit$$00000002           0x0800021c   Section        0  rtexit2.o(.ARM.Collect$$rtexit$$00000002)
    .ARM.Collect$$rtexit$$00000003           0x0800021c   Section        4  rtexit2.o(.ARM.Collect$$rtexit$$00000003)
    .ARM.Collect$$rtexit$$00000004           0x08000220   Section        6  rtexit2.o(.ARM.Collect$$rtexit$$00000004)
    $v0                                      0x08000228   Number         0  startup_stm32f4xx.o(.text)
    .text                                    0x08000228   Section       64  startup_stm32f4xx.o(.text)
    $v0                                      0x08000268   Number         0  os_cpu_a.o(.text)
    .text                                    0x08000268   Section      176  os_cpu_a.o(.text)
    .text                                    0x08000318   Section        0  heapauxi.o(.text)
    .text                                    0x08000320   Section        8  libspace.o(.text)
    .text                                    0x08000328   Section        2  use_no_semi.o(.text)
    .text                                    0x0800032a   Section        0  indicate_semi.o(.text)
    .text                                    0x0800032a   Section       74  sys_stackheap_outer.o(.text)
    .text                                    0x08000374   Section        0  exit.o(.text)
    .text                                    0x08000388   Section        0  sys_exit.o(.text)
    [Anonymous Symbol]                       0x08000394   Section        0  stm32f4xx_it.o(.text.BusFault_Handler)
    [Anonymous Symbol]                       0x08000398   Section        0  irqhandler.o(.text.CAN1_RX0_IRQHandler)
    __arm_cp.7_0                             0x080003c8   Number         4  irqhandler.o(.text.CAN1_RX0_IRQHandler)
    [Anonymous Symbol]                       0x080003cc   Section        0  irqhandler.o(.text.CAN2_RX0_IRQHandler)
    __arm_cp.8_0                             0x080003fc   Number         4  irqhandler.o(.text.CAN2_RX0_IRQHandler)
    [Anonymous Symbol]                       0x08000400   Section        0  stm32f4xx_can.o(.text.CAN_ClearFlag)
    __arm_cp.21_0                            0x0800042c   Number         4  stm32f4xx_can.o(.text.CAN_ClearFlag)
    [Anonymous Symbol]                       0x08000430   Section        0  stm32f4xx_can.o(.text.CAN_ClearITPendingBit)
    [Anonymous Symbol]                       0x0800049c   Section        0  stm32f4xx_can.o(.text.CAN_GetITStatus)
    __arm_cp.22_0                            0x08000554   Number         4  stm32f4xx_can.o(.text.CAN_GetITStatus)
    [Anonymous Symbol]                       0x08000558   Section        0  stm32f4xx_can.o(.text.CAN_Receive)
    [Anonymous Symbol]                       0x080005e4   Section        0  irqhandler.o(.text.DMA1_Stream6_IRQHandler)
    __arm_cp.2_0                             0x0800060c   Number         4  irqhandler.o(.text.DMA1_Stream6_IRQHandler)
    __arm_cp.2_1                             0x08000610   Number         4  irqhandler.o(.text.DMA1_Stream6_IRQHandler)
    [Anonymous Symbol]                       0x08000614   Section        0  irqhandler.o(.text.DMA2_Stream7_IRQHandler)
    __arm_cp.1_0                             0x0800063c   Number         4  irqhandler.o(.text.DMA2_Stream7_IRQHandler)
    __arm_cp.1_1                             0x08000640   Number         4  irqhandler.o(.text.DMA2_Stream7_IRQHandler)
    [Anonymous Symbol]                       0x08000644   Section        0  stm32f4xx_dma.o(.text.DMA_ClearFlag)
    [Anonymous Symbol]                       0x0800066c   Section        0  stm32f4xx_dma.o(.text.DMA_ClearITPendingBit)
    __arm_cp.18_0                            0x08000694   Number         4  stm32f4xx_dma.o(.text.DMA_ClearITPendingBit)
    __arm_cp.18_1                            0x08000698   Number         4  stm32f4xx_dma.o(.text.DMA_ClearITPendingBit)
    __arm_cp.18_2                            0x0800069c   Number         4  stm32f4xx_dma.o(.text.DMA_ClearITPendingBit)
    [Anonymous Symbol]                       0x080006a0   Section        0  stm32f4xx_dma.o(.text.DMA_GetITStatus)
    __arm_cp.17_0                            0x080006f4   Number         4  stm32f4xx_dma.o(.text.DMA_GetITStatus)
    __arm_cp.17_1                            0x080006f8   Number         4  stm32f4xx_dma.o(.text.DMA_GetITStatus)
    __arm_cp.17_2                            0x080006fc   Number         4  stm32f4xx_dma.o(.text.DMA_GetITStatus)
    [Anonymous Symbol]                       0x08000700   Section        0  stm32f4xx_it.o(.text.DebugMon_Handler)
    [Anonymous Symbol]                       0x08000704   Section        0  irqhandler.o(.text.G_output_infoSet)
    __arm_cp.0_0                             0x0800075c   Number         4  irqhandler.o(.text.G_output_infoSet)
    [Anonymous Symbol]                       0x08000768   Section        0  stm32f4xx_it.o(.text.HardFault_Handler)
    [Anonymous Symbol]                       0x08000772   Section        0  stm32f4xx_it.o(.text.MemManage_Handler)
    [Anonymous Symbol]                       0x08000774   Section        0  stm32f4xx_it.o(.text.NMI_Handler)
    [Anonymous Symbol]                       0x08000778   Section        0  os_core.o(.text.OSIntExit)
    __arm_cp.2_1                             0x080007cc   Number         4  os_core.o(.text.OSIntExit)
    [Anonymous Symbol]                       0x080007d0   Section        0  os_cpu_c.o(.text.OSTaskSwHook)
    [Anonymous Symbol]                       0x080007d4   Section        0  os_core.o(.text.OSTimeTick)
    [Anonymous Symbol]                       0x08000860   Section        0  os_cpu_c.o(.text.OSTimeTickHook)
    OS_SchedNew                              0x08000865   Thumb Code    24  os_core.o(.text.OS_SchedNew)
    [Anonymous Symbol]                       0x08000864   Section        0  os_core.o(.text.OS_SchedNew)
    __arm_cp.3_0                             0x0800087c   Number         4  os_core.o(.text.OS_SchedNew)
    __arm_cp.3_1                             0x08000880   Number         4  os_core.o(.text.OS_SchedNew)
    OUTLINED_FUNCTION_0                      0x08000885   Thumb Code    10  irqhandler.o(.text.OUTLINED_FUNCTION_0)
    [Anonymous Symbol]                       0x08000884   Section        0  irqhandler.o(.text.OUTLINED_FUNCTION_0)
    OUTLINED_FUNCTION_0                      0x0800088f   Thumb Code    10  yesense.o(.text.OUTLINED_FUNCTION_0)
    [Anonymous Symbol]                       0x0800088e   Section        0  yesense.o(.text.OUTLINED_FUNCTION_0)
    OUTLINED_FUNCTION_0                      0x08000899   Thumb Code    14  os_core.o(.text.OUTLINED_FUNCTION_0)
    [Anonymous Symbol]                       0x08000898   Section        0  os_core.o(.text.OUTLINED_FUNCTION_0)
    OUTLINED_FUNCTION_1                      0x080008a7   Thumb Code    18  yesense.o(.text.OUTLINED_FUNCTION_1)
    [Anonymous Symbol]                       0x080008a6   Section        0  yesense.o(.text.OUTLINED_FUNCTION_1)
    [Anonymous Symbol]                       0x080008b8   Section        0  stm32f4xx_it.o(.text.SVC_Handler)
    [Anonymous Symbol]                       0x080008bc   Section        0  os_cpu_c.o(.text.SysTick_Handler)
    __arm_cp.11_0                            0x080008e4   Number         4  os_cpu_c.o(.text.SysTick_Handler)
    __arm_cp.11_1                            0x080008e8   Number         4  os_cpu_c.o(.text.SysTick_Handler)
    [Anonymous Symbol]                       0x080008ec   Section        0  system_stm32f4xx.o(.text.SystemInit)
    __arm_cp.0_0                             0x080009bc   Number         4  system_stm32f4xx.o(.text.SystemInit)
    __arm_cp.0_1                             0x080009c0   Number         4  system_stm32f4xx.o(.text.SystemInit)
    __arm_cp.0_2                             0x080009c4   Number         4  system_stm32f4xx.o(.text.SystemInit)
    __arm_cp.0_3                             0x080009c8   Number         4  system_stm32f4xx.o(.text.SystemInit)
    __arm_cp.0_4                             0x080009cc   Number         4  system_stm32f4xx.o(.text.SystemInit)
    __arm_cp.0_5                             0x080009d0   Number         4  system_stm32f4xx.o(.text.SystemInit)
    [Anonymous Symbol]                       0x080009d4   Section        0  irqhandler.o(.text.TIM2_IRQHandler)
    __arm_cp.5_0                             0x080009fc   Number         4  irqhandler.o(.text.TIM2_IRQHandler)
    [Anonymous Symbol]                       0x08000a00   Section        0  irqhandler.o(.text.TIM3_IRQHandler)
    __arm_cp.6_0                             0x08000a18   Number         4  irqhandler.o(.text.TIM3_IRQHandler)
    [Anonymous Symbol]                       0x08000a1c   Section        0  stm32f4xx_tim.o(.text.TIM_ClearITPendingBit)
    [Anonymous Symbol]                       0x08000a22   Section        0  stm32f4xx_tim.o(.text.TIM_GetITStatus)
    [Anonymous Symbol]                       0x08000a38   Section        0  irqhandler.o(.text.USART1_IRQHandler)
    __arm_cp.3_0                             0x08000a64   Number         4  irqhandler.o(.text.USART1_IRQHandler)
    [Anonymous Symbol]                       0x08000a68   Section        0  irqhandler.o(.text.USART2_IRQHandler)
    __arm_cp.4_0                             0x08000b20   Number         4  irqhandler.o(.text.USART2_IRQHandler)
    __arm_cp.4_1                             0x08000b24   Number         4  irqhandler.o(.text.USART2_IRQHandler)
    __arm_cp.4_2                             0x08000b28   Number         4  irqhandler.o(.text.USART2_IRQHandler)
    __arm_cp.4_3                             0x08000b2c   Number         4  irqhandler.o(.text.USART2_IRQHandler)
    [Anonymous Symbol]                       0x08000b30   Section        0  stm32f4xx_usart.o(.text.USART_ClearFlag)
    [Anonymous Symbol]                       0x08000b36   Section        0  stm32f4xx_usart.o(.text.USART_ClearITPendingBit)
    [Anonymous Symbol]                       0x08000b44   Section        0  stm32f4xx_usart.o(.text.USART_GetITStatus)
    [Anonymous Symbol]                       0x08000b74   Section        0  stm32f4xx_usart.o(.text.USART_ReceiveData)
    [Anonymous Symbol]                       0x08000b7c   Section        0  stm32f4xx_it.o(.text.UsageFault_Handler)
    [Anonymous Symbol]                       0x08000b7e   Section        0  yesense.o(.text.calc_checksum)
    [Anonymous Symbol]                       0x08000bac   Section        0  yesense.o(.text.check_data_len_by_id)
    __arm_cp.0_0                             0x08000e20   Number         4  yesense.o(.text.check_data_len_by_id)
    __arm_cp.0_2                             0x08000e28   Number         4  yesense.o(.text.check_data_len_by_id)
    __arm_cp.0_4                             0x08000e30   Number         4  yesense.o(.text.check_data_len_by_id)
    [Anonymous Symbol]                       0x08000e38   Section        0  delay.o(.text.delay_ms)
    [Anonymous Symbol]                       0x08000e3a   Section        0  yesense.o(.text.get_signed_int)
    [Anonymous Symbol]                       0x08000e3e   Section        0  main.o(.text.main)
    [Anonymous Symbol]                       0x08000e42   Section        0  yesense.o(.text.yesenseAnalyze)
    $v0                                      0x08000ed8   Number         0  fpinit.o(x$fpl$fpinit)
    x$fpl$fpinit                             0x08000ed8   Section       22  fpinit.o(x$fpl$fpinit)
    [Anonymous Symbol]                       0x20000000   Section        0  irqhandler.o(.data..L_MergedGlobals)
    .bss                                     0x20000068   Section       96  libspace.o(.bss)
    [Anonymous Symbol]                       0x200000c8   Section        0  yesense.o(.bss..L_MergedGlobals)
    check_data_len_by_id.yaw_start           0x200000cc   Data           4  yesense.o(.bss..L_MergedGlobals)
    check_data_len_by_id.roll_start          0x200000d0   Data           4  yesense.o(.bss..L_MergedGlobals)
    check_data_len_by_id.pitch_start         0x200000d4   Data           4  yesense.o(.bss..L_MergedGlobals)
    [Anonymous Symbol]                       0x200000d8   Section        0  os_core.o(.bss..L_MergedGlobals)
    [Anonymous Symbol]                       0x20000114   Section        0  irqhandler.o(.bss..L_MergedGlobals.1)
    Heap_Mem                                 0x20000230   Data       24576  startup_stm32f4xx.o(HEAP)
    HEAP                                     0x20000230   Section    24576  startup_stm32f4xx.o(HEAP)
    Stack_Mem                                0x20006230   Data       20480  startup_stm32f4xx.o(STACK)
    STACK                                    0x20006230   Section    20480  startup_stm32f4xx.o(STACK)
    __initial_sp                             0x2000b230   Data           0  startup_stm32f4xx.o(STACK)

    Global Symbols

    Symbol Name                              Value     Ov Type        Size  Object(Section)

    BuildAttributes$$THM_ISAv4$E$P$D$K$B$S$7EM$VFPi3$EXTD16$VFPS$VFMA$PE$A:L22UL41UL21$X:L11$S22US41US21$IEEE1$IW$~IW$USESV6$~STKCKD$USESV7$~SHL$OTIME$ROPI$IEEEX$EBA8$UX$STANDARDLIB$REQ8$PRES8$EABIv2 0x00000000   Number         0  anon$$obj.o ABSOLUTE
    __ARM_exceptions_init                     - Undefined Weak Reference
    __alloca_initialize                       - Undefined Weak Reference
    __arm_preinit_                            - Undefined Weak Reference
    __arm_relocate_pie_                       - Undefined Weak Reference
    __cpp_initialize__aeabi_                  - Undefined Weak Reference
    __cxa_finalize                            - Undefined Weak Reference
    __rt_locale                               - Undefined Weak Reference
    __sigvec_lookup                           - Undefined Weak Reference
    __user_heap_extent                        - Undefined Weak Reference
    _atexit_init                              - Undefined Weak Reference
    _call_atexit_fns                          - Undefined Weak Reference
    _clock_init                               - Undefined Weak Reference
    _fp_trap_big                              - Undefined Weak Reference
    _fp_trap_init                             - Undefined Weak Reference
    _fp_trap_shutdown                         - Undefined Weak Reference
    _get_lc_collate                           - Undefined Weak Reference
    _get_lc_ctype                             - Undefined Weak Reference
    _get_lc_monetary                          - Undefined Weak Reference
    _get_lc_numeric                           - Undefined Weak Reference
    _get_lc_time                              - Undefined Weak Reference
    _getenv_init                              - Undefined Weak Reference
    _handle_redirection                       - Undefined Weak Reference
    _initio                                   - Undefined Weak Reference
    _mutex_acquire                            - Undefined Weak Reference
    _mutex_free                               - Undefined Weak Reference
    _mutex_release                            - Undefined Weak Reference
    _rand_init                                - Undefined Weak Reference
    _signal_finish                            - Undefined Weak Reference
    _signal_init                              - Undefined Weak Reference
    _terminateio                              - Undefined Weak Reference
    __Vectors_Size                           0x00000188   Number         0  startup_stm32f4xx.o ABSOLUTE
    __Vectors                                0x08000000   Data           4  startup_stm32f4xx.o(RESET)
    __Vectors_End                            0x08000188   Data           0  startup_stm32f4xx.o(RESET)
    __main                                   0x08000189   Thumb Code     8  __main.o(!!!main)
    __scatterload                            0x08000191   Thumb Code     0  __scatter.o(!!!scatter)
    __scatterload_rt2                        0x08000191   Thumb Code    44  __scatter.o(!!!scatter)
    __scatterload_rt2_thumb_only             0x08000191   Thumb Code     0  __scatter.o(!!!scatter)
    __scatterload_null                       0x0800019f   Thumb Code     0  __scatter.o(!!!scatter)
    __scatterload_copy                       0x080001c5   Thumb Code    26  __scatter_copy.o(!!handler_copy)
    __scatterload_zeroinit                   0x080001e1   Thumb Code    28  __scatter_zi.o(!!handler_zi)
    __rt_lib_init                            0x080001fd   Thumb Code     0  libinit.o(.ARM.Collect$$libinit$$00000000)
    __rt_lib_init_fp_1                       0x080001ff   Thumb Code     0  libinit2.o(.ARM.Collect$$libinit$$00000001)
    __rt_lib_init_alloca_1                   0x08000203   Thumb Code     0  libinit2.o(.ARM.Collect$$libinit$$00000030)
    __rt_lib_init_argv_1                     0x08000203   Thumb Code     0  libinit2.o(.ARM.Collect$$libinit$$0000002E)
    __rt_lib_init_atexit_1                   0x08000203   Thumb Code     0  libinit2.o(.ARM.Collect$$libinit$$0000001D)
    __rt_lib_init_clock_1                    0x08000203   Thumb Code     0  libinit2.o(.ARM.Collect$$libinit$$00000023)
    __rt_lib_init_cpp_1                      0x08000203   Thumb Code     0  libinit2.o(.ARM.Collect$$libinit$$00000034)
    __rt_lib_init_exceptions_1               0x08000203   Thumb Code     0  libinit2.o(.ARM.Collect$$libinit$$00000032)
    __rt_lib_init_fp_trap_1                  0x08000203   Thumb Code     0  libinit2.o(.ARM.Collect$$libinit$$00000021)
    __rt_lib_init_getenv_1                   0x08000203   Thumb Code     0  libinit2.o(.ARM.Collect$$libinit$$00000025)
    __rt_lib_init_heap_1                     0x08000203   Thumb Code     0  libinit2.o(.ARM.Collect$$libinit$$0000000C)
    __rt_lib_init_lc_collate_1               0x08000203   Thumb Code     0  libinit2.o(.ARM.Collect$$libinit$$00000013)
    __rt_lib_init_lc_ctype_1                 0x08000203   Thumb Code     0  libinit2.o(.ARM.Collect$$libinit$$00000015)
    __rt_lib_init_lc_monetary_1              0x08000203   Thumb Code     0  libinit2.o(.ARM.Collect$$libinit$$00000017)
    __rt_lib_init_lc_numeric_1               0x08000203   Thumb Code     0  libinit2.o(.ARM.Collect$$libinit$$00000019)
    __rt_lib_init_lc_time_1                  0x08000203   Thumb Code     0  libinit2.o(.ARM.Collect$$libinit$$0000001B)
    __rt_lib_init_preinit_1                  0x08000203   Thumb Code     0  libinit2.o(.ARM.Collect$$libinit$$00000006)
    __rt_lib_init_rand_1                     0x08000203   Thumb Code     0  libinit2.o(.ARM.Collect$$libinit$$00000010)
    __rt_lib_init_relocate_pie_1             0x08000203   Thumb Code     0  libinit2.o(.ARM.Collect$$libinit$$00000004)
    __rt_lib_init_return                     0x08000203   Thumb Code     0  libinit2.o(.ARM.Collect$$libinit$$00000035)
    __rt_lib_init_signal_1                   0x08000203   Thumb Code     0  libinit2.o(.ARM.Collect$$libinit$$0000001F)
    __rt_lib_init_stdio_1                    0x08000203   Thumb Code     0  libinit2.o(.ARM.Collect$$libinit$$00000027)
    __rt_lib_init_user_alloc_1               0x08000203   Thumb Code     0  libinit2.o(.ARM.Collect$$libinit$$0000000E)
    __rt_lib_shutdown                        0x08000205   Thumb Code     0  libshutdown.o(.ARM.Collect$$libshutdown$$00000000)
    __rt_lib_shutdown_cpp_1                  0x08000207   Thumb Code     0  libshutdown2.o(.ARM.Collect$$libshutdown$$00000002)
    __rt_lib_shutdown_fp_trap_1              0x08000207   Thumb Code     0  libshutdown2.o(.ARM.Collect$$libshutdown$$00000007)
    __rt_lib_shutdown_heap_1                 0x08000207   Thumb Code     0  libshutdown2.o(.ARM.Collect$$libshutdown$$0000000F)
    __rt_lib_shutdown_return                 0x08000207   Thumb Code     0  libshutdown2.o(.ARM.Collect$$libshutdown$$00000010)
    __rt_lib_shutdown_signal_1               0x08000207   Thumb Code     0  libshutdown2.o(.ARM.Collect$$libshutdown$$0000000A)
    __rt_lib_shutdown_stdio_1                0x08000207   Thumb Code     0  libshutdown2.o(.ARM.Collect$$libshutdown$$00000004)
    __rt_lib_shutdown_user_alloc_1           0x08000207   Thumb Code     0  libshutdown2.o(.ARM.Collect$$libshutdown$$0000000C)
    __rt_entry                               0x08000209   Thumb Code     0  __rtentry.o(.ARM.Collect$$rtentry$$00000000)
    __rt_entry_presh_1                       0x08000209   Thumb Code     0  __rtentry2.o(.ARM.Collect$$rtentry$$00000002)
    __rt_entry_sh                            0x08000209   Thumb Code     0  __rtentry4.o(.ARM.Collect$$rtentry$$00000004)
    __rt_entry_li                            0x0800020f   Thumb Code     0  __rtentry2.o(.ARM.Collect$$rtentry$$0000000A)
    __rt_entry_postsh_1                      0x0800020f   Thumb Code     0  __rtentry2.o(.ARM.Collect$$rtentry$$00000009)
    __rt_entry_main                          0x08000213   Thumb Code     0  __rtentry2.o(.ARM.Collect$$rtentry$$0000000D)
    __rt_entry_postli_1                      0x08000213   Thumb Code     0  __rtentry2.o(.ARM.Collect$$rtentry$$0000000C)
    __rt_exit                                0x0800021b   Thumb Code     0  rtexit.o(.ARM.Collect$$rtexit$$00000000)
    __rt_exit_ls                             0x0800021d   Thumb Code     0  rtexit2.o(.ARM.Collect$$rtexit$$00000003)
    __rt_exit_prels_1                        0x0800021d   Thumb Code     0  rtexit2.o(.ARM.Collect$$rtexit$$00000002)
    __rt_exit_exit                           0x08000221   Thumb Code     0  rtexit2.o(.ARM.Collect$$rtexit$$00000004)
    Reset_Handler                            0x08000229   Thumb Code     8  startup_stm32f4xx.o(.text)
    ADC_IRQHandler                           0x08000243   Thumb Code     0  startup_stm32f4xx.o(.text)
    CAN1_RX1_IRQHandler                      0x08000243   Thumb Code     0  startup_stm32f4xx.o(.text)
    CAN1_SCE_IRQHandler                      0x08000243   Thumb Code     0  startup_stm32f4xx.o(.text)
    CAN1_TX_IRQHandler                       0x08000243   Thumb Code     0  startup_stm32f4xx.o(.text)
    CAN2_RX1_IRQHandler                      0x08000243   Thumb Code     0  startup_stm32f4xx.o(.text)
    CAN2_SCE_IRQHandler                      0x08000243   Thumb Code     0  startup_stm32f4xx.o(.text)
    CAN2_TX_IRQHandler                       0x08000243   Thumb Code     0  startup_stm32f4xx.o(.text)
    CRYP_IRQHandler                          0x08000243   Thumb Code     0  startup_stm32f4xx.o(.text)
    DCMI_IRQHandler                          0x08000243   Thumb Code     0  startup_stm32f4xx.o(.text)
    DMA1_Stream0_IRQHandler                  0x08000243   Thumb Code     0  startup_stm32f4xx.o(.text)
    DMA1_Stream1_IRQHandler                  0x08000243   Thumb Code     0  startup_stm32f4xx.o(.text)
    DMA1_Stream2_IRQHandler                  0x08000243   Thumb Code     0  startup_stm32f4xx.o(.text)
    DMA1_Stream3_IRQHandler                  0x08000243   Thumb Code     0  startup_stm32f4xx.o(.text)
    DMA1_Stream4_IRQHandler                  0x08000243   Thumb Code     0  startup_stm32f4xx.o(.text)
    DMA1_Stream5_IRQHandler                  0x08000243   Thumb Code     0  startup_stm32f4xx.o(.text)
    DMA1_Stream7_IRQHandler                  0x08000243   Thumb Code     0  startup_stm32f4xx.o(.text)
    DMA2_Stream0_IRQHandler                  0x08000243   Thumb Code     0  startup_stm32f4xx.o(.text)
    DMA2_Stream1_IRQHandler                  0x08000243   Thumb Code     0  startup_stm32f4xx.o(.text)
    DMA2_Stream2_IRQHandler                  0x08000243   Thumb Code     0  startup_stm32f4xx.o(.text)
    DMA2_Stream3_IRQHandler                  0x08000243   Thumb Code     0  startup_stm32f4xx.o(.text)
    DMA2_Stream4_IRQHandler                  0x08000243   Thumb Code     0  startup_stm32f4xx.o(.text)
    DMA2_Stream5_IRQHandler                  0x08000243   Thumb Code     0  startup_stm32f4xx.o(.text)
    DMA2_Stream6_IRQHandler                  0x08000243   Thumb Code     0  startup_stm32f4xx.o(.text)
    ETH_IRQHandler                           0x08000243   Thumb Code     0  startup_stm32f4xx.o(.text)
    ETH_WKUP_IRQHandler                      0x08000243   Thumb Code     0  startup_stm32f4xx.o(.text)
    EXTI0_IRQHandler                         0x08000243   Thumb Code     0  startup_stm32f4xx.o(.text)
    EXTI15_10_IRQHandler                     0x08000243   Thumb Code     0  startup_stm32f4xx.o(.text)
    EXTI1_IRQHandler                         0x08000243   Thumb Code     0  startup_stm32f4xx.o(.text)
    EXTI2_IRQHandler                         0x08000243   Thumb Code     0  startup_stm32f4xx.o(.text)
    EXTI3_IRQHandler                         0x08000243   Thumb Code     0  startup_stm32f4xx.o(.text)
    EXTI4_IRQHandler                         0x08000243   Thumb Code     0  startup_stm32f4xx.o(.text)
    EXTI9_5_IRQHandler                       0x08000243   Thumb Code     0  startup_stm32f4xx.o(.text)
    FLASH_IRQHandler                         0x08000243   Thumb Code     0  startup_stm32f4xx.o(.text)
    FPU_IRQHandler                           0x08000243   Thumb Code     0  startup_stm32f4xx.o(.text)
    FSMC_IRQHandler                          0x08000243   Thumb Code     0  startup_stm32f4xx.o(.text)
    HASH_RNG_IRQHandler                      0x08000243   Thumb Code     0  startup_stm32f4xx.o(.text)
    I2C1_ER_IRQHandler                       0x08000243   Thumb Code     0  startup_stm32f4xx.o(.text)
    I2C1_EV_IRQHandler                       0x08000243   Thumb Code     0  startup_stm32f4xx.o(.text)
    I2C2_ER_IRQHandler                       0x08000243   Thumb Code     0  startup_stm32f4xx.o(.text)
    I2C2_EV_IRQHandler                       0x08000243   Thumb Code     0  startup_stm32f4xx.o(.text)
    I2C3_ER_IRQHandler                       0x08000243   Thumb Code     0  startup_stm32f4xx.o(.text)
    I2C3_EV_IRQHandler                       0x08000243   Thumb Code     0  startup_stm32f4xx.o(.text)
    OTG_FS_IRQHandler                        0x08000243   Thumb Code     0  startup_stm32f4xx.o(.text)
    OTG_FS_WKUP_IRQHandler                   0x08000243   Thumb Code     0  startup_stm32f4xx.o(.text)
    OTG_HS_EP1_IN_IRQHandler                 0x08000243   Thumb Code     0  startup_stm32f4xx.o(.text)
    OTG_HS_EP1_OUT_IRQHandler                0x08000243   Thumb Code     0  startup_stm32f4xx.o(.text)
    OTG_HS_IRQHandler                        0x08000243   Thumb Code     0  startup_stm32f4xx.o(.text)
    OTG_HS_WKUP_IRQHandler                   0x08000243   Thumb Code     0  startup_stm32f4xx.o(.text)
    PVD_IRQHandler                           0x08000243   Thumb Code     0  startup_stm32f4xx.o(.text)
    RCC_IRQHandler                           0x08000243   Thumb Code     0  startup_stm32f4xx.o(.text)
    RTC_Alarm_IRQHandler                     0x08000243   Thumb Code     0  startup_stm32f4xx.o(.text)
    RTC_WKUP_IRQHandler                      0x08000243   Thumb Code     0  startup_stm32f4xx.o(.text)
    SDIO_IRQHandler                          0x08000243   Thumb Code     0  startup_stm32f4xx.o(.text)
    SPI1_IRQHandler                          0x08000243   Thumb Code     0  startup_stm32f4xx.o(.text)
    SPI2_IRQHandler                          0x08000243   Thumb Code     0  startup_stm32f4xx.o(.text)
    SPI3_IRQHandler                          0x08000243   Thumb Code     0  startup_stm32f4xx.o(.text)
    TAMP_STAMP_IRQHandler                    0x08000243   Thumb Code     0  startup_stm32f4xx.o(.text)
    TIM1_BRK_TIM9_IRQHandler                 0x08000243   Thumb Code     0  startup_stm32f4xx.o(.text)
    TIM1_CC_IRQHandler                       0x08000243   Thumb Code     0  startup_stm32f4xx.o(.text)
    TIM1_TRG_COM_TIM11_IRQHandler            0x08000243   Thumb Code     0  startup_stm32f4xx.o(.text)
    TIM1_UP_TIM10_IRQHandler                 0x08000243   Thumb Code     0  startup_stm32f4xx.o(.text)
    TIM4_IRQHandler                          0x08000243   Thumb Code     0  startup_stm32f4xx.o(.text)
    TIM5_IRQHandler                          0x08000243   Thumb Code     0  startup_stm32f4xx.o(.text)
    TIM6_DAC_IRQHandler                      0x08000243   Thumb Code     0  startup_stm32f4xx.o(.text)
    TIM7_IRQHandler                          0x08000243   Thumb Code     0  startup_stm32f4xx.o(.text)
    TIM8_BRK_TIM12_IRQHandler                0x08000243   Thumb Code     0  startup_stm32f4xx.o(.text)
    TIM8_CC_IRQHandler                       0x08000243   Thumb Code     0  startup_stm32f4xx.o(.text)
    TIM8_TRG_COM_TIM14_IRQHandler            0x08000243   Thumb Code     0  startup_stm32f4xx.o(.text)
    TIM8_UP_TIM13_IRQHandler                 0x08000243   Thumb Code     0  startup_stm32f4xx.o(.text)
    UART4_IRQHandler                         0x08000243   Thumb Code     0  startup_stm32f4xx.o(.text)
    UART5_IRQHandler                         0x08000243   Thumb Code     0  startup_stm32f4xx.o(.text)
    USART3_IRQHandler                        0x08000243   Thumb Code     0  startup_stm32f4xx.o(.text)
    USART6_IRQHandler                        0x08000243   Thumb Code     0  startup_stm32f4xx.o(.text)
    WWDG_IRQHandler                          0x08000243   Thumb Code     0  startup_stm32f4xx.o(.text)
    __user_initial_stackheap                 0x08000245   Thumb Code     0  startup_stm32f4xx.o(.text)
    OS_CPU_SR_Save                           0x08000269   Thumb Code     0  os_cpu_a.o(.text)
    OS_CPU_SR_Restore                        0x08000271   Thumb Code     0  os_cpu_a.o(.text)
    OSStartHighRdy                           0x08000277   Thumb Code     0  os_cpu_a.o(.text)
    OSCtxSw                                  0x08000297   Thumb Code     0  os_cpu_a.o(.text)
    OSIntCtxSw                               0x080002a1   Thumb Code     0  os_cpu_a.o(.text)
    PendSV_Handler                           0x080002ab   Thumb Code     0  os_cpu_a.o(.text)
    __use_two_region_memory                  0x08000319   Thumb Code     2  heapauxi.o(.text)
    __rt_heap_escrow                         0x0800031b   Thumb Code     2  heapauxi.o(.text)
    __rt_heap_expand                         0x0800031d   Thumb Code     2  heapauxi.o(.text)
    __user_libspace                          0x08000321   Thumb Code     8  libspace.o(.text)
    __user_perproc_libspace                  0x08000321   Thumb Code     0  libspace.o(.text)
    __user_perthread_libspace                0x08000321   Thumb Code     0  libspace.o(.text)
    __I$use$semihosting                      0x08000329   Thumb Code     0  use_no_semi.o(.text)
    __use_no_semihosting_swi                 0x08000329   Thumb Code     2  use_no_semi.o(.text)
    __semihosting_library_function           0x0800032b   Thumb Code     0  indicate_semi.o(.text)
    __user_setup_stackheap                   0x0800032b   Thumb Code    74  sys_stackheap_outer.o(.text)
    exit                                     0x08000375   Thumb Code    18  exit.o(.text)
    _sys_exit                                0x08000389   Thumb Code     8  sys_exit.o(.text)
    BusFault_Handler                         0x08000395   Thumb Code     2  stm32f4xx_it.o(.text.BusFault_Handler)
    CAN1_RX0_IRQHandler                      0x08000399   Thumb Code    48  irqhandler.o(.text.CAN1_RX0_IRQHandler)
    CAN2_RX0_IRQHandler                      0x080003cd   Thumb Code    48  irqhandler.o(.text.CAN2_RX0_IRQHandler)
    CAN_ClearFlag                            0x08000401   Thumb Code    44  stm32f4xx_can.o(.text.CAN_ClearFlag)
    CAN_ClearITPendingBit                    0x08000431   Thumb Code   108  stm32f4xx_can.o(.text.CAN_ClearITPendingBit)
    CAN_GetITStatus                          0x0800049d   Thumb Code   184  stm32f4xx_can.o(.text.CAN_GetITStatus)
    CAN_Receive                              0x08000559   Thumb Code   138  stm32f4xx_can.o(.text.CAN_Receive)
    DMA1_Stream6_IRQHandler                  0x080005e5   Thumb Code    40  irqhandler.o(.text.DMA1_Stream6_IRQHandler)
    DMA2_Stream7_IRQHandler                  0x08000615   Thumb Code    40  irqhandler.o(.text.DMA2_Stream7_IRQHandler)
    DMA_ClearFlag                            0x08000645   Thumb Code    40  stm32f4xx_dma.o(.text.DMA_ClearFlag)
    DMA_ClearITPendingBit                    0x0800066d   Thumb Code    40  stm32f4xx_dma.o(.text.DMA_ClearITPendingBit)
    DMA_GetITStatus                          0x080006a1   Thumb Code    84  stm32f4xx_dma.o(.text.DMA_GetITStatus)
    DebugMon_Handler                         0x08000701   Thumb Code     2  stm32f4xx_it.o(.text.DebugMon_Handler)
    G_output_infoSet                         0x08000705   Thumb Code   100  irqhandler.o(.text.G_output_infoSet)
    HardFault_Handler                        0x08000769   Thumb Code    10  stm32f4xx_it.o(.text.HardFault_Handler)
    MemManage_Handler                        0x08000773   Thumb Code     2  stm32f4xx_it.o(.text.MemManage_Handler)
    NMI_Handler                              0x08000775   Thumb Code     2  stm32f4xx_it.o(.text.NMI_Handler)
    OSIntExit                                0x08000779   Thumb Code    84  os_core.o(.text.OSIntExit)
    OSTaskSwHook                             0x080007d1   Thumb Code     2  os_cpu_c.o(.text.OSTaskSwHook)
    OSTimeTick                               0x080007d5   Thumb Code   140  os_core.o(.text.OSTimeTick)
    OSTimeTickHook                           0x08000861   Thumb Code     2  os_cpu_c.o(.text.OSTimeTickHook)
    SVC_Handler                              0x080008b9   Thumb Code     2  stm32f4xx_it.o(.text.SVC_Handler)
    SysTick_Handler                          0x080008bd   Thumb Code    40  os_cpu_c.o(.text.SysTick_Handler)
    SystemInit                               0x080008ed   Thumb Code   208  system_stm32f4xx.o(.text.SystemInit)
    TIM2_IRQHandler                          0x080009d5   Thumb Code    40  irqhandler.o(.text.TIM2_IRQHandler)
    TIM3_IRQHandler                          0x08000a01   Thumb Code    24  irqhandler.o(.text.TIM3_IRQHandler)
    TIM_ClearITPendingBit                    0x08000a1d   Thumb Code     6  stm32f4xx_tim.o(.text.TIM_ClearITPendingBit)
    TIM_GetITStatus                          0x08000a23   Thumb Code    20  stm32f4xx_tim.o(.text.TIM_GetITStatus)
    USART1_IRQHandler                        0x08000a39   Thumb Code    44  irqhandler.o(.text.USART1_IRQHandler)
    USART2_IRQHandler                        0x08000a69   Thumb Code   184  irqhandler.o(.text.USART2_IRQHandler)
    USART_ClearFlag                          0x08000b31   Thumb Code     6  stm32f4xx_usart.o(.text.USART_ClearFlag)
    USART_ClearITPendingBit                  0x08000b37   Thumb Code    14  stm32f4xx_usart.o(.text.USART_ClearITPendingBit)
    USART_GetITStatus                        0x08000b45   Thumb Code    48  stm32f4xx_usart.o(.text.USART_GetITStatus)
    USART_ReceiveData                        0x08000b75   Thumb Code     8  stm32f4xx_usart.o(.text.USART_ReceiveData)
    UsageFault_Handler                       0x08000b7d   Thumb Code     2  stm32f4xx_it.o(.text.UsageFault_Handler)
    calc_checksum                            0x08000b7f   Thumb Code    46  yesense.o(.text.calc_checksum)
    check_data_len_by_id                     0x08000bad   Thumb Code   652  yesense.o(.text.check_data_len_by_id)
    delay_ms                                 0x08000e39   Thumb Code     2  delay.o(.text.delay_ms)
    get_signed_int                           0x08000e3b   Thumb Code     4  yesense.o(.text.get_signed_int)
    main                                     0x08000e3f   Thumb Code     4  main.o(.text.main)
    yesenseAnalyze                           0x08000e43   Thumb Code   150  yesense.o(.text.yesenseAnalyze)
    _fp_init                                 0x08000ed9   Thumb Code    22  fpinit.o(x$fpl$fpinit)
    __fplib_config_fpu_vfp                   0x08000eed   Thumb Code     0  fpinit.o(x$fpl$fpinit)
    __fplib_config_pureend_doubles           0x08000eed   Thumb Code     0  fpinit.o(x$fpl$fpinit)
    OSUnMapTbl                               0x08000eee   Data         256  os_core.o(.rodata.OSUnMapTbl)
    Region$$Table$$Base                      0x08000ff0   Number         0  anon$$obj.o(Region$$Table)
    Region$$Table$$Limit                     0x08001010   Number         0  anon$$obj.o(Region$$Table)
    Data_len                                 0x20000000   Data           2  irqhandler.o(.data..L_MergedGlobals)
    Data_Yesense                             0x20000002   Data          98  irqhandler.o(.data..L_MergedGlobals)
    __libspace_start                         0x20000068   Data          96  libspace.o(.bss)
    __temporary_stack_top$libspace           0x200000c8   Data           0  libspace.o(.bss)
    yesenseTimer                             0x200000c8   Data           4  yesense.o(.bss..L_MergedGlobals)
    OSRunning                                0x200000d8   Data           1  os_core.o(.bss..L_MergedGlobals)
    OSIntNesting                             0x200000d9   Data           1  os_core.o(.bss..L_MergedGlobals)
    OSLockNesting                            0x200000da   Data           1  os_core.o(.bss..L_MergedGlobals)
    OSPrioHighRdy                            0x200000db   Data           1  os_core.o(.bss..L_MergedGlobals)
    OSPrioCur                                0x200000dc   Data           1  os_core.o(.bss..L_MergedGlobals)
    OSStatRdy                                0x200000dd   Data           1  os_core.o(.bss..L_MergedGlobals)
    OSTickStepState                          0x200000de   Data           1  os_core.o(.bss..L_MergedGlobals)
    OSRdyGrp                                 0x200000df   Data           1  os_core.o(.bss..L_MergedGlobals)
    OSCPUUsage                               0x200000e0   Data           1  os_core.o(.bss..L_MergedGlobals)
    OSTaskCtr                                0x200000e1   Data           1  os_core.o(.bss..L_MergedGlobals)
    OSTCBHighRdy                             0x200000e4   Data           4  os_core.o(.bss..L_MergedGlobals)
    OSCtxSwCtr                               0x200000e8   Data           4  os_core.o(.bss..L_MergedGlobals)
    OSTCBCur                                 0x200000ec   Data           4  os_core.o(.bss..L_MergedGlobals)
    OSIdleCtr                                0x200000f0   Data           4  os_core.o(.bss..L_MergedGlobals)
    OSIdleCtrMax                             0x200000f4   Data           4  os_core.o(.bss..L_MergedGlobals)
    OSTime                                   0x200000f8   Data           4  os_core.o(.bss..L_MergedGlobals)
    OSTCBList                                0x200000fc   Data           4  os_core.o(.bss..L_MergedGlobals)
    OSIdleCtrRun                             0x20000100   Data           4  os_core.o(.bss..L_MergedGlobals)
    OSTCBFreeList                            0x20000104   Data           4  os_core.o(.bss..L_MergedGlobals)
    OSEventFreeList                          0x20000108   Data           4  os_core.o(.bss..L_MergedGlobals)
    OSRdyTbl                                 0x2000010c   Data           8  os_core.o(.bss..L_MergedGlobals)
    HEAD_FLAG                                0x20000114   Data           1  irqhandler.o(.bss..L_MergedGlobals.1)
    RX_FLAG                                  0x20000115   Data           1  irqhandler.o(.bss..L_MergedGlobals.1)
    n                                        0x20000116   Data           1  irqhandler.o(.bss..L_MergedGlobals.1)
    res                                      0x20000118   Data           4  irqhandler.o(.bss..L_MergedGlobals.1)
    yaw_last                                 0x2000011c   Data           4  irqhandler.o(.bss..L_MergedGlobals.1)
    yaw_now                                  0x20000120   Data           4  irqhandler.o(.bss..L_MergedGlobals.1)
    GolbalTimer                              0x20000124   Data           4  tim.o(.bss.GolbalTimer)
    OSTCBPrioTbl                             0x20000128   Data         256  os_core.o(.bss.OSTCBPrioTbl)
    robot                                    0x20000228   Data           4  robot.o(.bss.robot)
    tick_ms                                  0x2000022c   Data           4  os_cpu_c.o(.bss.tick_ms)



==============================================================================

Memory Map of the image

  Image Entry point : 0x08000189

  Load Region LR_IROM1 (Base: 0x08000000, Size: 0x00001078, Max: 0x00100000, ABSOLUTE)

    Execution Region ER_IROM1 (Exec base: 0x08000000, Load base: 0x08000000, Size: 0x00001010, Max: 0x00100000, ABSOLUTE)

    Exec Addr    Load Addr    Size         Type   Attr      Idx    E Section Name        Object

    0x08000000   0x08000000   0x00000188   Data   RO         1453    RESET               startup_stm32f4xx.o
    0x08000188   0x08000188   0x00000008   Code   RO         2050  * !!!main             c_w.l(__main.o)
    0x08000190   0x08000190   0x00000034   Code   RO         2380    !!!scatter          c_w.l(__scatter.o)
    0x080001c4   0x080001c4   0x0000001a   Code   RO         2382    !!handler_copy      c_w.l(__scatter_copy.o)
    0x080001de   0x080001de   0x00000002   PAD
    0x080001e0   0x080001e0   0x0000001c   Code   RO         2384    !!handler_zi        c_w.l(__scatter_zi.o)
    0x080001fc   0x080001fc   0x00000002   Code   RO         2313    .ARM.Collect$$libinit$$00000000  c_w.l(libinit.o)
    0x080001fe   0x080001fe   0x00000004   Code   RO         2126    .ARM.Collect$$libinit$$00000001  c_w.l(libinit2.o)
    0x08000202   0x08000202   0x00000000   Code   RO         2129    .ARM.Collect$$libinit$$00000004  c_w.l(libinit2.o)
    0x08000202   0x08000202   0x00000000   Code   RO         2131    .ARM.Collect$$libinit$$00000006  c_w.l(libinit2.o)
    0x08000202   0x08000202   0x00000000   Code   RO         2134    .ARM.Collect$$libinit$$0000000C  c_w.l(libinit2.o)
    0x08000202   0x08000202   0x00000000   Code   RO         2136    .ARM.Collect$$libinit$$0000000E  c_w.l(libinit2.o)
    0x08000202   0x08000202   0x00000000   Code   RO         2138    .ARM.Collect$$libinit$$00000010  c_w.l(libinit2.o)
    0x08000202   0x08000202   0x00000000   Code   RO         2141    .ARM.Collect$$libinit$$00000013  c_w.l(libinit2.o)
    0x08000202   0x08000202   0x00000000   Code   RO         2143    .ARM.Collect$$libinit$$00000015  c_w.l(libinit2.o)
    0x08000202   0x08000202   0x00000000   Code   RO         2145    .ARM.Collect$$libinit$$00000017  c_w.l(libinit2.o)
    0x08000202   0x08000202   0x00000000   Code   RO         2147    .ARM.Collect$$libinit$$00000019  c_w.l(libinit2.o)
    0x08000202   0x08000202   0x00000000   Code   RO         2149    .ARM.Collect$$libinit$$0000001B  c_w.l(libinit2.o)
    0x08000202   0x08000202   0x00000000   Code   RO         2151    .ARM.Collect$$libinit$$0000001D  c_w.l(libinit2.o)
    0x08000202   0x08000202   0x00000000   Code   RO         2153    .ARM.Collect$$libinit$$0000001F  c_w.l(libinit2.o)
    0x08000202   0x08000202   0x00000000   Code   RO         2155    .ARM.Collect$$libinit$$00000021  c_w.l(libinit2.o)
    0x08000202   0x08000202   0x00000000   Code   RO         2157    .ARM.Collect$$libinit$$00000023  c_w.l(libinit2.o)
    0x08000202   0x08000202   0x00000000   Code   RO         2159    .ARM.Collect$$libinit$$00000025  c_w.l(libinit2.o)
    0x08000202   0x08000202   0x00000000   Code   RO         2161    .ARM.Collect$$libinit$$00000027  c_w.l(libinit2.o)
    0x08000202   0x08000202   0x00000000   Code   RO         2165    .ARM.Collect$$libinit$$0000002E  c_w.l(libinit2.o)
    0x08000202   0x08000202   0x00000000   Code   RO         2167    .ARM.Collect$$libinit$$00000030  c_w.l(libinit2.o)
    0x08000202   0x08000202   0x00000000   Code   RO         2169    .ARM.Collect$$libinit$$00000032  c_w.l(libinit2.o)
    0x08000202   0x08000202   0x00000000   Code   RO         2171    .ARM.Collect$$libinit$$00000034  c_w.l(libinit2.o)
    0x08000202   0x08000202   0x00000002   Code   RO         2172    .ARM.Collect$$libinit$$00000035  c_w.l(libinit2.o)
    0x08000204   0x08000204   0x00000002   Code   RO         2377    .ARM.Collect$$libshutdown$$00000000  c_w.l(libshutdown.o)
    0x08000206   0x08000206   0x00000000   Code   RO         2333    .ARM.Collect$$libshutdown$$00000002  c_w.l(libshutdown2.o)
    0x08000206   0x08000206   0x00000000   Code   RO         2335    .ARM.Collect$$libshutdown$$00000004  c_w.l(libshutdown2.o)
    0x08000206   0x08000206   0x00000000   Code   RO         2338    .ARM.Collect$$libshutdown$$00000007  c_w.l(libshutdown2.o)
    0x08000206   0x08000206   0x00000000   Code   RO         2341    .ARM.Collect$$libshutdown$$0000000A  c_w.l(libshutdown2.o)
    0x08000206   0x08000206   0x00000000   Code   RO         2343    .ARM.Collect$$libshutdown$$0000000C  c_w.l(libshutdown2.o)
    0x08000206   0x08000206   0x00000000   Code   RO         2346    .ARM.Collect$$libshutdown$$0000000F  c_w.l(libshutdown2.o)
    0x08000206   0x08000206   0x00000002   Code   RO         2347    .ARM.Collect$$libshutdown$$00000010  c_w.l(libshutdown2.o)
    0x08000208   0x08000208   0x00000000   Code   RO         2090    .ARM.Collect$$rtentry$$00000000  c_w.l(__rtentry.o)
    0x08000208   0x08000208   0x00000000   Code   RO         2239    .ARM.Collect$$rtentry$$00000002  c_w.l(__rtentry2.o)
    0x08000208   0x08000208   0x00000006   Code   RO         2251    .ARM.Collect$$rtentry$$00000004  c_w.l(__rtentry4.o)
    0x0800020e   0x0800020e   0x00000000   Code   RO         2241    .ARM.Collect$$rtentry$$00000009  c_w.l(__rtentry2.o)
    0x0800020e   0x0800020e   0x00000004   Code   RO         2242    .ARM.Collect$$rtentry$$0000000A  c_w.l(__rtentry2.o)
    0x08000212   0x08000212   0x00000000   Code   RO         2244    .ARM.Collect$$rtentry$$0000000C  c_w.l(__rtentry2.o)
    0x08000212   0x08000212   0x00000008   Code   RO         2245    .ARM.Collect$$rtentry$$0000000D  c_w.l(__rtentry2.o)
    0x0800021a   0x0800021a   0x00000002   Code   RO         2320    .ARM.Collect$$rtexit$$00000000  c_w.l(rtexit.o)
    0x0800021c   0x0800021c   0x00000000   Code   RO         2353    .ARM.Collect$$rtexit$$00000002  c_w.l(rtexit2.o)
    0x0800021c   0x0800021c   0x00000004   Code   RO         2354    .ARM.Collect$$rtexit$$00000003  c_w.l(rtexit2.o)
    0x08000220   0x08000220   0x00000006   Code   RO         2355    .ARM.Collect$$rtexit$$00000004  c_w.l(rtexit2.o)
    0x08000226   0x08000226   0x00000002   PAD
    0x08000228   0x08000228   0x00000040   Code   RO         1454    .text               startup_stm32f4xx.o
    0x08000268   0x08000268   0x000000b0   Code   RO         1785    .text               os_cpu_a.o
    0x08000318   0x08000318   0x00000006   Code   RO         2048    .text               c_w.l(heapauxi.o)
    0x0800031e   0x0800031e   0x00000002   PAD
    0x08000320   0x08000320   0x00000008   Code   RO         2235    .text               c_w.l(libspace.o)
    0x08000328   0x08000328   0x00000002   Code   RO         2285    .text               c_w.l(use_no_semi.o)
    0x0800032a   0x0800032a   0x00000000   Code   RO         2287    .text               c_w.l(indicate_semi.o)
    0x0800032a   0x0800032a   0x0000004a   Code   RO         2288    .text               c_w.l(sys_stackheap_outer.o)
    0x08000374   0x08000374   0x00000012   Code   RO         2294    .text               c_w.l(exit.o)
    0x08000386   0x08000386   0x00000002   PAD
    0x08000388   0x08000388   0x0000000c   Code   RO         2316    .text               c_w.l(sys_exit.o)
    0x08000394   0x08000394   0x00000002   Code   RO          832    .text.BusFault_Handler  stm32f4xx_it.o
    0x08000396   0x08000396   0x00000002   PAD
    0x08000398   0x08000398   0x00000034   Code   RO           25    .text.CAN1_RX0_IRQHandler  irqhandler.o
    0x080003cc   0x080003cc   0x00000034   Code   RO           27    .text.CAN2_RX0_IRQHandler  irqhandler.o
    0x08000400   0x08000400   0x00000030   Code   RO          628    .text.CAN_ClearFlag  stm32f4xx_can.o
    0x08000430   0x08000430   0x0000006c   Code   RO          632    .text.CAN_ClearITPendingBit  stm32f4xx_can.o
    0x0800049c   0x0800049c   0x000000bc   Code   RO          630    .text.CAN_GetITStatus  stm32f4xx_can.o
    0x08000558   0x08000558   0x0000008a   Code   RO          606    .text.CAN_Receive   stm32f4xx_can.o
    0x080005e2   0x080005e2   0x00000002   PAD
    0x080005e4   0x080005e4   0x00000030   Code   RO           15    .text.DMA1_Stream6_IRQHandler  irqhandler.o
    0x08000614   0x08000614   0x00000030   Code   RO           13    .text.DMA2_Stream7_IRQHandler  irqhandler.o
    0x08000644   0x08000644   0x00000028   Code   RO          672    .text.DMA_ClearFlag  stm32f4xx_dma.o
    0x0800066c   0x0800066c   0x00000034   Code   RO          678    .text.DMA_ClearITPendingBit  stm32f4xx_dma.o
    0x080006a0   0x080006a0   0x00000060   Code   RO          676    .text.DMA_GetITStatus  stm32f4xx_dma.o
    0x08000700   0x08000700   0x00000002   Code   RO          838    .text.DebugMon_Handler  stm32f4xx_it.o
    0x08000702   0x08000702   0x00000002   PAD
    0x08000704   0x08000704   0x00000064   Code   RO           11    .text.G_output_infoSet  irqhandler.o
    0x08000768   0x08000768   0x0000000a   Code   RO          828    .text.HardFault_Handler  stm32f4xx_it.o
    0x08000772   0x08000772   0x00000002   Code   RO          830    .text.MemManage_Handler  stm32f4xx_it.o
    0x08000774   0x08000774   0x00000002   Code   RO          826    .text.NMI_Handler   stm32f4xx_it.o
    0x08000776   0x08000776   0x00000002   PAD
    0x08000778   0x08000778   0x00000058   Code   RO         1465    .text.OSIntExit     os_core.o
    0x080007d0   0x080007d0   0x00000002   Code   RO         1805    .text.OSTaskSwHook  os_cpu_c.o
    0x080007d2   0x080007d2   0x00000002   PAD
    0x080007d4   0x080007d4   0x0000008c   Code   RO         1479    .text.OSTimeTick    os_core.o
    0x08000860   0x08000860   0x00000002   Code   RO         1809    .text.OSTimeTickHook  os_cpu_c.o
    0x08000862   0x08000862   0x00000002   PAD
    0x08000864   0x08000864   0x00000020   Code   RO         1467    .text.OS_SchedNew   os_core.o
    0x08000884   0x08000884   0x0000000a   Code   RO           29    .text.OUTLINED_FUNCTION_0  irqhandler.o
    0x0800088e   0x0800088e   0x0000000a   Code   RO          271    .text.OUTLINED_FUNCTION_0  yesense.o
    0x08000898   0x08000898   0x0000000e   Code   RO         1507    .text.OUTLINED_FUNCTION_0  os_core.o
    0x080008a6   0x080008a6   0x00000012   Code   RO          273    .text.OUTLINED_FUNCTION_1  yesense.o
    0x080008b8   0x080008b8   0x00000002   Code   RO          836    .text.SVC_Handler   stm32f4xx_it.o
    0x080008ba   0x080008ba   0x00000002   PAD
    0x080008bc   0x080008bc   0x00000030   Code   RO         1811    .text.SysTick_Handler  os_cpu_c.o
    0x080008ec   0x080008ec   0x000000e8   Code   RO         1438    .text.SystemInit    system_stm32f4xx.o
    0x080009d4   0x080009d4   0x0000002c   Code   RO           21    .text.TIM2_IRQHandler  irqhandler.o
    0x08000a00   0x08000a00   0x0000001c   Code   RO           23    .text.TIM3_IRQHandler  irqhandler.o
    0x08000a1c   0x08000a1c   0x00000006   Code   RO         1246    .text.TIM_ClearITPendingBit  stm32f4xx_tim.o
    0x08000a22   0x08000a22   0x00000014   Code   RO         1244    .text.TIM_GetITStatus  stm32f4xx_tim.o
    0x08000a36   0x08000a36   0x00000002   PAD
    0x08000a38   0x08000a38   0x00000030   Code   RO           17    .text.USART1_IRQHandler  irqhandler.o
    0x08000a68   0x08000a68   0x000000c8   Code   RO           19    .text.USART2_IRQHandler  irqhandler.o
    0x08000b30   0x08000b30   0x00000006   Code   RO         1358    .text.USART_ClearFlag  stm32f4xx_usart.o
    0x08000b36   0x08000b36   0x0000000e   Code   RO         1362    .text.USART_ClearITPendingBit  stm32f4xx_usart.o
    0x08000b44   0x08000b44   0x00000030   Code   RO         1360    .text.USART_GetITStatus  stm32f4xx_usart.o
    0x08000b74   0x08000b74   0x00000008   Code   RO         1326    .text.USART_ReceiveData  stm32f4xx_usart.o
    0x08000b7c   0x08000b7c   0x00000002   Code   RO          834    .text.UsageFault_Handler  stm32f4xx_it.o
    0x08000b7e   0x08000b7e   0x0000002e   Code   RO          269    .text.calc_checksum  yesense.o
    0x08000bac   0x08000bac   0x0000028c   Code   RO          263    .text.check_data_len_by_id  yesense.o
    0x08000e38   0x08000e38   0x00000002   Code   RO          330    .text.delay_ms      delay.o
    0x08000e3a   0x08000e3a   0x00000004   Code   RO          265    .text.get_signed_int  yesense.o
    0x08000e3e   0x08000e3e   0x00000004   Code   RO            2    .text.main          main.o
    0x08000e42   0x08000e42   0x00000096   Code   RO          267    .text.yesenseAnalyze  yesense.o
    0x08000ed8   0x08000ed8   0x00000016   Code   RO         2281    x$fpl$fpinit        g_wm.l(fpinit.o)
    0x08000eee   0x08000eee   0x00000100   Data   RO         1509    .rodata.OSUnMapTbl  os_core.o
    0x08000fee   0x08000fee   0x00000002   PAD
    0x08000ff0   0x08000ff0   0x00000020   Data   RO         2379    Region$$Table       anon$$obj.o


    Execution Region RW_IRAM1 (Exec base: 0x20000000, Load base: 0x08001010, Size: 0x0000b230, Max: 0x00020000, ABSOLUTE)

    Exec Addr    Load Addr    Size         Type   Attr      Idx    E Section Name        Object

    0x20000000   0x08001010   0x00000064   Data   RW           31    .data..L_MergedGlobals  irqhandler.o
    0x20000064   0x08001074   0x00000004   PAD
    0x20000068        -       0x00000060   Zero   RW         2236    .bss                c_w.l(libspace.o)
    0x200000c8        -       0x00000010   Zero   RW          275    .bss..L_MergedGlobals  yesense.o
    0x200000d8        -       0x0000003c   Zero   RW         1522    .bss..L_MergedGlobals  os_core.o
    0x20000114        -       0x00000010   Zero   RW           32    .bss..L_MergedGlobals.1  irqhandler.o
    0x20000124        -       0x00000004   Zero   RW          422    .bss.GolbalTimer    tim.o
    0x20000128        -       0x00000100   Zero   RW         1510    .bss.OSTCBPrioTbl   os_core.o
    0x20000228        -       0x00000004   Zero   RW          241    .bss.robot          robot.o
    0x2000022c        -       0x00000004   Zero   RW         1815    .bss.tick_ms        os_cpu_c.o
    0x20000230        -       0x00006000   Zero   RW         1452    HEAP                startup_stm32f4xx.o
    0x20006230        -       0x00005000   Zero   RW         1451    STACK               startup_stm32f4xx.o


==============================================================================

Image component sizes


      Code (inc. data)   RO Data    RW Data    ZI Data      Debug   Object Name

         2          0          0          0          0        824   delay.o
       630         64          0        100         16       5571   irqhandler.o
         4          0          0          0          0        357   main.o
       274         12        256          0        316      10329   os_core.o
       176         32          0          0          0        300   os_cpu_a.o
        52          8          0          0          4       8168   os_cpu_c.o
         0          0          0          0          4       5642   robot.o
        64         26        392          0      45056        864   startup_stm32f4xx.o
       482         16          0          0          0      10798   stm32f4xx_can.o
       188         24          0          0          0       6518   stm32f4xx_dma.o
        22          0          0          0          0        899   stm32f4xx_it.o
        26          0          0          0          0      25697   stm32f4xx_tim.o
        76          0          0          0          0       8716   stm32f4xx_usart.o
       232         24          0          0          0       3155   system_stm32f4xx.o
         0          0          0          0          4       4108   tim.o
       880         24          0          0         16       4955   yesense.o

    ----------------------------------------------------------------------
      3124        230        682        100      45420      96901   Object Totals
         0          0         32          0          0          0   (incl. Generated)
        16          0          2          0          4          0   (incl. Padding)

    ----------------------------------------------------------------------

      Code (inc. data)   RO Data    RW Data    ZI Data      Debug   Library Member Name

         8          0          0          0          0         68   __main.o
         0          0          0          0          0          0   __rtentry.o
        12          0          0          0          0          0   __rtentry2.o
         6          0          0          0          0          0   __rtentry4.o
        52          8          0          0          0          0   __scatter.o
        26          0          0          0          0          0   __scatter_copy.o
        28          0          0          0          0          0   __scatter_zi.o
        18          0          0          0          0         80   exit.o
         6          0          0          0          0        152   heapauxi.o
         0          0          0          0          0          0   indicate_semi.o
         2          0          0          0          0          0   libinit.o
         6          0          0          0          0          0   libinit2.o
         2          0          0          0          0          0   libshutdown.o
         2          0          0          0          0          0   libshutdown2.o
         8          4          0          0         96         68   libspace.o
         2          0          0          0          0          0   rtexit.o
        10          0          0          0          0          0   rtexit2.o
        12          4          0          0          0         68   sys_exit.o
        74          0          0          0          0         80   sys_stackheap_outer.o
         2          0          0          0          0         68   use_no_semi.o
        22          0          0          0          0        116   fpinit.o

    ----------------------------------------------------------------------
       306         16          0          0         96        700   Library Totals
         8          0          0          0          0          0   (incl. Padding)

    ----------------------------------------------------------------------

      Code (inc. data)   RO Data    RW Data    ZI Data      Debug   Library Name

       276         16          0          0         96        584   c_w.l
        22          0          0          0          0        116   g_wm.l

    ----------------------------------------------------------------------
       306         16          0          0         96        700   Library Totals

    ----------------------------------------------------------------------

==============================================================================


      Code (inc. data)   RO Data    RW Data    ZI Data      Debug   

      3430        246        682        100      45516      97225   Grand Totals
      3430        246        682        100      45516      97225   ELF Image Totals
      3430        246        682        100          0          0   ROM Totals

==============================================================================

    Total RO  Size (Code + RO Data)                 4112 (   4.02kB)
    Total RW  Size (RW Data + ZI Data)             45616 (  44.55kB)
    Total ROM Size (Code + RO Data + RW Data)       4212 (   4.11kB)

==============================================================================

